Archive member included to satisfy reference by file (symbol)

c:/nxp/s32ds.3.5/s32ds/build_tools/gcc_v10.2/gcc-10.2-arm32-eabi/bin/../lib/gcc/arm-none-eabi/10.2.0/../../../../arm-none-eabi/lib/thumb/v7e-m+fp/hard\libc_nano.a(lib_a-memset.o)
                              ./Project_Settings/Startup_Code/startup.o (memset)

Discarded input sections

 .group         0x00000000        0xc ./Project_Settings/Startup_Code/exceptions.o
 .group         0x00000000        0xc ./Project_Settings/Startup_Code/exceptions.o
 .group         0x00000000        0xc ./Project_Settings/Startup_Code/exceptions.o
 .group         0x00000000        0xc ./Project_Settings/Startup_Code/exceptions.o
 .group         0x00000000        0xc ./Project_Settings/Startup_Code/exceptions.o
 .group         0x00000000        0xc ./Project_Settings/Startup_Code/exceptions.o
 .group         0x00000000        0xc ./Project_Settings/Startup_Code/exceptions.o
 .group         0x00000000        0xc ./Project_Settings/Startup_Code/exceptions.o
 .group         0x00000000        0xc ./Project_Settings/Startup_Code/exceptions.o
 .group         0x00000000        0xc ./Project_Settings/Startup_Code/exceptions.o
 .group         0x00000000        0xc ./Project_Settings/Startup_Code/exceptions.o
 .group         0x00000000        0xc ./Project_Settings/Startup_Code/exceptions.o
 .group         0x00000000        0xc ./Project_Settings/Startup_Code/exceptions.o
 .group         0x00000000        0xc ./Project_Settings/Startup_Code/exceptions.o
 .group         0x00000000        0xc ./Project_Settings/Startup_Code/exceptions.o
 .group         0x00000000        0xc ./Project_Settings/Startup_Code/exceptions.o
 .group         0x00000000        0xc ./Project_Settings/Startup_Code/exceptions.o
 .group         0x00000000        0xc ./Project_Settings/Startup_Code/exceptions.o
 .group         0x00000000        0xc ./Project_Settings/Startup_Code/exceptions.o
 .group         0x00000000        0xc ./Project_Settings/Startup_Code/exceptions.o
 .group         0x00000000        0xc ./Project_Settings/Startup_Code/exceptions.o
 .group         0x00000000        0xc ./Project_Settings/Startup_Code/exceptions.o
 .group         0x00000000        0xc ./Project_Settings/Startup_Code/exceptions.o
 .group         0x00000000        0xc ./Project_Settings/Startup_Code/exceptions.o
 .group         0x00000000        0xc ./Project_Settings/Startup_Code/nvic.o
 .group         0x00000000        0xc ./Project_Settings/Startup_Code/nvic.o
 .group         0x00000000        0xc ./Project_Settings/Startup_Code/nvic.o
 .group         0x00000000        0xc ./Project_Settings/Startup_Code/nvic.o
 .group         0x00000000        0xc ./Project_Settings/Startup_Code/nvic.o
 .group         0x00000000        0xc ./Project_Settings/Startup_Code/nvic.o
 .group         0x00000000        0xc ./Project_Settings/Startup_Code/nvic.o
 .group         0x00000000        0xc ./Project_Settings/Startup_Code/nvic.o
 .group         0x00000000        0xc ./Project_Settings/Startup_Code/nvic.o
 .group         0x00000000        0xc ./Project_Settings/Startup_Code/nvic.o
 .group         0x00000000        0xc ./Project_Settings/Startup_Code/nvic.o
 .group         0x00000000        0xc ./Project_Settings/Startup_Code/nvic.o
 .group         0x00000000        0xc ./Project_Settings/Startup_Code/nvic.o
 .group         0x00000000        0xc ./Project_Settings/Startup_Code/nvic.o
 .group         0x00000000        0xc ./Project_Settings/Startup_Code/nvic.o
 .group         0x00000000        0xc ./Project_Settings/Startup_Code/nvic.o
 .group         0x00000000        0xc ./Project_Settings/Startup_Code/nvic.o
 .group         0x00000000        0xc ./Project_Settings/Startup_Code/nvic.o
 .group         0x00000000        0xc ./Project_Settings/Startup_Code/nvic.o
 .group         0x00000000        0xc ./Project_Settings/Startup_Code/nvic.o
 .group         0x00000000        0xc ./Project_Settings/Startup_Code/nvic.o
 .group         0x00000000        0xc ./Project_Settings/Startup_Code/nvic.o
 .group         0x00000000        0xc ./Project_Settings/Startup_Code/nvic.o
 .group         0x00000000        0xc ./Project_Settings/Startup_Code/nvic.o
 .group         0x00000000        0xc ./Project_Settings/Startup_Code/nvic.o
 .group         0x00000000        0xc ./Project_Settings/Startup_Code/nvic.o
 .group         0x00000000        0xc ./Project_Settings/Startup_Code/nvic.o
 .group         0x00000000        0xc ./Project_Settings/Startup_Code/nvic.o
 .group         0x00000000        0xc ./Project_Settings/Startup_Code/nvic.o
 .group         0x00000000        0xc ./Project_Settings/Startup_Code/nvic.o
 .group         0x00000000        0xc ./Project_Settings/Startup_Code/nvic.o
 .group         0x00000000        0xc ./Project_Settings/Startup_Code/nvic.o
 .group         0x00000000        0xc ./Project_Settings/Startup_Code/nvic.o
 .group         0x00000000        0xc ./Project_Settings/Startup_Code/nvic.o
[...]
Memory Configuration

Name             Origin             Length             Attributes
int_sram_results 0x1fff8000         0x00000100
int_sram         0x1fff8100         0x0000df00
int_sram_stack_c0 0x20006000         0x00001000
ram_rsvd2        0x20007000         0x00000000
*default*        0x00000000         0xffffffff

Linker script and memory map

LOAD ./Project_Settings/Startup_Code/Vector_Table.o
LOAD ./Project_Settings/Startup_Code/exceptions.o
LOAD ./Project_Settings/Startup_Code/nvic.o
LOAD ./Project_Settings/Startup_Code/startup.o
LOAD ./Project_Settings/Startup_Code/startup_cm4.o
LOAD ./Project_Settings/Startup_Code/system.o
LOAD ./RTD/src/Adc.o
LOAD ./RTD/src/Adc_Ip.o
LOAD ./RTD/src/Adc_Ip_Irq.o
LOAD ./RTD/src/Adc_Ipw.o
LOAD ./RTD/src/Adc_Ipw_Irq.o
LOAD ./RTD/src/Clock_Ip.o
LOAD ./RTD/src/Clock_Ip_Data.o
LOAD ./RTD/src/Clock_Ip_Divider.o
LOAD ./RTD/src/Clock_Ip_DividerTrigger.o
LOAD ./RTD/src/Clock_Ip_ExtOsc.o
LOAD ./RTD/src/Clock_Ip_FracDiv.o
LOAD ./RTD/src/Clock_Ip_Frequency.o
LOAD ./RTD/src/Clock_Ip_Gate.o
LOAD ./RTD/src/Clock_Ip_IntOsc.o
LOAD ./RTD/src/Clock_Ip_Irq.o
LOAD ./RTD/src/Clock_Ip_Monitor.o
LOAD ./RTD/src/Clock_Ip_Pll.o
LOAD ./RTD/src/Clock_Ip_ProgFreqSwitch.o
LOAD ./RTD/src/Clock_Ip_Selector.o
LOAD ./RTD/src/Clock_Ip_Specific.o
LOAD ./RTD/src/Det.o
LOAD ./RTD/src/Dio.o
LOAD ./RTD/src/Dio_Ipw.o
LOAD ./RTD/src/Ftm_Gpt_Ip.o
LOAD ./RTD/src/Gpio_Dio_Ip.o
LOAD ./RTD/src/Gpt.o
LOAD ./RTD/src/Gpt_Ipw.o
LOAD ./RTD/src/IntCtrl_Ip.o
LOAD ./RTD/src/LPit_Gpt_Ip.o
LOAD ./RTD/src/Lptmr_Gpt_Ip.o
LOAD ./RTD/src/Mcu.o
LOAD ./RTD/src/Mcu_Dem_Wrapper.o
LOAD ./RTD/src/Mcu_Ipw.o
LOAD ./RTD/src/Mcu_Ipw_Irq.o
LOAD ./RTD/src/Mpu_Ip.o
LOAD ./RTD/src/OsIf_Interrupts.o
LOAD ./RTD/src/OsIf_Timer.o
LOAD ./RTD/src/OsIf_Timer_System.o
LOAD ./RTD/src/OsIf_Timer_System_Internal_Systick.o
LOAD ./RTD/src/Pdb_Adc_Ip.o
LOAD ./RTD/src/Pdb_Adc_Ip_Irq.o
LOAD ./RTD/src/Platform.o
LOAD ./RTD/src/Platform_Ipw.o
LOAD ./RTD/src/Port.o
LOAD ./RTD/src/Port_Ci_Port_Ip.o
LOAD ./RTD/src/Port_Ipw.o
LOAD ./RTD/src/Power_Ip.o
LOAD ./RTD/src/Power_Ip_AEC.o
LOAD ./RTD/src/Power_Ip_CortexM4.o
LOAD ./RTD/src/Power_Ip_PMC.o
LOAD ./RTD/src/Power_Ip_PMC_Irq.o
LOAD ./RTD/src/Power_Ip_Private.o
LOAD ./RTD/src/Power_Ip_RCM.o
LOAD ./RTD/src/Power_Ip_RCM_Irq.o
LOAD ./RTD/src/Power_Ip_SIM.o
LOAD ./RTD/src/Power_Ip_SMC.o
LOAD ./RTD/src/Ram_Ip.o
LOAD ./RTD/src/SRtc_Ip.o
LOAD ./RTD/src/SchM_Adc.o
LOAD ./RTD/src/SchM_Dio.o
LOAD ./RTD/src/SchM_Gpt.o
LOAD ./RTD/src/SchM_Mcu.o
LOAD ./RTD/src/SchM_Platform.o
LOAD ./RTD/src/SchM_Port.o
LOAD ./RTD/src/System_Ip.o
LOAD ./board/Port_Ci_Port_Ip_Cfg.o
LOAD ./generate/src/Adc_Cfg.o
LOAD ./generate/src/Adc_Ip_PBcfg.o
LOAD ./generate/src/Adc_Ipw_PBcfg.o
LOAD ./generate/src/Adc_PBcfg.o
LOAD ./generate/src/Clock_Ip_Cfg.o
LOAD ./generate/src/Clock_Ip_PBcfg.o
LOAD ./generate/src/Dio_Cfg.o
LOAD ./generate/src/Ftm_Gpt_Ip_PBcfg.o
LOAD ./generate/src/Gpt_Cfg.o
LOAD ./generate/src/Gpt_Ipw_PBcfg.o
LOAD ./generate/src/Gpt_PBcfg.o
LOAD ./generate/src/IntCtrl_Ip_Cfg.o
LOAD ./generate/src/LPit_Gpt_Ip_PBcfg.o
LOAD ./generate/src/Lptmr_Gpt_Ip_PBcfg.o
LOAD ./generate/src/Mcu_Cfg.o
LOAD ./generate/src/Mcu_PBcfg.o
LOAD ./generate/src/Mpu_Ip_Cfg.o
LOAD ./generate/src/OsIf_Cfg.o
LOAD ./generate/src/Pdb_Adc_Ip_PBcfg.o
LOAD ./generate/src/Platform_Cfg.o
LOAD ./generate/src/Platform_Ipw_Cfg.o
LOAD ./generate/src/Port_Cfg.o
LOAD ./generate/src/Port_Ci_Port_Ip_PBcfg.o
LOAD ./generate/src/Port_PBcfg.o
LOAD ./generate/src/Power_Ip_Cfg.o
LOAD ./generate/src/Power_Ip_PBcfg.o
LOAD ./generate/src/Ram_Ip_Cfg.o
LOAD ./generate/src/Ram_Ip_PBcfg.o
LOAD ./generate/src/SRtc_Ip_PBcfg.o
LOAD ./src/Application.o
LOAD c:/nxp/s32ds.3.5/s32ds/build_tools/gcc_v10.2/gcc-10.2-arm32-eabi/bin/../lib/gcc/arm-none-eabi/10.2.0/../../../../arm-none-eabi/lib/thumb/v7e-m+fp/hard\libc_nano.a
LOAD c:/nxp/s32ds.3.5/s32ds/build_tools/gcc_v10.2/gcc-10.2-arm32-eabi/bin/../lib/gcc/arm-none-eabi/10.2.0/../../../../arm-none-eabi/lib/thumb/v7e-m+fp/hard\libm.a
LOAD c:/nxp/s32ds.3.5/s32ds/build_tools/gcc_v10.2/gcc-10.2-arm32-eabi/bin/../lib/gcc/arm-none-eabi/10.2.0/thumb/v7e-m+fp/hard\libgcc.a
START GROUP
LOAD c:/nxp/s32ds.3.5/s32ds/build_tools/gcc_v10.2/gcc-10.2-arm32-eabi/bin/../lib/gcc/arm-none-eabi/10.2.0/thumb/v7e-m+fp/hard\libgcc.a
LOAD c:/nxp/s32ds.3.5/s32ds/build_tools/gcc_v10.2/gcc-10.2-arm32-eabi/bin/../lib/gcc/arm-none-eabi/10.2.0/../../../../arm-none-eabi/lib/thumb/v7e-m+fp/hard\libg_nano.a
LOAD c:/nxp/s32ds.3.5/s32ds/build_tools/gcc_v10.2/gcc-10.2-arm32-eabi/bin/../lib/gcc/arm-none-eabi/10.2.0/../../../../arm-none-eabi/lib/thumb/v7e-m+fp/hard\libc_nano.a
END GROUP
START GROUP
LOAD c:/nxp/s32ds.3.5/s32ds/build_tools/gcc_v10.2/gcc-10.2-arm32-eabi/bin/../lib/gcc/arm-none-eabi/10.2.0/thumb/v7e-m+fp/hard\libgcc.a
LOAD c:/nxp/s32ds.3.5/s32ds/build_tools/gcc_v10.2/gcc-10.2-arm32-eabi/bin/../lib/gcc/arm-none-eabi/10.2.0/../../../../arm-none-eabi/lib/thumb/v7e-m+fp/hard\libc_nano.a
LOAD c:/nxp/s32ds.3.5/s32ds/build_tools/gcc_v10.2/gcc-10.2-arm32-eabi/bin/../lib/gcc/arm-none-eabi/10.2.0/../../../../arm-none-eabi/lib/thumb/v7e-m+fp/hard\libnosys.a
END GROUP
START GROUP
LOAD c:/nxp/s32ds.3.5/s32ds/build_tools/gcc_v10.2/gcc-10.2-arm32-eabi/bin/../lib/gcc/arm-none-eabi/10.2.0/thumb/v7e-m+fp/hard\libgcc.a
LOAD c:/nxp/s32ds.3.5/s32ds/build_tools/gcc_v10.2/gcc-10.2-arm32-eabi/bin/../lib/gcc/arm-none-eabi/10.2.0/../../../../arm-none-eabi/lib/thumb/v7e-m+fp/hard\libc_nano.a
LOAD c:/nxp/s32ds.3.5/s32ds/build_tools/gcc_v10.2/gcc-10.2-arm32-eabi/bin/../lib/gcc/arm-none-eabi/10.2.0/../../../../arm-none-eabi/lib/thumb/v7e-m+fp/hard\libnosys.a
END GROUP
                0x00000200                HEAP_SIZE = DEFINED (__heap_size__)?__heap_size__:0x200

.sram           0x1fff8100     0xdc94
                0x1fff8800                . = ALIGN (0x800)
 *fill*         0x1fff8100      0x700 
                0x1fff8800                __interrupts_ram_start = .
 *(.intc_vector)
 .intc_vector   0x1fff8800      0x310 ./Project_Settings/Startup_Code/Vector_Table.o
                0x1fff8800                VTABLE
                0x1fff8b10                . = ALIGN (0x4)
                0x1fff8b10                __interrupts_ram_end = .
                0x1fff8b10                . = ALIGN (0x4)
 *(.startup)
 .startup       0x1fff8b10       0xb8 ./Project_Settings/Startup_Code/startup_cm4.o
                0x1fff8b10                Reset_Handler
                0x1fff8b10                _start
                0x1fff8b94                MCAL_LTB_TRACE_OFF
                0x1fff8b96                _end_of_eunit_test
                0x1fff8bc8                . = ALIGN (0x4)
 *(.systeminit)
 .systeminit    0x1fff8bc8        0x2 ./Project_Settings/Startup_Code/exceptions.o
                0x1fff8bc8                NMI_Handler
 *fill*         0x1fff8bca        0x2 
 .systeminit    0x1fff8bcc       0x88 ./Project_Settings/Startup_Code/system.o
                0x1fff8bcc                SystemInit
                0x1fff8c54                . = ALIGN (0x4)
 *(.text.startup)
 .text.startup  0x1fff8c54       0x98 ./src/Application.o
                0x1fff8c54                main
                0x1fff8cec                . = ALIGN (0x4)
 *(.text)
 .text          0x1fff8cec        0x0 ./Project_Settings/Startup_Code/Vector_Table.o
 .text          0x1fff8cec       0x12 ./Project_Settings/Startup_Code/exceptions.o
                0x1fff8cec                HardFault_Handler
                0x1fff8cee                MemManage_Handler
                0x1fff8cf0                BusFault_Handler
                0x1fff8cf2                UsageFault_Handler
                0x1fff8cf4                SVC_Handler
                0x1fff8cf6                DebugMon_Handler
                0x1fff8cf8                PendSV_Handler
                0x1fff8cfa                SysTick_Handler
                0x1fff8cfc                undefined_handler
 *fill*         0x1fff8cfe        0x2 
 .text          0x1fff8d00       0x5c ./Project_Settings/Startup_Code/nvic.o
                0x1fff8d00                NVIC_SetPriorityGrouping
                0x1fff8d14                NVIC_EnableIRQ
                0x1fff8d2c                NVIC_DisableIRQ
                0x1fff8d48                NVIC_SetPriority
 .text          0x1fff8d5c       0x50 ./Project_Settings/Startup_Code/startup.o
                0x1fff8d5c                init_data_bss
 .text          0x1fff8dac        0x0 ./Project_Settings/Startup_Code/startup_cm4.o
 .text          0x1fff8dac        0x8 ./Project_Settings/Startup_Code/system.o
                0x1fff8dac                startup_go_to_user_mode
                0x1fff8dae                default_interrupt_routine
                0x1fff8db0                Sys_GetCoreID
 .text          0x1fff8db4        0x0 ./RTD/src/Adc.o
 .text          0x1fff8db4        0x0 ./RTD/src/Adc_Ip.o
 .text          0x1fff8db4        0x0 ./RTD/src/Adc_Ip_Irq.o
 .text          0x1fff8db4        0x0 ./RTD/src/Adc_Ipw.o
 .text          0x1fff8db4        0x0 ./RTD/src/Adc_Ipw_Irq.o
 .text          0x1fff8db4        0x0 ./RTD/src/Clock_Ip.o
 .text          0x1fff8db4        0x0 ./RTD/src/Clock_Ip_Data.o
 .text          0x1fff8db4        0x0 ./RTD/src/Clock_Ip_Divider.o
 .text          0x1fff8db4        0x0 ./RTD/src/Clock_Ip_DividerTrigger.o
 .text          0x1fff8db4        0x0 ./RTD/src/Clock_Ip_ExtOsc.o
 .text          0x1fff8db4        0x0 ./RTD/src/Clock_Ip_FracDiv.o
 .text          0x1fff8db4        0x0 ./RTD/src/Clock_Ip_Frequency.o
 .text          0x1fff8db4        0x0 ./RTD/src/Clock_Ip_Gate.o
 .text          0x1fff8db4        0x0 ./RTD/src/Clock_Ip_IntOsc.o
 .text          0x1fff8db4        0x0 ./RTD/src/Clock_Ip_Irq.o
 .text          0x1fff8db4        0x0 ./RTD/src/Clock_Ip_Monitor.o
 .text          0x1fff8db4        0x0 ./RTD/src/Clock_Ip_Pll.o
 .text          0x1fff8db4        0x0 ./RTD/src/Clock_Ip_ProgFreqSwitch.o
 .text          0x1fff8db4        0x0 ./RTD/src/Clock_Ip_Selector.o
 .text          0x1fff8db4        0x0 ./RTD/src/Clock_Ip_Specific.o
 .text          0x1fff8db4        0x0 ./RTD/src/Det.o
 .text          0x1fff8db4        0x0 ./RTD/src/Dio.o
 .text          0x1fff8db4        0x0 ./RTD/src/Dio_Ipw.o
 .text          0x1fff8db4        0x0 ./RTD/src/Ftm_Gpt_Ip.o
 .text          0x1fff8db4        0x0 ./RTD/src/Gpio_Dio_Ip.o
 .text          0x1fff8db4        0x0 ./RTD/src/Gpt.o
 .text          0x1fff8db4        0x0 ./RTD/src/Gpt_Ipw.o
 .text          0x1fff8db4       0x14 ./RTD/src/IntCtrl_Ip.o
 .text          0x1fff8dc8       0x88 ./RTD/src/LPit_Gpt_Ip.o
 .text          0x1fff8e50        0x0 ./RTD/src/Lptmr_Gpt_Ip.o
 .text          0x1fff8e50        0x0 ./RTD/src/Mcu.o
 .text          0x1fff8e50        0x0 ./RTD/src/Mcu_Dem_Wrapper.o
 .text          0x1fff8e50        0x0 ./RTD/src/Mcu_Ipw.o
 .text          0x1fff8e50        0x0 ./RTD/src/Mcu_Ipw_Irq.o
 .text          0x1fff8e50       0x14 ./RTD/src/Mpu_Ip.o
 .text          0x1fff8e64        0x0 ./RTD/src/OsIf_Interrupts.o
 .text          0x1fff8e64        0x0 ./RTD/src/OsIf_Timer.o
 .text          0x1fff8e64        0x0 ./RTD/src/OsIf_Timer_System.o
 .text          0x1fff8e64        0x0 ./RTD/src/OsIf_Timer_System_Internal_Systick.o
 .text          0x1fff8e64        0x0 ./RTD/src/Pdb_Adc_Ip.o
 .text          0x1fff8e64        0x0 ./RTD/src/Pdb_Adc_Ip_Irq.o
 .text          0x1fff8e64        0x0 ./RTD/src/Platform.o
 .text          0x1fff8e64        0x0 ./RTD/src/Platform_Ipw.o
 .text          0x1fff8e64        0x0 ./RTD/src/Port.o
 .text          0x1fff8e64       0x14 ./RTD/src/Port_Ci_Port_Ip.o
 .text          0x1fff8e78        0x0 ./RTD/src/Port_Ipw.o
 .text          0x1fff8e78        0x0 ./RTD/src/Power_Ip.o
 .text          0x1fff8e78        0x0 ./RTD/src/Power_Ip_AEC.o
 .text          0x1fff8e78        0x0 ./RTD/src/Power_Ip_CortexM4.o
 .text          0x1fff8e78        0x0 ./RTD/src/Power_Ip_PMC.o
 .text          0x1fff8e78        0x0 ./RTD/src/Power_Ip_PMC_Irq.o
 .text          0x1fff8e78        0x0 ./RTD/src/Power_Ip_Private.o
 .text          0x1fff8e78        0x0 ./RTD/src/Power_Ip_RCM.o
 .text          0x1fff8e78        0x0 ./RTD/src/Power_Ip_RCM_Irq.o
 .text          0x1fff8e78        0x0 ./RTD/src/Power_Ip_SIM.o
 .text          0x1fff8e78        0x0 ./RTD/src/Power_Ip_SMC.o
 .text          0x1fff8e78        0x0 ./RTD/src/Ram_Ip.o
 .text          0x1fff8e78        0x0 ./RTD/src/SRtc_Ip.o
 .text          0x1fff8e78        0x6 ./RTD/src/SchM_Adc.o
                0x1fff8e78                Adc_schm_read_msr
 .text          0x1fff8e7e        0x6 ./RTD/src/SchM_Dio.o
                0x1fff8e7e                Dio_schm_read_msr
 .text          0x1fff8e84        0x6 ./RTD/src/SchM_Gpt.o
                0x1fff8e84                Gpt_schm_read_msr
 .text          0x1fff8e8a        0x6 ./RTD/src/SchM_Mcu.o
                0x1fff8e8a                Mcu_schm_read_msr
 .text          0x1fff8e90        0x6 ./RTD/src/SchM_Platform.o
                0x1fff8e90                Platform_schm_read_msr
 .text          0x1fff8e96        0x6 ./RTD/src/SchM_Port.o
                0x1fff8e96                Port_schm_read_msr
 .text          0x1fff8e9c        0x0 ./RTD/src/System_Ip.o
 .text          0x1fff8e9c        0x0 ./board/Port_Ci_Port_Ip_Cfg.o
 .text          0x1fff8e9c        0x0 ./generate/src/Adc_Cfg.o
 .text          0x1fff8e9c        0x0 ./generate/src/Adc_Ip_PBcfg.o
 .text          0x1fff8e9c        0x0 ./generate/src/Adc_Ipw_PBcfg.o
 .text          0x1fff8e9c        0x0 ./generate/src/Adc_PBcfg.o
 .text          0x1fff8e9c        0x0 ./generate/src/Clock_Ip_Cfg.o
 .text          0x1fff8e9c        0x0 ./generate/src/Clock_Ip_PBcfg.o
 .text          0x1fff8e9c        0x0 ./generate/src/Dio_Cfg.o
 .text          0x1fff8e9c        0x0 ./generate/src/Ftm_Gpt_Ip_PBcfg.o
 .text          0x1fff8e9c        0x0 ./generate/src/Gpt_Cfg.o
 .text          0x1fff8e9c        0x0 ./generate/src/Gpt_Ipw_PBcfg.o
 .text          0x1fff8e9c        0x0 ./generate/src/Gpt_PBcfg.o
 .text          0x1fff8e9c        0x0 ./generate/src/IntCtrl_Ip_Cfg.o
 .text          0x1fff8e9c        0x0 ./generate/src/LPit_Gpt_Ip_PBcfg.o
 .text          0x1fff8e9c        0x0 ./generate/src/Lptmr_Gpt_Ip_PBcfg.o
 .text          0x1fff8e9c        0x0 ./generate/src/Mcu_Cfg.o
 .text          0x1fff8e9c        0x0 ./generate/src/Mcu_PBcfg.o
 .text          0x1fff8e9c        0x0 ./generate/src/Mpu_Ip_Cfg.o
 .text          0x1fff8e9c        0x0 ./generate/src/OsIf_Cfg.o
 .text          0x1fff8e9c        0x0 ./generate/src/Pdb_Adc_Ip_PBcfg.o
 .text          0x1fff8e9c        0x0 ./generate/src/Platform_Cfg.o
 .text          0x1fff8e9c        0x0 ./generate/src/Platform_Ipw_Cfg.o
 .text          0x1fff8e9c        0x0 ./generate/src/Port_Cfg.o
 .text          0x1fff8e9c        0x0 ./generate/src/Port_Ci_Port_Ip_PBcfg.o
 .text          0x1fff8e9c        0x0 ./generate/src/Port_PBcfg.o
 .text          0x1fff8e9c        0x0 ./generate/src/Power_Ip_Cfg.o
 .text          0x1fff8e9c        0x0 ./generate/src/Power_Ip_PBcfg.o
 .text          0x1fff8e9c        0x0 ./generate/src/Ram_Ip_Cfg.o
 .text          0x1fff8e9c        0x0 ./generate/src/Ram_Ip_PBcfg.o
 .text          0x1fff8e9c        0x0 ./generate/src/SRtc_Ip_PBcfg.o
 .text          0x1fff8e9c      0x13c ./src/Application.o
                0x1fff8e9c                App_Alert
                0x1fff8ec0                App_ADCTrigger_Task
                0x1fff8ee8                Gpt_LPIT0_ADCTrigg_Notification
                0x1fff8efc                App_ADCProcess_Task
                0x1fff8f40                Set_Event
                0x1fff8f54                App_ChangeBrightness
                0x1fff8fa0                Gpt_LPIT0_PWM_Notification
 .text          0x1fff8fd8        0x0 c:/nxp/s32ds.3.5/s32ds/build_tools/gcc_v10.2/gcc-10.2-arm32-eabi/bin/../lib/gcc/arm-none-eabi/10.2.0/../../../../arm-none-eabi/lib/thumb/v7e-m+fp/hard\libc_nano.a(lib_a-memset.o)
 *(.text*)
 .text.memset   0x1fff8fd8       0x10 c:/nxp/s32ds.3.5/s32ds/build_tools/gcc_v10.2/gcc-10.2-arm32-eabi/bin/../lib/gcc/arm-none-eabi/10.2.0/../../../../arm-none-eabi/lib/thumb/v7e-m+fp/hard\libc_nano.a(lib_a-memset.o)
                0x1fff8fd8                memset
                0x1fff8fe8                . = ALIGN (0x4)
 *(.mcal_text)
 .mcal_text     0x1fff8fe8      0x65c ./RTD/src/Adc.o
                0x1fff8ff4                Adc_Init
                0x1fff90c4                Adc_SetupResultBuffer
                0x1fff90e8                Adc_DeInit
                0x1fff91f4                Adc_StartGroupConversion
                0x1fff92c8                Adc_StopGroupConversion
                0x1fff93dc                Adc_ReadGroup
                0x1fff9510                Adc_EnableGroupNotification
                0x1fff9524                Adc_DisableGroupNotification
                0x1fff9538                Adc_GetGroupStatus
                0x1fff9548                Adc_GetStreamLastPointer
                0x1fff9630                Adc_GetVersionInfo
 .mcal_text     0x1fff9644      0x784 ./RTD/src/Adc_Ip.o
                0x1fff96d8                Adc_Ip_SetAveraging
                0x1fff9704                Adc_Ip_SetSampleTime
                0x1fff9730                Adc_Ip_EnableDma
                0x1fff9754                Adc_Ip_DisableDma
                0x1fff9778                Adc_Ip_SetTriggerMode
                0x1fff97a8                Adc_Ip_SetContinuousMode
                0x1fff97d8                Adc_Ip_SetResolution
                0x1fff9804                Adc_Ip_SetClockMode
                0x1fff9868                Adc_Ip_ConfigChannel
                0x1fff98bc                Adc_Ip_Init
                0x1fff99d8                Adc_Ip_DeInit
                0x1fff9a3c                Adc_Ip_SetDisabledChannel
                0x1fff9aac                Adc_Ip_StartConversion
                0x1fff9ae4                Adc_Ip_GetConvActiveFlag
                0x1fff9af8                Adc_Ip_GetChanInterrupt
                0x1fff9b0c                Adc_Ip_GetConvCompleteFlag
                0x1fff9b20                Adc_Ip_GetConvData
                0x1fff9b38                Adc_Ip_DoCalibration
                0x1fff9c3c                Adc_Ip_ClearLatchedTriggers
                0x1fff9c98                Adc_Ip_EnableChannelNotification
                0x1fff9cc0                Adc_Ip_DisableChannelNotification
                0x1fff9ce8                Adc_Ip_ClearTrigErrReg
                0x1fff9d0c                Adc_Ip_GetTrigErrReg
                0x1fff9d20                Adc_Ip_GetDataAddress
                0x1fff9d34                Adc_Ip_GetChanData
                0x1fff9d74                Adc_Ip_IRQHandler
 .mcal_text     0x1fff9dc8       0x1c ./RTD/src/Adc_Ip_Irq.o
                0x1fff9dc8                Adc_0_Isr
                0x1fff9dd6                Adc_1_Isr
 .mcal_text     0x1fff9de4      0x710 ./RTD/src/Adc_Ipw.o
                0x1fff9de4                Adc_Ipw_RemoveFromQueue
                0x1fff9e40                Adc_Ipw_CalculateNumsBitShift
                0x1fff9e44                Adc_Ipw_ConfigureConversion
                0x1fffa114                Adc_Ipw_Init
                0x1fffa138                Adc_Ipw_DeInit
                0x1fffa194                Adc_Ipw_StartNormalConversion
                0x1fffa268                Adc_Ipw_StopCurrentConversion
                0x1fffa338                Adc_Ipw_CheckValidConversion
                0x1fffa360                Adc_Ipw_CheckConversionValuesInRange
                0x1fffa3bc                Adc_Ipw_ReadGroup
                0x1fffa4f0                Adc_GetCoreID
 .mcal_text     0x1fffa4f4      0x324 ./RTD/src/Adc_Ipw_Irq.o
                0x1fffa580                Adc_Ipw_Adc0EndConversionNotification
 .mcal_text     0x1fffa818      0x890 ./RTD/src/Clock_Ip.o
                0x1fffa81a                Clock_Ip_InitClock
                0x1fffadf4                Clock_Ip_GetPllStatus
                0x1fffae98                Clock_Ip_DistributePll
                0x1fffaf8c                Clock_Ip_Init
                0x1fffafb0                Clock_Ip_DisableClockMonitor
                0x1fffafd4                Clock_Ip_InstallNotificationsCallback
                0x1fffafe0                Clock_Ip_DisableModuleClock
                0x1fffb008                Clock_Ip_EnableModuleClock
                0x1fffb030                Clock_Ip_PowerModeChangeNotification
                0x1fffb05c                Clock_Ip_GetClockFrequency
                0x1fffb060                Clock_Ip_ReportClockErrors
                0x1fffb06c                Clock_Ip_StartTimeout
                0x1fffb08c                Clock_Ip_TimeoutExpired
 .mcal_text     0x1fffb0a8      0x230 ./RTD/src/Clock_Ip_Divider.o
                0x1fffb0aa                Clock_Ip_SetScgAsyncDiv1_TrustedCall
                0x1fffb0e0                Clock_Ip_SetScgAsyncDiv2_TrustedCall
                0x1fffb118                Clock_Ip_SetScgRunDivcore_TrustedCall
                0x1fffb138                Clock_Ip_SetScgRunDivbus_TrustedCall
                0x1fffb158                Clock_Ip_SetScgRunDivslow_TrustedCall
                0x1fffb178                Clock_Ip_SetScgVlprDivcore_TrustedCall
                0x1fffb198                Clock_Ip_SetScgVlprDivbus_TrustedCall
                0x1fffb1b8                Clock_Ip_SetScgVlprDivslow_TrustedCall
                0x1fffb1d8                Clock_Ip_SetScgHsrunDivcore_TrustedCall
                0x1fffb1f8                Clock_Ip_SetScgHsrunDivbus_TrustedCall
                0x1fffb218                Clock_Ip_SetScgHsrunDivslow_TrustedCall
                0x1fffb238                Clock_Ip_SetSimClkoutDiv_TrustedCall
                0x1fffb25c                Clock_Ip_SetPccPcdDivFrac_TrustedCall
                0x1fffb2a0                Clock_Ip_SetSimTraceDivMul_TrustedCall
 .mcal_text     0x1fffb2d8        0x2 ./RTD/src/Clock_Ip_DividerTrigger.o
 *fill*         0x1fffb2da        0x2 
 .mcal_text     0x1fffb2dc      0x198 ./RTD/src/Clock_Ip_ExtOsc.o
                0x1fffb32c                Clock_Ip_ResetSOSC_TrustedCall
                0x1fffb36c                Clock_Ip_SetSOSC_TrustedCall
                0x1fffb438                Clock_Ip_DisableSOSC_TrustedCall
                0x1fffb450                Clock_Ip_EnableSOSC_TrustedCall
 .mcal_text     0x1fffb474        0x6 ./RTD/src/Clock_Ip_FracDiv.o
 *fill*         0x1fffb47a        0x2 
 .mcal_text     0x1fffb47c      0xb30 ./RTD/src/Clock_Ip_Frequency.o
                0x1fffbf70                Clock_Ip_SetExternalOscillatorFrequency
                0x1fffbf7c                Clock_Ip_GetFreq
                0x1fffbf88                Clock_Ip_SetExternalSignalFrequency
 .mcal_text     0x1fffbfac      0x17c ./RTD/src/Clock_Ip_Gate.o
                0x1fffbfb0                Clock_Ip_ClockSetSimLPO1KEnable_TrustedCall
                0x1fffbfe4                Clock_Ip_ClockSetSimLPO32KEnable_TrustedCall
                0x1fffc01c                Clock_Ip_ClockSetSimClkoutEnable_TrustedCall
                0x1fffc054                Clock_Ip_ClockSetPccCgcEnable_TrustedCall
                0x1fffc0a0                Clock_Ip_ClockSetSimGate_TrustedCall
                0x1fffc0ec                Clock_Ip_ClockSetSimTraceEnable_TrustedCall
 .mcal_text     0x1fffc128      0x414 ./RTD/src/Clock_Ip_IntOsc.o
                0x1fffc17c                Clock_Ip_SetSirc_TrustedCall
                0x1fffc224                Clock_Ip_EnableSirc_TrustedCall
                0x1fffc284                Clock_Ip_DisableSirc_TrustedCall
                0x1fffc2a8                Clock_Ip_SetSircVlp_TrustedCall
                0x1fffc2e4                Clock_Ip_EnableSircVlp_TrustedCall
                0x1fffc308                Clock_Ip_DisableSircVlp_TrustedCall
                0x1fffc320                Clock_Ip_SetSircStop_TrustedCall
                0x1fffc35c                Clock_Ip_EnableSircStop_TrustedCall
                0x1fffc380                Clock_Ip_DisableSircStop_TrustedCall
                0x1fffc398                Clock_Ip_SetFirc_TrustedCall
                0x1fffc4c8                Clock_Ip_EnableFirc_TrustedCall
                0x1fffc524                Clock_Ip_DisableFirc_TrustedCall
 .mcal_text     0x1fffc53c        0x6 ./RTD/src/Clock_Ip_Monitor.o
 *fill*         0x1fffc542        0x2 
 .mcal_text     0x1fffc544      0x150 ./RTD/src/Clock_Ip_Pll.o
                0x1fffc59c                Clock_Ip_ResetSpll_TrustedCall
                0x1fffc5f4                Clock_Ip_SetSpll_TrustedCall
                0x1fffc64c                Clock_Ip_DisableSpll_TrustedCall
                0x1fffc670                Clock_Ip_EnableSpll_TrustedCall
 .mcal_text     0x1fffc694        0x2 ./RTD/src/Clock_Ip_ProgFreqSwitch.o
 *fill*         0x1fffc696        0x2 
 .mcal_text     0x1fffc698      0x354 ./RTD/src/Clock_Ip_Selector.o
                0x1fffc69a                Clock_Ip_ResetScgRunSel_TrustedCall
                0x1fffc6c4                Clock_Ip_SetScgRunSel_TrustedCall
                0x1fffc6f0                Clock_Ip_SetScgVlprSel_TrustedCall
                0x1fffc71c                Clock_Ip_ResetScgHsrunSel_TrustedCall
                0x1fffc744                Clock_Ip_SetScgHsrunSel_TrustedCall
                0x1fffc770                Clock_Ip_ResetSimRtcSel_TrustedCall
                0x1fffc794                Clock_Ip_SetSimRtcSel_TrustedCall
                0x1fffc7bc                Clock_Ip_ResetSimLpoSel_TrustedCall
                0x1fffc7e0                Clock_Ip_SetSimLpoSel_TrustedCall
                0x1fffc808                Clock_Ip_ResetScgClkoutSel_TrustedCall
                0x1fffc82c                Clock_Ip_SetScgClkoutSel_TrustedCall
                0x1fffc854                Clock_Ip_ResetSimFtmoptSel_TrustedCall
                0x1fffc89c                Clock_Ip_SetSimFtmoptSel_TrustedCall
                0x1fffc8e4                Clock_Ip_ResetSimClkoutSel_TrustedCall
                0x1fffc8fc                Clock_Ip_SetSimClkoutSel_TrustedCall
                0x1fffc924                Clock_Ip_ResetPccPcsSelect_TrustedCall
                0x1fffc958                Clock_Ip_SetPccPcsSelect_TrustedCall
                0x1fffc998                Clock_Ip_ResetSimTraceSel_TrustedCall
                0x1fffc9c0                Clock_Ip_SetSimTraceSel_TrustedCall
 .mcal_text     0x1fffc9ec      0x7a0 ./RTD/src/Clock_Ip_Specific.o
                0x1fffcbcc                SetFircToResetValue_TrustedCall
                0x1fffcbe8                SetSimLpoclksRegister_TrustedCall
                0x1fffcc5c                Clock_Ip_ClockPowerModeChangeNotification
                0x1fffce1c                Clock_Ip_Command
 .mcal_text     0x1fffd18c       0xa4 ./RTD/src/Det.o
                0x1fffd18c                Det_Init
                0x1fffd18e                Det_ReportError
                0x1fffd1c4                Det_ReportRuntimeError
                0x1fffd1f8                Det_ReportTransientFault
                0x1fffd22c                Det_Start
 .mcal_text     0x1fffd230       0x18 ./RTD/src/Dio.o
                0x1fffd230                Dio_ReadChannel
                0x1fffd234                Dio_WriteChannel
                0x1fffd238                Dio_ReadPort
                0x1fffd23c                Dio_WritePort
                0x1fffd240                Dio_ReadChannelGroup
                0x1fffd244                Dio_WriteChannelGroup
 .mcal_text     0x1fffd248       0xa4 ./RTD/src/Dio_Ipw.o
                0x1fffd248                Dio_Ipw_ReadChannel
                0x1fffd25c                Dio_Ipw_WriteChannel
                0x1fffd278                Dio_Ipw_ReadPort
                0x1fffd288                Dio_Ipw_WritePort
                0x1fffd298                Dio_Ipw_ReadChannelGroup
                0x1fffd2b8                Dio_Ipw_WriteChannelGroup
 .mcal_text     0x1fffd2ec       0x4c ./RTD/src/Gpio_Dio_Ip.o
                0x1fffd2ec                Gpio_Dio_Ip_WritePin
                0x1fffd310                Gpio_Dio_Ip_WritePins
                0x1fffd314                Gpio_Dio_Ip_GetPinsOutput
                0x1fffd318                Gpio_Dio_Ip_SetPins
                0x1fffd31c                Gpio_Dio_Ip_ClearPins
                0x1fffd320                Gpio_Dio_Ip_TogglePins
                0x1fffd324                Gpio_Dio_Ip_ReadPins
                0x1fffd328                Gpio_Dio_Ip_ReadPin
 .mcal_text     0x1fffd338      0x354 ./RTD/src/Gpt.o
                0x1fffd358                Gpt_Init
                0x1fffd3c4                Gpt_DeInit
                0x1fffd454                Gpt_GetTimeElapsed
                0x1fffd4c4                Gpt_StartTimer
                0x1fffd530                Gpt_StopTimer
                0x1fffd5ac                Gpt_EnableNotification
                0x1fffd5ec                Gpt_DisableNotification
                0x1fffd638                Gpt_ProcessCommonInterrupt
 .mcal_text     0x1fffd68c       0xe0 ./RTD/src/Gpt_Ipw.o
                0x1fffd68c                Gpt_Ipw_InitInstances
                0x1fffd6b6                Gpt_Ipw_Init
                0x1fffd6c6                Gpt_Ipw_StartTimer
                0x1fffd6e0                Gpt_Ipw_GetTimeElapsed
                0x1fffd72c                Gpt_Ipw_StopTimer
                0x1fffd73c                Gpt_Ipw_EnableInterrupt
                0x1fffd74c                Gpt_Ipw_DeInit
                0x1fffd75a                Gpt_Ipw_DisableInterrupt
 .mcal_text     0x1fffd76c      0x1c8 ./RTD/src/IntCtrl_Ip.o
                0x1fffd76c                IntCtrl_Ip_InstallHandlerPrivileged
                0x1fffd7bc                IntCtrl_Ip_EnableIrqPrivileged
                0x1fffd7ec                IntCtrl_Ip_DisableIrqPrivileged
                0x1fffd820                IntCtrl_Ip_SetPriorityPrivileged
                0x1fffd858                IntCtrl_Ip_GetPriorityPrivileged
                0x1fffd880                IntCtrl_Ip_ClearPendingPrivileged
                0x1fffd8b4                IntCtrl_Ip_Init
                0x1fffd91c                IntCtrl_Ip_InstallHandler
                0x1fffd920                IntCtrl_Ip_EnableIrq
                0x1fffd924                IntCtrl_Ip_DisableIrq
                0x1fffd928                IntCtrl_Ip_SetPriority
                0x1fffd92c                IntCtrl_Ip_GetPriority
                0x1fffd930                IntCtrl_Ip_ClearPending
 .mcal_text     0x1fffd934      0x230 ./RTD/src/LPit_Gpt_Ip.o
                0x1fffd94c                Lpit_Gpt_Ip_Init
                0x1fffd9a0                Lpit_Gpt_Ip_InitChannel
                0x1fffda28                Lpit_Gpt_Ip_Deinit
                0x1fffdab8                Lpit_Gpt_Ip_StartTimer
                0x1fffdaf4                Lpit_Gpt_Ip_StopTimer
                0x1fffdb20                Lpit_Gpt_Ip_EnableChInterrupt
                0x1fffdb34                Lpit_Gpt_Ip_DisableChInterrupt
                0x1fffdb48                LPIT_0_CH_0_ISR
                0x1fffdb56                LPIT_0_CH_1_ISR
 .mcal_text     0x1fffdb64       0xc4 ./RTD/src/Mcu.o
                0x1fffdb64                Mcu_Init
                0x1fffdbb4                Mcu_InitRamSection
                0x1fffdbb8                Mcu_InitClock
                0x1fffdbdc                Mcu_SetMode
                0x1fffdc08                Mcu_DistributePllClock
                0x1fffdc12                Mcu_GetPllStatus
                0x1fffdc16                Mcu_GetResetReason
                0x1fffdc1a                Mcu_GetResetRawValue
                0x1fffdc1e                Mcu_GetClockFrequency
                0x1fffdc22                Mcu_SleepOnExit
                0x1fffdc26                Mcu_ClkSrcFailureNotification
 .mcal_text     0x1fffdc28       0x36 ./RTD/src/Mcu_Ipw.o
                0x1fffdc28                Mcu_Ipw_Init
                0x1fffdc2c                Mcu_Ipw_InitClock
                0x1fffdc30                Mcu_Ipw_DistributePllClock
                0x1fffdc34                Mcu_Ipw_GetPllStatus
                0x1fffdc44                MCU_Ipw_GetClockFrequency
                0x1fffdc48                Mcu_Ipw_SetMode
                0x1fffdc4c                Mcu_Ipw_GetResetReason
                0x1fffdc50                Mcu_Ipw_GetResetRawValue
                0x1fffdc54                Mcu_Ipw_SleepOnExit
 *fill*         0x1fffdc5e        0x2 
 .mcal_text     0x1fffdc60      0x324 ./RTD/src/Mpu_Ip.o
                0x1fffdc60                Mpu_Ip_SetRegionConfig_Privileged
                0x1fffdcc0                Mpu_Ip_Deinit_Privileged
                0x1fffdd24                Mpu_Ip_Init_Privileged
                0x1fffdd9c                Mpu_Ip_EnableRegion_Privileged
                0x1fffddd8                Mpu_Ip_SetAccessMode_Privileged
                0x1fffdeb2                Mpu_Ip_GetErrorDetails_Privileged
                0x1fffdf6c                Mpu_Ip_Init
                0x1fffdf70                Mpu_Ip_SetRegionConfig
                0x1fffdf74                Mpu_Ip_Deinit
                0x1fffdf78                Mpu_Ip_EnableRegion
                0x1fffdf7c                Mpu_Ip_SetAccessMode
                0x1fffdf80                Mpu_Ip_GetErrorDetails
 .mcal_text     0x1fffdf84       0x1e ./RTD/src/OsIf_Timer.o
                0x1fffdf84                OsIf_Init
                0x1fffdf8c                OsIf_GetCounter
                0x1fffdf90                OsIf_GetElapsed
                0x1fffdf98                OsIf_SetTimerFrequency
                0x1fffdf9a                OsIf_MicrosToTicks
 .mcal_text     0x1fffdfa2       0x44 ./RTD/src/OsIf_Timer_System_Internal_Systick.o
                0x1fffdfa2                OsIf_Timer_System_Internal_Init
                0x1fffdfb8                OsIf_Timer_System_Internal_GetCounter
                0x1fffdfc4                OsIf_Timer_System_Internal_GetElapsed
 *fill*         0x1fffdfe6        0x2 
 .mcal_text     0x1fffdfe8      0x494 ./RTD/src/Pdb_Adc_Ip.o
                0x1fffe028                Pdb_Adc_Ip_Enable
                0x1fffe048                Pdb_Adc_Ip_Disable
                0x1fffe068                Pdb_Adc_Ip_SetTriggerInput
                0x1fffe094                Pdb_Adc_Ip_SetContinuousMode
                0x1fffe0c0                Pdb_Adc_Ip_SwTrigger
                0x1fffe0e0                Pdb_Adc_Ip_GetTimerValue
                0x1fffe0f0                Pdb_Adc_Ip_LoadRegValues
                0x1fffe110                Pdb_Adc_Ip_SetModulus
                0x1fffe134                Pdb_Adc_Ip_Init
                0x1fffe214                Pdb_Adc_Ip_DeInit
                0x1fffe274                Pdb_Adc_Ip_ConfigAdcPretriggers
                0x1fffe2a4                Pdb_Adc_Ip_GetAdcPretriggerFlags
                0x1fffe2bc                Pdb_Adc_Ip_ClearAdcPretriggerFlags
                0x1fffe2ec                Pdb_Adc_Ip_SetAdcPretriggerBackToBack
                0x1fffe324                Pdb_Adc_Ip_SetAdcPretriggerEnable
                0x1fffe358                Pdb_Adc_Ip_SetAdcPretriggerDelayEnable
                0x1fffe38c                Pdb_Adc_Ip_SetAdcPretriggerDelayValue
                0x1fffe3a8                Pdb_Adc_Ip_DisableAndClearPdb
                0x1fffe410                Pdb_Adc_Ip_IRQHandler
 .mcal_text     0x1fffe47c       0x1c ./RTD/src/Pdb_Adc_Ip_Irq.o
                0x1fffe47c                Pdb_0_Isr
                0x1fffe48a                Pdb_1_Isr
 .mcal_text     0x1fffe498       0xdc ./RTD/src/Platform.o
                0x1fffe498                Platform_Init
                0x1fffe4c4                Platform_SetIrq
                0x1fffe4ee                Platform_SetIrqPriority
                0x1fffe510                Platform_GetIrqPriority
                0x1fffe53a                Platform_InstallIrqHandler
                0x1fffe558                Platform_Mpu_SetRegionConfig
                0x1fffe55c                Platform_Mpu_EnableRegion
                0x1fffe560                Platform_Mpu_SetAccessMode
                0x1fffe564                Platform_Mpu_GetErrorDetails
 .mcal_text     0x1fffe574       0x68 ./RTD/src/Platform_Ipw.o
                0x1fffe574                Platform_Ipw_Init
                0x1fffe5c6                Platform_Ipw_Mpu_Init
                0x1fffe5cc                Platform_Ipw_Mpu_SetRegionConfig
                0x1fffe5d0                Platform_Ipw_Mpu_EnableRegion
                0x1fffe5d4                Platform_Ipw_Mpu_SetAccessMode
                0x1fffe5d8                Platform_Ipw_Mpu_GetErrorDetails
 .mcal_text     0x1fffe5dc       0xe0 ./RTD/src/Port.o
                0x1fffe5dc                Port_Init
                0x1fffe614                Port_SetPinDirection
                0x1fffe644                Port_SetPinMode
                0x1fffe670                Port_RefreshPortDirection
                0x1fffe69c                Port_GetVersionInfo
 .mcal_text     0x1fffe6bc      0x2ec ./RTD/src/Port_Ci_Port_Ip.o
                0x1fffe6bc                Port_Ci_Port_Ip_ConfigureInterleave
                0x1fffe750                Port_Ci_Port_Ip_Init
                0x1fffe8b0                Port_Ci_Port_Ip_SetMuxModeSel
                0x1fffe8fa                Port_Ci_Port_Ip_EnableDigitalFilter
                0x1fffe928                Port_Ci_Port_Ip_DisableDigitalFilter
                0x1fffe958                Port_Ci_Port_Ip_ConfigDigitalFilter
                0x1fffe980                Port_Ci_Port_Ip_SetGlobalPinControl
 .mcal_text     0x1fffe9a8      0x428 ./RTD/src/Port_Ipw.o
                0x1fffe9a8                Port_Ipw_Init
                0x1fffeb14                Port_Ipw_SetPinDirection
                0x1fffebd4                Port_Ipw_SetGpioDirChangeability
                0x1fffec0c                Port_Ipw_SetGpioPadOutput
                0x1fffec4c                Port_Ipw_SetPinMode
                0x1fffed1c                Port_Ipw_RefreshPortDirection
 .mcal_text     0x1fffedd0       0x98 ./RTD/src/Power_Ip.o
                0x1fffedd0                Power_Ip_SetMode
                0x1fffee20                Power_Ip_GetResetReason
                0x1fffee38                Power_Ip_GetResetRawValue
                0x1fffee3c                Power_Ip_Init
                0x1fffee56                Power_Ip_DisableSleepOnExit
                0x1fffee5a                Power_Ip_EnableSleepOnExit
                0x1fffee5e                Power_Ip_InstallNotificationsCallback
 .mcal_text     0x1fffee68       0x40 ./RTD/src/Power_Ip_CortexM4.o
                0x1fffee68                Power_Ip_CM4_DisableSleepOnExit
                0x1fffee78                Power_Ip_CM4_EnableSleepOnExit
                0x1fffee88                Power_Ip_CM4_EnableDeepSleep
                0x1fffee98                Power_Ip_CM4_DisableDeepSleep
 .mcal_text     0x1fffeea8       0x2c ./RTD/src/Power_Ip_PMC.o
                0x1fffeea8                Power_Ip_PMC_PowerInit
 .mcal_text     0x1fffeed4       0x4c ./RTD/src/Power_Ip_Private.o
                0x1fffeed4                Power_Ip_ReportPowerErrors
                0x1fffeee0                Power_Ip_ReportPowerErrorsEmptyCallback
                0x1fffeee2                Power_Ip_StartTimeout
                0x1fffef02                Power_Ip_TimeoutExpired
 .mcal_text     0x1fffef20       0x9c ./RTD/src/Power_Ip_RCM.o
                0x1fffef20                Power_Ip_RCM_ResetInit
                0x1fffef40                Power_Ip_RCM_GetResetReason
                0x1fffef9c                Power_Ip_RCM_GetResetRawValue
 .mcal_text     0x1fffefbc      0x138 ./RTD/src/Power_Ip_SMC.o
                0x1fffefbc                Power_Ip_SMC_AllowedModesConfig
                0x1fffefcc                Power_Ip_SMC_ModeCheckEntry
                0x1ffff008                Power_Ip_SMC_ModeConfig
 .mcal_text     0x1ffff0f4       0xe4 ./RTD/src/Ram_Ip.o
                0x1ffff0f4                Ram_Ip_InitRamSection
 .mcal_text     0x1ffff1d8     0x2648 ./RTD/src/SchM_Adc.o
                0x1ffff1d8                SchM_Enter_Adc_ADC_EXCLUSIVE_AREA_00
                0x1ffff20c                SchM_Exit_Adc_ADC_EXCLUSIVE_AREA_00
                0x1ffff23c                SchM_Enter_Adc_ADC_EXCLUSIVE_AREA_01
                0x1ffff270                SchM_Exit_Adc_ADC_EXCLUSIVE_AREA_01
                0x1ffff2a0                SchM_Enter_Adc_ADC_EXCLUSIVE_AREA_02
                0x1ffff2d4                SchM_Exit_Adc_ADC_EXCLUSIVE_AREA_02
                0x1ffff304                SchM_Enter_Adc_ADC_EXCLUSIVE_AREA_03
                0x1ffff338                SchM_Exit_Adc_ADC_EXCLUSIVE_AREA_03
                0x1ffff368                SchM_Enter_Adc_ADC_EXCLUSIVE_AREA_04
                0x1ffff39c                SchM_Exit_Adc_ADC_EXCLUSIVE_AREA_04
                0x1ffff3cc                SchM_Enter_Adc_ADC_EXCLUSIVE_AREA_05
                0x1ffff400                SchM_Exit_Adc_ADC_EXCLUSIVE_AREA_05
                0x1ffff430                SchM_Enter_Adc_ADC_EXCLUSIVE_AREA_10
                0x1ffff464                SchM_Exit_Adc_ADC_EXCLUSIVE_AREA_10
                0x1ffff494                SchM_Enter_Adc_ADC_EXCLUSIVE_AREA_100
                0x1ffff4c8                SchM_Exit_Adc_ADC_EXCLUSIVE_AREA_100
                0x1ffff4f8                SchM_Enter_Adc_ADC_EXCLUSIVE_AREA_101
                0x1ffff52c                SchM_Exit_Adc_ADC_EXCLUSIVE_AREA_101
                0x1ffff55c                SchM_Enter_Adc_ADC_EXCLUSIVE_AREA_102
                0x1ffff590                SchM_Exit_Adc_ADC_EXCLUSIVE_AREA_102
                0x1ffff5c0                SchM_Enter_Adc_ADC_EXCLUSIVE_AREA_103
                0x1ffff5f4                SchM_Exit_Adc_ADC_EXCLUSIVE_AREA_103
                0x1ffff624                SchM_Enter_Adc_ADC_EXCLUSIVE_AREA_11
                0x1ffff658                SchM_Exit_Adc_ADC_EXCLUSIVE_AREA_11
                0x1ffff688                SchM_Enter_Adc_ADC_EXCLUSIVE_AREA_12
                0x1ffff6bc                SchM_Exit_Adc_ADC_EXCLUSIVE_AREA_12
                0x1ffff6ec                SchM_Enter_Adc_ADC_EXCLUSIVE_AREA_13
                0x1ffff720                SchM_Exit_Adc_ADC_EXCLUSIVE_AREA_13
                0x1ffff750                SchM_Enter_Adc_ADC_EXCLUSIVE_AREA_14
                0x1ffff784                SchM_Exit_Adc_ADC_EXCLUSIVE_AREA_14
                0x1ffff7b4                SchM_Enter_Adc_ADC_EXCLUSIVE_AREA_15
                0x1ffff7e8                SchM_Exit_Adc_ADC_EXCLUSIVE_AREA_15
                0x1ffff818                SchM_Enter_Adc_ADC_EXCLUSIVE_AREA_16
                0x1ffff84c                SchM_Exit_Adc_ADC_EXCLUSIVE_AREA_16
                0x1ffff87c                SchM_Enter_Adc_ADC_EXCLUSIVE_AREA_17
                0x1ffff8b0                SchM_Exit_Adc_ADC_EXCLUSIVE_AREA_17
                0x1ffff8e0                SchM_Enter_Adc_ADC_EXCLUSIVE_AREA_18
                0x1ffff914                SchM_Exit_Adc_ADC_EXCLUSIVE_AREA_18
                0x1ffff944                SchM_Enter_Adc_ADC_EXCLUSIVE_AREA_19
                0x1ffff978                SchM_Exit_Adc_ADC_EXCLUSIVE_AREA_19
                0x1ffff9a8                SchM_Enter_Adc_ADC_EXCLUSIVE_AREA_20
                0x1ffff9dc                SchM_Exit_Adc_ADC_EXCLUSIVE_AREA_20
                0x1ffffa0c                SchM_Enter_Adc_ADC_EXCLUSIVE_AREA_21
                0x1ffffa40                SchM_Exit_Adc_ADC_EXCLUSIVE_AREA_21
                0x1ffffa70                SchM_Enter_Adc_ADC_EXCLUSIVE_AREA_22
                0x1ffffaa4                SchM_Exit_Adc_ADC_EXCLUSIVE_AREA_22
                0x1ffffad4                SchM_Enter_Adc_ADC_EXCLUSIVE_AREA_23
                0x1ffffb08                SchM_Exit_Adc_ADC_EXCLUSIVE_AREA_23
                0x1ffffb38                SchM_Enter_Adc_ADC_EXCLUSIVE_AREA_24
                0x1ffffb6c                SchM_Exit_Adc_ADC_EXCLUSIVE_AREA_24
                0x1ffffb9c                SchM_Enter_Adc_ADC_EXCLUSIVE_AREA_25
                0x1ffffbd0                SchM_Exit_Adc_ADC_EXCLUSIVE_AREA_25
                0x1ffffc00                SchM_Enter_Adc_ADC_EXCLUSIVE_AREA_26
                0x1ffffc34                SchM_Exit_Adc_ADC_EXCLUSIVE_AREA_26
                0x1ffffc64                SchM_Enter_Adc_ADC_EXCLUSIVE_AREA_27
                0x1ffffc98                SchM_Exit_Adc_ADC_EXCLUSIVE_AREA_27
                0x1ffffcc8                SchM_Enter_Adc_ADC_EXCLUSIVE_AREA_28
                0x1ffffcfc                SchM_Exit_Adc_ADC_EXCLUSIVE_AREA_28
                0x1ffffd2c                SchM_Enter_Adc_ADC_EXCLUSIVE_AREA_29
                0x1ffffd60                SchM_Exit_Adc_ADC_EXCLUSIVE_AREA_29
                0x1ffffd90                SchM_Enter_Adc_ADC_EXCLUSIVE_AREA_30
                0x1ffffdc4                SchM_Exit_Adc_ADC_EXCLUSIVE_AREA_30
                0x1ffffdf4                SchM_Enter_Adc_ADC_EXCLUSIVE_AREA_31
                0x1ffffe28                SchM_Exit_Adc_ADC_EXCLUSIVE_AREA_31
                0x1ffffe58                SchM_Enter_Adc_ADC_EXCLUSIVE_AREA_32
                0x1ffffe8c                SchM_Exit_Adc_ADC_EXCLUSIVE_AREA_32
                0x1ffffebc                SchM_Enter_Adc_ADC_EXCLUSIVE_AREA_33
                0x1ffffef0                SchM_Exit_Adc_ADC_EXCLUSIVE_AREA_33
                0x1fffff20                SchM_Enter_Adc_ADC_EXCLUSIVE_AREA_34
                0x1fffff54                SchM_Exit_Adc_ADC_EXCLUSIVE_AREA_34
                0x1fffff84                SchM_Enter_Adc_ADC_EXCLUSIVE_AREA_35
                0x1fffffb8                SchM_Exit_Adc_ADC_EXCLUSIVE_AREA_35
                0x1fffffe8                SchM_Enter_Adc_ADC_EXCLUSIVE_AREA_36
                0x2000001c                SchM_Exit_Adc_ADC_EXCLUSIVE_AREA_36
                0x2000004c                SchM_Enter_Adc_ADC_EXCLUSIVE_AREA_37
                0x20000080                SchM_Exit_Adc_ADC_EXCLUSIVE_AREA_37
                0x200000b0                SchM_Enter_Adc_ADC_EXCLUSIVE_AREA_38
                0x200000e4                SchM_Exit_Adc_ADC_EXCLUSIVE_AREA_38
                0x20000114                SchM_Enter_Adc_ADC_EXCLUSIVE_AREA_39
                0x20000148                SchM_Exit_Adc_ADC_EXCLUSIVE_AREA_39
                0x20000178                SchM_Enter_Adc_ADC_EXCLUSIVE_AREA_40
                0x200001ac                SchM_Exit_Adc_ADC_EXCLUSIVE_AREA_40
                0x200001dc                SchM_Enter_Adc_ADC_EXCLUSIVE_AREA_41
                0x20000210                SchM_Exit_Adc_ADC_EXCLUSIVE_AREA_41
                0x20000240                SchM_Enter_Adc_ADC_EXCLUSIVE_AREA_42
                0x20000274                SchM_Exit_Adc_ADC_EXCLUSIVE_AREA_42
                0x200002a4                SchM_Enter_Adc_ADC_EXCLUSIVE_AREA_43
                0x200002d8                SchM_Exit_Adc_ADC_EXCLUSIVE_AREA_43
                0x20000308                SchM_Enter_Adc_ADC_EXCLUSIVE_AREA_44
                0x2000033c                SchM_Exit_Adc_ADC_EXCLUSIVE_AREA_44
                0x2000036c                SchM_Enter_Adc_ADC_EXCLUSIVE_AREA_45
                0x200003a0                SchM_Exit_Adc_ADC_EXCLUSIVE_AREA_45
                0x200003d0                SchM_Enter_Adc_ADC_EXCLUSIVE_AREA_46
                0x20000404                SchM_Exit_Adc_ADC_EXCLUSIVE_AREA_46
                0x20000434                SchM_Enter_Adc_ADC_EXCLUSIVE_AREA_47
                0x20000468                SchM_Exit_Adc_ADC_EXCLUSIVE_AREA_47
                0x20000498                SchM_Enter_Adc_ADC_EXCLUSIVE_AREA_48
                0x200004cc                SchM_Exit_Adc_ADC_EXCLUSIVE_AREA_48
                0x200004fc                SchM_Enter_Adc_ADC_EXCLUSIVE_AREA_49
                0x20000530                SchM_Exit_Adc_ADC_EXCLUSIVE_AREA_49
                0x20000560                SchM_Enter_Adc_ADC_EXCLUSIVE_AREA_50
                0x20000594                SchM_Exit_Adc_ADC_EXCLUSIVE_AREA_50
                0x200005c4                SchM_Enter_Adc_ADC_EXCLUSIVE_AREA_51
                0x200005f8                SchM_Exit_Adc_ADC_EXCLUSIVE_AREA_51
                0x20000628                SchM_Enter_Adc_ADC_EXCLUSIVE_AREA_54
                0x2000065c                SchM_Exit_Adc_ADC_EXCLUSIVE_AREA_54
                0x2000068c                SchM_Enter_Adc_ADC_EXCLUSIVE_AREA_55
                0x200006c0                SchM_Exit_Adc_ADC_EXCLUSIVE_AREA_55
                0x200006f0                SchM_Enter_Adc_ADC_EXCLUSIVE_AREA_56
                0x20000724                SchM_Exit_Adc_ADC_EXCLUSIVE_AREA_56
                0x20000754                SchM_Enter_Adc_ADC_EXCLUSIVE_AREA_57
                0x20000788                SchM_Exit_Adc_ADC_EXCLUSIVE_AREA_57
                0x200007b8                SchM_Enter_Adc_ADC_EXCLUSIVE_AREA_58
                0x200007ec                SchM_Exit_Adc_ADC_EXCLUSIVE_AREA_58
                0x2000081c                SchM_Enter_Adc_ADC_EXCLUSIVE_AREA_59
                0x20000850                SchM_Exit_Adc_ADC_EXCLUSIVE_AREA_59
                0x20000880                SchM_Enter_Adc_ADC_EXCLUSIVE_AREA_60
                0x200008b4                SchM_Exit_Adc_ADC_EXCLUSIVE_AREA_60
                0x200008e4                SchM_Enter_Adc_ADC_EXCLUSIVE_AREA_61
                0x20000918                SchM_Exit_Adc_ADC_EXCLUSIVE_AREA_61
                0x20000948                SchM_Enter_Adc_ADC_EXCLUSIVE_AREA_62
                0x2000097c                SchM_Exit_Adc_ADC_EXCLUSIVE_AREA_62
                0x200009ac                SchM_Enter_Adc_ADC_EXCLUSIVE_AREA_63
                0x200009e0                SchM_Exit_Adc_ADC_EXCLUSIVE_AREA_63
                0x20000a10                SchM_Enter_Adc_ADC_EXCLUSIVE_AREA_64
                0x20000a44                SchM_Exit_Adc_ADC_EXCLUSIVE_AREA_64
                0x20000a74                SchM_Enter_Adc_ADC_EXCLUSIVE_AREA_65
                0x20000aa8                SchM_Exit_Adc_ADC_EXCLUSIVE_AREA_65
                0x20000ad8                SchM_Enter_Adc_ADC_EXCLUSIVE_AREA_66
                0x20000b0c                SchM_Exit_Adc_ADC_EXCLUSIVE_AREA_66
                0x20000b3c                SchM_Enter_Adc_ADC_EXCLUSIVE_AREA_67
                0x20000b70                SchM_Exit_Adc_ADC_EXCLUSIVE_AREA_67
                0x20000ba0                SchM_Enter_Adc_ADC_EXCLUSIVE_AREA_68
                0x20000bd4                SchM_Exit_Adc_ADC_EXCLUSIVE_AREA_68
                0x20000c04                SchM_Enter_Adc_ADC_EXCLUSIVE_AREA_69
                0x20000c38                SchM_Exit_Adc_ADC_EXCLUSIVE_AREA_69
                0x20000c68                SchM_Enter_Adc_ADC_EXCLUSIVE_AREA_70
                0x20000c9c                SchM_Exit_Adc_ADC_EXCLUSIVE_AREA_70
                0x20000ccc                SchM_Enter_Adc_ADC_EXCLUSIVE_AREA_71
                0x20000d00                SchM_Exit_Adc_ADC_EXCLUSIVE_AREA_71
                0x20000d30                SchM_Enter_Adc_ADC_EXCLUSIVE_AREA_72
                0x20000d64                SchM_Exit_Adc_ADC_EXCLUSIVE_AREA_72
                0x20000d94                SchM_Enter_Adc_ADC_EXCLUSIVE_AREA_73
                0x20000dc8                SchM_Exit_Adc_ADC_EXCLUSIVE_AREA_73
                0x20000df8                SchM_Enter_Adc_ADC_EXCLUSIVE_AREA_74
                0x20000e2c                SchM_Exit_Adc_ADC_EXCLUSIVE_AREA_74
                0x20000e5c                SchM_Enter_Adc_ADC_EXCLUSIVE_AREA_75
                0x20000e90                SchM_Exit_Adc_ADC_EXCLUSIVE_AREA_75
                0x20000ec0                SchM_Enter_Adc_ADC_EXCLUSIVE_AREA_76
                0x20000ef4                SchM_Exit_Adc_ADC_EXCLUSIVE_AREA_76
                0x20000f24                SchM_Enter_Adc_ADC_EXCLUSIVE_AREA_77
                0x20000f58                SchM_Exit_Adc_ADC_EXCLUSIVE_AREA_77
                0x20000f88                SchM_Enter_Adc_ADC_EXCLUSIVE_AREA_78
                0x20000fbc                SchM_Exit_Adc_ADC_EXCLUSIVE_AREA_78
                0x20000fec                SchM_Enter_Adc_ADC_EXCLUSIVE_AREA_79
                0x20001020                SchM_Exit_Adc_ADC_EXCLUSIVE_AREA_79
                0x20001050                SchM_Enter_Adc_ADC_EXCLUSIVE_AREA_80
                0x20001084                SchM_Exit_Adc_ADC_EXCLUSIVE_AREA_80
                0x200010b4                SchM_Enter_Adc_ADC_EXCLUSIVE_AREA_81
                0x200010e8                SchM_Exit_Adc_ADC_EXCLUSIVE_AREA_81
                0x20001118                SchM_Enter_Adc_ADC_EXCLUSIVE_AREA_82
                0x2000114c                SchM_Exit_Adc_ADC_EXCLUSIVE_AREA_82
                0x2000117c                SchM_Enter_Adc_ADC_EXCLUSIVE_AREA_83
                0x200011b0                SchM_Exit_Adc_ADC_EXCLUSIVE_AREA_83
                0x200011e0                SchM_Enter_Adc_ADC_EXCLUSIVE_AREA_84
                0x20001214                SchM_Exit_Adc_ADC_EXCLUSIVE_AREA_84
                0x20001244                SchM_Enter_Adc_ADC_EXCLUSIVE_AREA_85
                0x20001278                SchM_Exit_Adc_ADC_EXCLUSIVE_AREA_85
                0x200012a8                SchM_Enter_Adc_ADC_EXCLUSIVE_AREA_86
                0x200012dc                SchM_Exit_Adc_ADC_EXCLUSIVE_AREA_86
                0x2000130c                SchM_Enter_Adc_ADC_EXCLUSIVE_AREA_87
                0x20001340                SchM_Exit_Adc_ADC_EXCLUSIVE_AREA_87
                0x20001370                SchM_Enter_Adc_ADC_EXCLUSIVE_AREA_88
                0x200013a4                SchM_Exit_Adc_ADC_EXCLUSIVE_AREA_88
                0x200013d4                SchM_Enter_Adc_ADC_EXCLUSIVE_AREA_89
                0x20001408                SchM_Exit_Adc_ADC_EXCLUSIVE_AREA_89
                0x20001438                SchM_Enter_Adc_ADC_EXCLUSIVE_AREA_90
                0x2000146c                SchM_Exit_Adc_ADC_EXCLUSIVE_AREA_90
                0x2000149c                SchM_Enter_Adc_ADC_EXCLUSIVE_AREA_91
                0x200014d0                SchM_Exit_Adc_ADC_EXCLUSIVE_AREA_91
                0x20001500                SchM_Enter_Adc_ADC_EXCLUSIVE_AREA_92
                0x20001534                SchM_Exit_Adc_ADC_EXCLUSIVE_AREA_92
                0x20001564                SchM_Enter_Adc_ADC_EXCLUSIVE_AREA_93
                0x20001598                SchM_Exit_Adc_ADC_EXCLUSIVE_AREA_93
                0x200015c8                SchM_Enter_Adc_ADC_EXCLUSIVE_AREA_94
                0x200015fc                SchM_Exit_Adc_ADC_EXCLUSIVE_AREA_94
                0x2000162c                SchM_Enter_Adc_ADC_EXCLUSIVE_AREA_95
                0x20001660                SchM_Exit_Adc_ADC_EXCLUSIVE_AREA_95
                0x20001690                SchM_Enter_Adc_ADC_EXCLUSIVE_AREA_96
                0x200016c4                SchM_Exit_Adc_ADC_EXCLUSIVE_AREA_96
                0x200016f4                SchM_Enter_Adc_ADC_EXCLUSIVE_AREA_97
                0x20001728                SchM_Exit_Adc_ADC_EXCLUSIVE_AREA_97
                0x20001758                SchM_Enter_Adc_ADC_EXCLUSIVE_AREA_98
                0x2000178c                SchM_Exit_Adc_ADC_EXCLUSIVE_AREA_98
                0x200017bc                SchM_Enter_Adc_ADC_EXCLUSIVE_AREA_99
                0x200017f0                SchM_Exit_Adc_ADC_EXCLUSIVE_AREA_99
 .mcal_text     0x20001820       0xc8 ./RTD/src/SchM_Dio.o
                0x20001820                SchM_Enter_Dio_DIO_EXCLUSIVE_AREA_00
                0x20001854                SchM_Exit_Dio_DIO_EXCLUSIVE_AREA_00
                0x20001884                SchM_Enter_Dio_DIO_EXCLUSIVE_AREA_01
                0x200018b8                SchM_Exit_Dio_DIO_EXCLUSIVE_AREA_01
 .mcal_text     0x200018e8     0x1450 ./RTD/src/SchM_Gpt.o
                0x200018e8                SchM_Enter_Gpt_GPT_EXCLUSIVE_AREA_00
                0x2000191c                SchM_Exit_Gpt_GPT_EXCLUSIVE_AREA_00
                0x2000194c                SchM_Enter_Gpt_GPT_EXCLUSIVE_AREA_01
                0x20001980                SchM_Exit_Gpt_GPT_EXCLUSIVE_AREA_01
                0x200019b0                SchM_Enter_Gpt_GPT_EXCLUSIVE_AREA_02
                0x200019e4                SchM_Exit_Gpt_GPT_EXCLUSIVE_AREA_02
                0x20001a14                SchM_Enter_Gpt_GPT_EXCLUSIVE_AREA_03
                0x20001a48                SchM_Exit_Gpt_GPT_EXCLUSIVE_AREA_03
                0x20001a78                SchM_Enter_Gpt_GPT_EXCLUSIVE_AREA_04
                0x20001aac                SchM_Exit_Gpt_GPT_EXCLUSIVE_AREA_04
                0x20001adc                SchM_Enter_Gpt_GPT_EXCLUSIVE_AREA_05
                0x20001b10                SchM_Exit_Gpt_GPT_EXCLUSIVE_AREA_05
                0x20001b40                SchM_Enter_Gpt_GPT_EXCLUSIVE_AREA_06
                0x20001b74                SchM_Exit_Gpt_GPT_EXCLUSIVE_AREA_06
                0x20001ba4                SchM_Enter_Gpt_GPT_EXCLUSIVE_AREA_07
                0x20001bd8                SchM_Exit_Gpt_GPT_EXCLUSIVE_AREA_07
                0x20001c08                SchM_Enter_Gpt_GPT_EXCLUSIVE_AREA_10
                0x20001c3c                SchM_Exit_Gpt_GPT_EXCLUSIVE_AREA_10
                0x20001c6c                SchM_Enter_Gpt_GPT_EXCLUSIVE_AREA_11
                0x20001ca0                SchM_Exit_Gpt_GPT_EXCLUSIVE_AREA_11
                0x20001cd0                SchM_Enter_Gpt_GPT_EXCLUSIVE_AREA_17
                0x20001d04                SchM_Exit_Gpt_GPT_EXCLUSIVE_AREA_17
                0x20001d34                SchM_Enter_Gpt_GPT_EXCLUSIVE_AREA_21
                0x20001d68                SchM_Exit_Gpt_GPT_EXCLUSIVE_AREA_21
                0x20001d98                SchM_Enter_Gpt_GPT_EXCLUSIVE_AREA_22
                0x20001dcc                SchM_Exit_Gpt_GPT_EXCLUSIVE_AREA_22
                0x20001dfc                SchM_Enter_Gpt_GPT_EXCLUSIVE_AREA_23
                0x20001e30                SchM_Exit_Gpt_GPT_EXCLUSIVE_AREA_23
                0x20001e60                SchM_Enter_Gpt_GPT_EXCLUSIVE_AREA_24
                0x20001e94                SchM_Exit_Gpt_GPT_EXCLUSIVE_AREA_24
                0x20001ec4                SchM_Enter_Gpt_GPT_EXCLUSIVE_AREA_25
                0x20001ef8                SchM_Exit_Gpt_GPT_EXCLUSIVE_AREA_25
                0x20001f28                SchM_Enter_Gpt_GPT_EXCLUSIVE_AREA_26
                0x20001f5c                SchM_Exit_Gpt_GPT_EXCLUSIVE_AREA_26
                0x20001f8c                SchM_Enter_Gpt_GPT_EXCLUSIVE_AREA_29
                0x20001fc0                SchM_Exit_Gpt_GPT_EXCLUSIVE_AREA_29
                0x20001ff0                SchM_Enter_Gpt_GPT_EXCLUSIVE_AREA_30
                0x20002024                SchM_Exit_Gpt_GPT_EXCLUSIVE_AREA_30
                0x20002054                SchM_Enter_Gpt_GPT_EXCLUSIVE_AREA_31
                0x20002088                SchM_Exit_Gpt_GPT_EXCLUSIVE_AREA_31
                0x200020b8                SchM_Enter_Gpt_GPT_EXCLUSIVE_AREA_35
                0x200020ec                SchM_Exit_Gpt_GPT_EXCLUSIVE_AREA_35
                0x2000211c                SchM_Enter_Gpt_GPT_EXCLUSIVE_AREA_36
                0x20002150                SchM_Exit_Gpt_GPT_EXCLUSIVE_AREA_36
                0x20002180                SchM_Enter_Gpt_GPT_EXCLUSIVE_AREA_38
                0x200021b4                SchM_Exit_Gpt_GPT_EXCLUSIVE_AREA_38
                0x200021e4                SchM_Enter_Gpt_GPT_EXCLUSIVE_AREA_39
                0x20002218                SchM_Exit_Gpt_GPT_EXCLUSIVE_AREA_39
                0x20002248                SchM_Enter_Gpt_GPT_EXCLUSIVE_AREA_40
                0x2000227c                SchM_Exit_Gpt_GPT_EXCLUSIVE_AREA_40
                0x200022ac                SchM_Enter_Gpt_GPT_EXCLUSIVE_AREA_41
                0x200022e0                SchM_Exit_Gpt_GPT_EXCLUSIVE_AREA_41
                0x20002310                SchM_Enter_Gpt_GPT_EXCLUSIVE_AREA_42
                0x20002344                SchM_Exit_Gpt_GPT_EXCLUSIVE_AREA_42
                0x20002374                SchM_Enter_Gpt_GPT_EXCLUSIVE_AREA_43
                0x200023a8                SchM_Exit_Gpt_GPT_EXCLUSIVE_AREA_43
                0x200023d8                SchM_Enter_Gpt_GPT_EXCLUSIVE_AREA_44
                0x2000240c                SchM_Exit_Gpt_GPT_EXCLUSIVE_AREA_44
                0x2000243c                SchM_Enter_Gpt_GPT_EXCLUSIVE_AREA_45
                0x20002470                SchM_Exit_Gpt_GPT_EXCLUSIVE_AREA_45
                0x200024a0                SchM_Enter_Gpt_GPT_EXCLUSIVE_AREA_46
                0x200024d4                SchM_Exit_Gpt_GPT_EXCLUSIVE_AREA_46
                0x20002504                SchM_Enter_Gpt_GPT_EXCLUSIVE_AREA_50
                0x20002538                SchM_Exit_Gpt_GPT_EXCLUSIVE_AREA_50
                0x20002568                SchM_Enter_Gpt_GPT_EXCLUSIVE_AREA_51
                0x2000259c                SchM_Exit_Gpt_GPT_EXCLUSIVE_AREA_51
                0x200025cc                SchM_Enter_Gpt_GPT_EXCLUSIVE_AREA_52
                0x20002600                SchM_Exit_Gpt_GPT_EXCLUSIVE_AREA_52
                0x20002630                SchM_Enter_Gpt_GPT_EXCLUSIVE_AREA_53
                0x20002664                SchM_Exit_Gpt_GPT_EXCLUSIVE_AREA_53
                0x20002694                SchM_Enter_Gpt_GPT_EXCLUSIVE_AREA_54
                0x200026c8                SchM_Exit_Gpt_GPT_EXCLUSIVE_AREA_54
                0x200026f8                SchM_Enter_Gpt_GPT_EXCLUSIVE_AREA_55
                0x2000272c                SchM_Exit_Gpt_GPT_EXCLUSIVE_AREA_55
                0x2000275c                SchM_Enter_Gpt_GPT_EXCLUSIVE_AREA_56
                0x20002790                SchM_Exit_Gpt_GPT_EXCLUSIVE_AREA_56
                0x200027c0                SchM_Enter_Gpt_GPT_EXCLUSIVE_AREA_60
                0x200027f4                SchM_Exit_Gpt_GPT_EXCLUSIVE_AREA_60
                0x20002824                SchM_Enter_Gpt_GPT_EXCLUSIVE_AREA_61
                0x20002858                SchM_Exit_Gpt_GPT_EXCLUSIVE_AREA_61
                0x20002888                SchM_Enter_Gpt_GPT_EXCLUSIVE_AREA_62
                0x200028bc                SchM_Exit_Gpt_GPT_EXCLUSIVE_AREA_62
                0x200028ec                SchM_Enter_Gpt_GPT_EXCLUSIVE_AREA_63
                0x20002920                SchM_Exit_Gpt_GPT_EXCLUSIVE_AREA_63
                0x20002950                SchM_Enter_Gpt_GPT_EXCLUSIVE_AREA_64
                0x20002984                SchM_Exit_Gpt_GPT_EXCLUSIVE_AREA_64
                0x200029b4                SchM_Enter_Gpt_GPT_EXCLUSIVE_AREA_65
                0x200029e8                SchM_Exit_Gpt_GPT_EXCLUSIVE_AREA_65
                0x20002a18                SchM_Enter_Gpt_GPT_EXCLUSIVE_AREA_66
                0x20002a4c                SchM_Exit_Gpt_GPT_EXCLUSIVE_AREA_66
                0x20002a7c                SchM_Enter_Gpt_GPT_EXCLUSIVE_AREA_67
                0x20002ab0                SchM_Exit_Gpt_GPT_EXCLUSIVE_AREA_67
                0x20002ae0                SchM_Enter_Gpt_GPT_EXCLUSIVE_AREA_68
                0x20002b14                SchM_Exit_Gpt_GPT_EXCLUSIVE_AREA_68
                0x20002b44                SchM_Enter_Gpt_GPT_EXCLUSIVE_AREA_69
                0x20002b78                SchM_Exit_Gpt_GPT_EXCLUSIVE_AREA_69
                0x20002ba8                SchM_Enter_Gpt_GPT_EXCLUSIVE_AREA_70
                0x20002bdc                SchM_Exit_Gpt_GPT_EXCLUSIVE_AREA_70
                0x20002c0c                SchM_Enter_Gpt_GPT_EXCLUSIVE_AREA_71
                0x20002c40                SchM_Exit_Gpt_GPT_EXCLUSIVE_AREA_71
                0x20002c70                SchM_Enter_Gpt_GPT_EXCLUSIVE_AREA_72
                0x20002ca4                SchM_Exit_Gpt_GPT_EXCLUSIVE_AREA_72
                0x20002cd4                SchM_Enter_Gpt_GPT_EXCLUSIVE_AREA_73
                0x20002d08                SchM_Exit_Gpt_GPT_EXCLUSIVE_AREA_73
 .mcal_text     0x20002d38      0x12c ./RTD/src/SchM_Mcu.o
                0x20002d38                SchM_Enter_Mcu_MCU_EXCLUSIVE_AREA_00
                0x20002d6c                SchM_Exit_Mcu_MCU_EXCLUSIVE_AREA_00
                0x20002d9c                SchM_Enter_Mcu_MCU_EXCLUSIVE_AREA_01
                0x20002dd0                SchM_Exit_Mcu_MCU_EXCLUSIVE_AREA_01
                0x20002e00                SchM_Enter_Mcu_MCU_EXCLUSIVE_AREA_02
                0x20002e34                SchM_Exit_Mcu_MCU_EXCLUSIVE_AREA_02
 .mcal_text     0x20002e64      0x514 ./RTD/src/SchM_Platform.o
                0x20002e64                SchM_Enter_Platform_PLATFORM_EXCLUSIVE_AREA_00
                0x20002e98                SchM_Exit_Platform_PLATFORM_EXCLUSIVE_AREA_00
                0x20002ec8                SchM_Enter_Platform_PLATFORM_EXCLUSIVE_AREA_01
                0x20002efc                SchM_Exit_Platform_PLATFORM_EXCLUSIVE_AREA_01
                0x20002f2c                SchM_Enter_Platform_PLATFORM_EXCLUSIVE_AREA_02
                0x20002f60                SchM_Exit_Platform_PLATFORM_EXCLUSIVE_AREA_02
                0x20002f90                SchM_Enter_Platform_PLATFORM_EXCLUSIVE_AREA_03
                0x20002fc4                SchM_Exit_Platform_PLATFORM_EXCLUSIVE_AREA_03
                0x20002ff4                SchM_Enter_Platform_PLATFORM_EXCLUSIVE_AREA_04
                0x20003028                SchM_Exit_Platform_PLATFORM_EXCLUSIVE_AREA_04
                0x20003058                SchM_Enter_Platform_PLATFORM_EXCLUSIVE_AREA_05
                0x2000308c                SchM_Exit_Platform_PLATFORM_EXCLUSIVE_AREA_05
                0x200030bc                SchM_Enter_Platform_PLATFORM_EXCLUSIVE_AREA_06
                0x200030f0                SchM_Exit_Platform_PLATFORM_EXCLUSIVE_AREA_06
                0x20003120                SchM_Enter_Platform_PLATFORM_EXCLUSIVE_AREA_07
                0x20003154                SchM_Exit_Platform_PLATFORM_EXCLUSIVE_AREA_07
                0x20003184                SchM_Enter_Platform_PLATFORM_EXCLUSIVE_AREA_08
                0x200031b8                SchM_Exit_Platform_PLATFORM_EXCLUSIVE_AREA_08
                0x200031e8                SchM_Enter_Platform_PLATFORM_EXCLUSIVE_AREA_09
                0x2000321c                SchM_Exit_Platform_PLATFORM_EXCLUSIVE_AREA_09
                0x2000324c                SchM_Enter_Platform_PLATFORM_EXCLUSIVE_AREA_10
                0x20003280                SchM_Exit_Platform_PLATFORM_EXCLUSIVE_AREA_10
                0x200032b0                SchM_Enter_Platform_PLATFORM_EXCLUSIVE_AREA_11
                0x200032e4                SchM_Exit_Platform_PLATFORM_EXCLUSIVE_AREA_11
                0x20003314                SchM_Enter_Platform_PLATFORM_EXCLUSIVE_AREA_12
                0x20003348                SchM_Exit_Platform_PLATFORM_EXCLUSIVE_AREA_12
 .mcal_text     0x20003378      0xaf0 ./RTD/src/SchM_Port.o
                0x20003378                SchM_Enter_Port_PORT_EXCLUSIVE_AREA_00
                0x200033ac                SchM_Exit_Port_PORT_EXCLUSIVE_AREA_00
                0x200033dc                SchM_Enter_Port_PORT_EXCLUSIVE_AREA_01
                0x20003410                SchM_Exit_Port_PORT_EXCLUSIVE_AREA_01
                0x20003440                SchM_Enter_Port_PORT_EXCLUSIVE_AREA_02
                0x20003474                SchM_Exit_Port_PORT_EXCLUSIVE_AREA_02
                0x200034a4                SchM_Enter_Port_PORT_EXCLUSIVE_AREA_03
                0x200034d8                SchM_Exit_Port_PORT_EXCLUSIVE_AREA_03
                0x20003508                SchM_Enter_Port_PORT_EXCLUSIVE_AREA_04
                0x2000353c                SchM_Exit_Port_PORT_EXCLUSIVE_AREA_04
                0x2000356c                SchM_Enter_Port_PORT_EXCLUSIVE_AREA_05
                0x200035a0                SchM_Exit_Port_PORT_EXCLUSIVE_AREA_05
                0x200035d0                SchM_Enter_Port_PORT_EXCLUSIVE_AREA_06
                0x20003604                SchM_Exit_Port_PORT_EXCLUSIVE_AREA_06
                0x20003634                SchM_Enter_Port_PORT_EXCLUSIVE_AREA_07
                0x20003668                SchM_Exit_Port_PORT_EXCLUSIVE_AREA_07
                0x20003698                SchM_Enter_Port_PORT_EXCLUSIVE_AREA_08
                0x200036cc                SchM_Exit_Port_PORT_EXCLUSIVE_AREA_08
                0x200036fc                SchM_Enter_Port_PORT_EXCLUSIVE_AREA_09
                0x20003730                SchM_Exit_Port_PORT_EXCLUSIVE_AREA_09
                0x20003760                SchM_Enter_Port_PORT_EXCLUSIVE_AREA_10
                0x20003794                SchM_Exit_Port_PORT_EXCLUSIVE_AREA_10
                0x200037c4                SchM_Enter_Port_PORT_EXCLUSIVE_AREA_11
                0x200037f8                SchM_Exit_Port_PORT_EXCLUSIVE_AREA_11
                0x20003828                SchM_Enter_Port_PORT_EXCLUSIVE_AREA_12
                0x2000385c                SchM_Exit_Port_PORT_EXCLUSIVE_AREA_12
                0x2000388c                SchM_Enter_Port_PORT_EXCLUSIVE_AREA_13
                0x200038c0                SchM_Exit_Port_PORT_EXCLUSIVE_AREA_13
                0x200038f0                SchM_Enter_Port_PORT_EXCLUSIVE_AREA_14
                0x20003924                SchM_Exit_Port_PORT_EXCLUSIVE_AREA_14
                0x20003954                SchM_Enter_Port_PORT_EXCLUSIVE_AREA_15
                0x20003988                SchM_Exit_Port_PORT_EXCLUSIVE_AREA_15
                0x200039b8                SchM_Enter_Port_PORT_EXCLUSIVE_AREA_16
                0x200039ec                SchM_Exit_Port_PORT_EXCLUSIVE_AREA_16
                0x20003a1c                SchM_Enter_Port_PORT_EXCLUSIVE_AREA_17
                0x20003a50                SchM_Exit_Port_PORT_EXCLUSIVE_AREA_17
                0x20003a80                SchM_Enter_Port_PORT_EXCLUSIVE_AREA_18
                0x20003ab4                SchM_Exit_Port_PORT_EXCLUSIVE_AREA_18
                0x20003ae4                SchM_Enter_Port_PORT_EXCLUSIVE_AREA_19
                0x20003b18                SchM_Exit_Port_PORT_EXCLUSIVE_AREA_19
                0x20003b48                SchM_Enter_Port_PORT_EXCLUSIVE_AREA_20
                0x20003b7c                SchM_Exit_Port_PORT_EXCLUSIVE_AREA_20
                0x20003bac                SchM_Enter_Port_PORT_EXCLUSIVE_AREA_21
                0x20003be0                SchM_Exit_Port_PORT_EXCLUSIVE_AREA_21
                0x20003c10                SchM_Enter_Port_PORT_EXCLUSIVE_AREA_22
                0x20003c44                SchM_Exit_Port_PORT_EXCLUSIVE_AREA_22
                0x20003c74                SchM_Enter_Port_PORT_EXCLUSIVE_AREA_23
                0x20003ca8                SchM_Exit_Port_PORT_EXCLUSIVE_AREA_23
                0x20003cd8                SchM_Enter_Port_PORT_EXCLUSIVE_AREA_24
                0x20003d0c                SchM_Exit_Port_PORT_EXCLUSIVE_AREA_24
                0x20003d3c                SchM_Enter_Port_PORT_EXCLUSIVE_AREA_25
                0x20003d70                SchM_Exit_Port_PORT_EXCLUSIVE_AREA_25
                0x20003da0                SchM_Enter_Port_PORT_EXCLUSIVE_AREA_26
                0x20003dd4                SchM_Exit_Port_PORT_EXCLUSIVE_AREA_26
                0x20003e04                SchM_Enter_Port_PORT_EXCLUSIVE_AREA_27
                0x20003e38                SchM_Exit_Port_PORT_EXCLUSIVE_AREA_27
 .mcal_text     0x20003e68       0x20 ./RTD/src/System_Ip.o
                0x20003e68                System_Ip_ConfigIrq
 .mcal_text     0x20003e88        0xc ./src/Application.o
                0x20003e88                Adc_ADC0_Notification
                0x20003e94                . = ALIGN (0x4)
 *(.init)
                0x20003e94                . = ALIGN (0x4)
 *(.fini)
                0x20003e94                . = ALIGN (0x4)
 *(.rodata)
 .rodata        0x20003e94        0xc ./generate/src/Mpu_Ip_Cfg.o
                0x20003e94                Mpu_Config
 *(.rodata*)
                0x20003ea0                . = ALIGN (0x4)
 *(.mcal_const_cfg)
 .mcal_const_cfg
                0x20003ea0       0x48 ./generate/src/Adc_Ip_PBcfg.o
                0x20003ea0                AdcIpConfig_0
 .mcal_const_cfg
                0x20003ee8       0x4c ./generate/src/Adc_Ipw_PBcfg.o
                0x20003ee8                AdcIpwGroupConfig_0
                0x20003efc                AdcIpwCfg
 .mcal_const_cfg
                0x20003f34       0x5a ./generate/src/Adc_PBcfg.o
                0x20003f34                Adc_Config
 *fill*         0x20003f8e        0x2 
 .mcal_const_cfg
                0x20003f90      0x3f8 ./generate/src/Clock_Ip_PBcfg.o
                0x20003f90                Mcu_aClockConfigPB
 .mcal_const_cfg
                0x20004388       0x10 ./generate/src/Dio_Cfg.o
                0x20004388                Dio_Config
 .mcal_const_cfg
                0x20004398       0x3c ./generate/src/Gpt_PBcfg.o
                0x20004398                Gpt_Config
 .mcal_const_cfg
                0x200043d4       0x2c ./generate/src/IntCtrl_Ip_Cfg.o
                0x200043d4                intCtrlConfig
 .mcal_const_cfg
                0x20004400       0x22 ./generate/src/LPit_Gpt_Ip_PBcfg.o
                0x20004400                LPIT_0_ChannelConfig_PB
                0x20004420                LPIT_0_InitConfig_PB
 *fill*         0x20004422        0x2 
 .mcal_const_cfg
                0x20004424       0x1c ./generate/src/Mcu_PBcfg.o
                0x20004424                Mcu_Config
 .mcal_const_cfg
                0x20004440       0x18 ./generate/src/Mpu_Ip_Cfg.o
                0x20004444                Mpu_Configuration_RegionConfig
 .mcal_const_cfg
                0x20004458       0x20 ./generate/src/Pdb_Adc_Ip_PBcfg.o
                0x20004458                PdbAdcIpConfig_0
 .mcal_const_cfg
                0x20004478        0x8 ./generate/src/Platform_Cfg.o
                0x20004478                Platform_Config
 .mcal_const_cfg
                0x20004480        0xc ./generate/src/Platform_Ipw_Cfg.o
                0x20004480                ipwConfig
 .mcal_const_cfg
                0x2000448c       0x78 ./generate/src/Port_Ci_Port_Ip_PBcfg.o
                0x2000448c                g_pin_mux_InitConfigArr
 .mcal_const_cfg
                0x20004504      0x11d ./generate/src/Port_PBcfg.o
                0x20004504                Port_Config
 *fill*         0x20004621        0x3 
 .mcal_const_cfg
                0x20004624       0x28 ./generate/src/Power_Ip_PBcfg.o
                0x20004624                Power_Ip_HwIPsConfigPB
                0x20004630                Power_Ip_aModeConfigPB
                0x2000464c                . = ALIGN (0x4)
 *(.mcal_const)
 .mcal_const    0x2000464c        0x8 ./RTD/src/Adc_Ip.o
 .mcal_const    0x20004654      0x59e ./RTD/src/Clock_Ip_Data.o
                0x20004654                Clock_Ip_aeHwDfsName
                0x20004658                Clock_Ip_aeHwPllName
                0x2000465c                Clock_Ip_aeSourceTypeClockName
                0x20004718                Clock_Ip_apxScgPeriphAsyncDivs
                0x20004728                Clock_Ip_au8DividerValueHardwareValue
                0x20004769                Clock_Ip_au8SelectorEntrySIMHardwareValue
                0x20004798                Clock_Ip_au8SelectorEntryPcsHardwareValue
                0x200047c7                Clock_Ip_au8SelectorEntryScsHardwareValue
                0x200047f6                Clock_Ip_au16SelectorEntryHardwareValue
                0x2000484d                Clock_Ip_au8ClockFeatures
                0x20004b5c                Clock_Ip_au8CmuCallbackIndex
                0x20004b6b                Clock_Ip_au8PcfsCallbackIndex
                0x20004b7a                Clock_Ip_au8SelectorCallbackIndex
                0x20004b89                Clock_Ip_au8PllCallbackIndex
                0x20004b98                Clock_Ip_au8FractionalDividerCallbackIndex
                0x20004ba7                Clock_Ip_au8GateCallbackIndex
                0x20004bb6                Clock_Ip_au8IrcoscCallbackIndex
                0x20004bc5                Clock_Ip_au8XoscCallbackIndex
                0x20004bd4                Clock_Ip_au8DividerTriggerCallbackIndex
                0x20004be3                Clock_Ip_au8DividerCallbackIndex
 *fill*         0x20004bf2        0x2 
 .mcal_const    0x20004bf4       0x3c ./RTD/src/Clock_Ip_Divider.o
                0x20004bf4                Clock_Ip_axDividerCallbacks
 .mcal_const    0x20004c30        0x8 ./RTD/src/Clock_Ip_DividerTrigger.o
                0x20004c30                Clock_Ip_axDividerTriggerCallbacks
 .mcal_const    0x20004c38       0x28 ./RTD/src/Clock_Ip_ExtOsc.o
                0x20004c38                Clock_Ip_axExtOscCallbacks
 .mcal_const    0x20004c60        0xc ./RTD/src/Clock_Ip_FracDiv.o
                0x20004c60                Clock_Ip_axFracDivCallbacks
 .mcal_const    0x20004c6c      0x254 ./RTD/src/Clock_Ip_Frequency.o
 .mcal_const    0x20004ec0       0x38 ./RTD/src/Clock_Ip_Gate.o
                0x20004ec0                Clock_Ip_axGateCallbacks
 .mcal_const    0x20004ef8       0x3c ./RTD/src/Clock_Ip_IntOsc.o
                0x20004ef8                Clock_Ip_axIntOscCallbacks
 .mcal_const    0x20004f34       0x10 ./RTD/src/Clock_Ip_Monitor.o
                0x20004f34                Clock_Ip_axCmuCallbacks
 .mcal_const    0x20004f44       0x28 ./RTD/src/Clock_Ip_Pll.o
                0x20004f44                Clock_Ip_axPllCallbacks
 .mcal_const    0x20004f6c        0x4 ./RTD/src/Clock_Ip_ProgFreqSwitch.o
                0x20004f6c                Clock_Ip_axPcfsCallbacks
 .mcal_const    0x20004f70       0x58 ./RTD/src/Clock_Ip_Selector.o
                0x20004f70                Clock_Ip_axSelectorCallbacks
 .mcal_const    0x20004fc8       0x1c ./RTD/src/Clock_Ip_Specific.o
 .mcal_const    0x20004fe4        0x4 ./RTD/src/LPit_Gpt_Ip.o
                0x20004fe4                LPitGptBase
 .mcal_const    0x20004fe8        0x8 ./RTD/src/Pdb_Adc_Ip.o
 .mcal_const    0x20004ff0       0x28 ./RTD/src/Port_Ci_Port_Ip.o
                0x20004ff0                Port_au32PortCiGpioBaseAddr
                0x20005004                Port_au32PortCiPortBaseAddr
 .mcal_const    0x20005018       0x3c ./RTD/src/Power_Ip.o
 .mcal_const    0x20005054      0x280 ./generate/src/Dio_Cfg.o
                0x20005054                Dio_aAvailablePinsForRead
                0x20005068                Dio_aAvailablePinsForWrite
                0x2000507c                Dio_au32PortToPartitionMap
                0x20005090                Dio_au32ChannelToPartitionMap
 .mcal_const    0x200052d4        0x2 ./generate/src/Gpt_PBcfg.o
 .mcal_const    0x200052d6       0xa0 ./generate/src/Port_Cfg.o
                0x200052d6                Port_au16PinDescription
                0x20005378                . = ALIGN (0x4)
 *fill*         0x20005376        0x2 
 *(.mcal_const_no_cacheable)
                0x20005378                . = ALIGN (0x4)
                0x20005378                __init_table = .
 *(.init_table)
 .init_table    0x20005378       0x1c ./Project_Settings/Startup_Code/startup_cm4.o
                0x20005394                . = ALIGN (0x4)
                0x20005394                __zero_table = .
 *(.zero_table)
 .zero_table    0x20005394        0xc ./Project_Settings/Startup_Code/startup_cm4.o
                0x200053a0                . = ALIGN (0x4)
 *(.acmcu_code_rom)
                0x200053a0                . = ALIGN (0x4)
 *(.ramcode)
                0x200053a0                . = ALIGN (0x4)
 *(.data)
 .data          0x200053a0        0x0 ./Project_Settings/Startup_Code/Vector_Table.o
 .data          0x200053a0        0x0 ./Project_Settings/Startup_Code/exceptions.o
 .data          0x200053a0        0x0 ./Project_Settings/Startup_Code/nvic.o
 .data          0x200053a0        0x0 ./Project_Settings/Startup_Code/startup.o
 .data          0x200053a0        0x0 ./Project_Settings/Startup_Code/startup_cm4.o
 .data          0x200053a0        0x0 ./Project_Settings/Startup_Code/system.o
 .data          0x200053a0        0x0 ./RTD/src/Adc.o
 .data          0x200053a0        0x0 ./RTD/src/Adc_Ip.o
 .data          0x200053a0        0x0 ./RTD/src/Adc_Ip_Irq.o
 .data          0x200053a0        0x0 ./RTD/src/Adc_Ipw.o
 .data          0x200053a0        0x0 ./RTD/src/Adc_Ipw_Irq.o
 .data          0x200053a0        0x4 ./RTD/src/Clock_Ip.o
 .data          0x200053a4        0x0 ./RTD/src/Clock_Ip_Data.o
 .data          0x200053a4        0x0 ./RTD/src/Clock_Ip_Divider.o
 .data          0x200053a4        0x0 ./RTD/src/Clock_Ip_DividerTrigger.o
 .data          0x200053a4        0x0 ./RTD/src/Clock_Ip_ExtOsc.o
 .data          0x200053a4        0x0 ./RTD/src/Clock_Ip_FracDiv.o
 .data          0x200053a4        0x0 ./RTD/src/Clock_Ip_Frequency.o
 .data          0x200053a4        0x0 ./RTD/src/Clock_Ip_Gate.o
 .data          0x200053a4        0x0 ./RTD/src/Clock_Ip_IntOsc.o
 .data          0x200053a4        0x0 ./RTD/src/Clock_Ip_Irq.o
 .data          0x200053a4        0x0 ./RTD/src/Clock_Ip_Monitor.o
 .data          0x200053a4        0x0 ./RTD/src/Clock_Ip_Pll.o
 .data          0x200053a4        0x0 ./RTD/src/Clock_Ip_ProgFreqSwitch.o
 .data          0x200053a4        0x0 ./RTD/src/Clock_Ip_Selector.o
 .data          0x200053a4        0x0 ./RTD/src/Clock_Ip_Specific.o
 .data          0x200053a4        0x0 ./RTD/src/Det.o
 .data          0x200053a4        0x0 ./RTD/src/Dio.o
 .data          0x200053a4        0x0 ./RTD/src/Dio_Ipw.o
 .data          0x200053a4        0x0 ./RTD/src/Ftm_Gpt_Ip.o
 .data          0x200053a4        0x0 ./RTD/src/Gpio_Dio_Ip.o
 .data          0x200053a4        0x0 ./RTD/src/Gpt.o
 .data          0x200053a4        0x0 ./RTD/src/Gpt_Ipw.o
 .data          0x200053a4        0x0 ./RTD/src/IntCtrl_Ip.o
 .data          0x200053a4        0x0 ./RTD/src/LPit_Gpt_Ip.o
 .data          0x200053a4        0x0 ./RTD/src/Lptmr_Gpt_Ip.o
 .data          0x200053a4        0x0 ./RTD/src/Mcu.o
 .data          0x200053a4        0x0 ./RTD/src/Mcu_Dem_Wrapper.o
 .data          0x200053a4        0x0 ./RTD/src/Mcu_Ipw.o
 .data          0x200053a4        0x0 ./RTD/src/Mcu_Ipw_Irq.o
 .data          0x200053a4        0x0 ./RTD/src/Mpu_Ip.o
 .data          0x200053a4        0x0 ./RTD/src/OsIf_Interrupts.o
 .data          0x200053a4        0x0 ./RTD/src/OsIf_Timer.o
 .data          0x200053a4        0x0 ./RTD/src/OsIf_Timer_System.o
 .data          0x200053a4        0x0 ./RTD/src/OsIf_Timer_System_Internal_Systick.o
 .data          0x200053a4        0x0 ./RTD/src/Pdb_Adc_Ip.o
 .data          0x200053a4        0x0 ./RTD/src/Pdb_Adc_Ip_Irq.o
 .data          0x200053a4        0x0 ./RTD/src/Platform.o
 .data          0x200053a4        0x0 ./RTD/src/Platform_Ipw.o
 .data          0x200053a4        0x0 ./RTD/src/Port.o
 .data          0x200053a4        0x0 ./RTD/src/Port_Ci_Port_Ip.o
 .data          0x200053a4        0x0 ./RTD/src/Port_Ipw.o
 .data          0x200053a4        0x0 ./RTD/src/Power_Ip.o
 .data          0x200053a4        0x0 ./RTD/src/Power_Ip_AEC.o
 .data          0x200053a4        0x0 ./RTD/src/Power_Ip_CortexM4.o
 .data          0x200053a4        0x0 ./RTD/src/Power_Ip_PMC.o
 .data          0x200053a4        0x0 ./RTD/src/Power_Ip_PMC_Irq.o
 .data          0x200053a4        0x0 ./RTD/src/Power_Ip_Private.o
 .data          0x200053a4        0x0 ./RTD/src/Power_Ip_RCM.o
 .data          0x200053a4        0x0 ./RTD/src/Power_Ip_RCM_Irq.o
 .data          0x200053a4        0x0 ./RTD/src/Power_Ip_SIM.o
 .data          0x200053a4        0x0 ./RTD/src/Power_Ip_SMC.o
 .data          0x200053a4        0x0 ./RTD/src/Ram_Ip.o
 .data          0x200053a4        0x0 ./RTD/src/SRtc_Ip.o
 .data          0x200053a4        0x0 ./RTD/src/SchM_Adc.o
 .data          0x200053a4        0x0 ./RTD/src/SchM_Dio.o
 .data          0x200053a4        0x0 ./RTD/src/SchM_Gpt.o
 .data          0x200053a4        0x0 ./RTD/src/SchM_Mcu.o
 .data          0x200053a4        0x0 ./RTD/src/SchM_Platform.o
 .data          0x200053a4        0x0 ./RTD/src/SchM_Port.o
 .data          0x200053a4        0x0 ./RTD/src/System_Ip.o
 .data          0x200053a4        0x0 ./board/Port_Ci_Port_Ip_Cfg.o
 .data          0x200053a4        0x0 ./generate/src/Adc_Cfg.o
 .data          0x200053a4        0x0 ./generate/src/Adc_Ip_PBcfg.o
 .data          0x200053a4        0x0 ./generate/src/Adc_Ipw_PBcfg.o
 .data          0x200053a4        0x0 ./generate/src/Adc_PBcfg.o
 .data          0x200053a4        0x0 ./generate/src/Clock_Ip_Cfg.o
 .data          0x200053a4        0x0 ./generate/src/Clock_Ip_PBcfg.o
 .data          0x200053a4        0x0 ./generate/src/Dio_Cfg.o
 .data          0x200053a4        0x0 ./generate/src/Ftm_Gpt_Ip_PBcfg.o
 .data          0x200053a4        0x0 ./generate/src/Gpt_Cfg.o
 .data          0x200053a4       0x40 ./generate/src/Gpt_Ipw_PBcfg.o
                0x200053a4                Gpt_Ipw_ChannelConfig_PB
                0x200053d4                Gpt_Ipw_HwInstanceConfig_PB
 .data          0x200053e4        0x0 ./generate/src/Gpt_PBcfg.o
 .data          0x200053e4        0x0 ./generate/src/IntCtrl_Ip_Cfg.o
 .data          0x200053e4        0x0 ./generate/src/LPit_Gpt_Ip_PBcfg.o
 .data          0x200053e4        0x0 ./generate/src/Lptmr_Gpt_Ip_PBcfg.o
 .data          0x200053e4        0x0 ./generate/src/Mcu_Cfg.o
 .data          0x200053e4        0x0 ./generate/src/Mcu_PBcfg.o
 .data          0x200053e4        0x0 ./generate/src/Mpu_Ip_Cfg.o
 .data          0x200053e4        0x0 ./generate/src/OsIf_Cfg.o
 .data          0x200053e4        0x0 ./generate/src/Pdb_Adc_Ip_PBcfg.o
 .data          0x200053e4        0x0 ./generate/src/Platform_Cfg.o
 .data          0x200053e4        0x0 ./generate/src/Platform_Ipw_Cfg.o
 .data          0x200053e4        0x0 ./generate/src/Port_Cfg.o
 .data          0x200053e4        0x0 ./generate/src/Port_Ci_Port_Ip_PBcfg.o
 .data          0x200053e4        0x0 ./generate/src/Port_PBcfg.o
 .data          0x200053e4        0x0 ./generate/src/Power_Ip_Cfg.o
 .data          0x200053e4        0x0 ./generate/src/Power_Ip_PBcfg.o
 .data          0x200053e4        0x0 ./generate/src/Ram_Ip_Cfg.o
 .data          0x200053e4        0x0 ./generate/src/Ram_Ip_PBcfg.o
 .data          0x200053e4        0x0 ./generate/src/SRtc_Ip_PBcfg.o
 .data          0x200053e4        0x9 ./src/Application.o
                0x200053e4                Task_ADC_Trigger
                0x200053ec                Exceed_Status
 .data          0x200053ed        0x0 c:/nxp/s32ds.3.5/s32ds/build_tools/gcc_v10.2/gcc-10.2-arm32-eabi/bin/../lib/gcc/arm-none-eabi/10.2.0/../../../../arm-none-eabi/lib/thumb/v7e-m+fp/hard\libc_nano.a(lib_a-memset.o)
 *(.data*)
                0x200053f0                . = ALIGN (0x4)
 *fill*         0x200053ed        0x3 
 *(.mcal_data)
 .mcal_data     0x200053f0        0x1 ./RTD/src/Clock_Ip.o
                0x200053f0                Clock_Ip_bSentFromUpdateDriverContext
 *fill*         0x200053f1        0x3 
 .mcal_data     0x200053f4       0x2c ./RTD/src/Clock_Ip_Frequency.o
 .mcal_data     0x20005420        0x2 ./RTD/src/Clock_Ip_Specific.o
 *fill*         0x20005422        0x2 
 .mcal_data     0x20005424       0x14 ./RTD/src/Gpio_Dio_Ip.o
                0x20005424                GpioBaseAdresses
 .mcal_data     0x20005438        0x4 ./RTD/src/Power_Ip.o
                0x20005438                Power_Ip_pfReportErrorsCallback
                0x2000543c                . = ALIGN (0x4)
 *(.mcal_data_no_cacheable)
                0x20005440                . = ALIGN (0x10)
 *fill*         0x2000543c        0x4 
                0x20005440                __sram_bss_start = .
 *(.bss)
 .bss           0x20005440        0x0 ./Project_Settings/Startup_Code/Vector_Table.o
 .bss           0x20005440        0x0 ./Project_Settings/Startup_Code/exceptions.o
 .bss           0x20005440        0x0 ./Project_Settings/Startup_Code/nvic.o
 .bss           0x20005440        0x0 ./Project_Settings/Startup_Code/startup.o
 .bss           0x20005440        0x0 ./Project_Settings/Startup_Code/startup_cm4.o
 .bss           0x20005440        0x4 ./Project_Settings/Startup_Code/system.o
                0x20005440                RESET_CATCH_CORE
 .bss           0x20005444        0x0 ./RTD/src/Adc.o
 .bss           0x20005444        0x0 ./RTD/src/Adc_Ip.o
 .bss           0x20005444        0x0 ./RTD/src/Adc_Ip_Irq.o
 .bss           0x20005444        0x0 ./RTD/src/Adc_Ipw.o
 .bss           0x20005444        0x0 ./RTD/src/Adc_Ipw_Irq.o
 .bss           0x20005444        0x0 ./RTD/src/Clock_Ip.o
 .bss           0x20005444        0x0 ./RTD/src/Clock_Ip_Data.o
 .bss           0x20005444        0x0 ./RTD/src/Clock_Ip_Divider.o
 .bss           0x20005444        0x0 ./RTD/src/Clock_Ip_DividerTrigger.o
 .bss           0x20005444        0x0 ./RTD/src/Clock_Ip_ExtOsc.o
 .bss           0x20005444        0x0 ./RTD/src/Clock_Ip_FracDiv.o
 .bss           0x20005444        0x0 ./RTD/src/Clock_Ip_Frequency.o
 .bss           0x20005444        0x0 ./RTD/src/Clock_Ip_Gate.o
 .bss           0x20005444        0x0 ./RTD/src/Clock_Ip_IntOsc.o
 .bss           0x20005444        0x0 ./RTD/src/Clock_Ip_Irq.o
 .bss           0x20005444        0x0 ./RTD/src/Clock_Ip_Monitor.o
 .bss           0x20005444        0x0 ./RTD/src/Clock_Ip_Pll.o
 .bss           0x20005444        0x0 ./RTD/src/Clock_Ip_ProgFreqSwitch.o
 .bss           0x20005444        0x0 ./RTD/src/Clock_Ip_Selector.o
 .bss           0x20005444        0x0 ./RTD/src/Clock_Ip_Specific.o
 .bss           0x20005444        0x0 ./RTD/src/Det.o
 .bss           0x20005444        0x0 ./RTD/src/Dio.o
 .bss           0x20005444        0x0 ./RTD/src/Dio_Ipw.o
 .bss           0x20005444        0x0 ./RTD/src/Ftm_Gpt_Ip.o
 .bss           0x20005444        0x0 ./RTD/src/Gpio_Dio_Ip.o
 .bss           0x20005444        0x0 ./RTD/src/Gpt.o
 .bss           0x20005444        0x0 ./RTD/src/Gpt_Ipw.o
 .bss           0x20005444        0x0 ./RTD/src/IntCtrl_Ip.o
 .bss           0x20005444       0x40 ./RTD/src/LPit_Gpt_Ip.o
 .bss           0x20005484        0x0 ./RTD/src/Lptmr_Gpt_Ip.o
 .bss           0x20005484        0x0 ./RTD/src/Mcu.o
 .bss           0x20005484        0x0 ./RTD/src/Mcu_Dem_Wrapper.o
 .bss           0x20005484        0x0 ./RTD/src/Mcu_Ipw.o
 .bss           0x20005484        0x0 ./RTD/src/Mcu_Ipw_Irq.o
 .bss           0x20005484        0x0 ./RTD/src/Mpu_Ip.o
 .bss           0x20005484        0x0 ./RTD/src/OsIf_Interrupts.o
 .bss           0x20005484        0x0 ./RTD/src/OsIf_Timer.o
 .bss           0x20005484        0x0 ./RTD/src/OsIf_Timer_System.o
 .bss           0x20005484        0x0 ./RTD/src/OsIf_Timer_System_Internal_Systick.o
 .bss           0x20005484        0x0 ./RTD/src/Pdb_Adc_Ip.o
 .bss           0x20005484        0x0 ./RTD/src/Pdb_Adc_Ip_Irq.o
 .bss           0x20005484        0x0 ./RTD/src/Platform.o
 .bss           0x20005484        0x0 ./RTD/src/Platform_Ipw.o
 .bss           0x20005484        0x0 ./RTD/src/Port.o
 .bss           0x20005484        0x0 ./RTD/src/Port_Ci_Port_Ip.o
 .bss           0x20005484        0x0 ./RTD/src/Port_Ipw.o
 .bss           0x20005484        0x0 ./RTD/src/Power_Ip.o
 .bss           0x20005484        0x0 ./RTD/src/Power_Ip_AEC.o
 .bss           0x20005484        0x0 ./RTD/src/Power_Ip_CortexM4.o
 .bss           0x20005484        0x0 ./RTD/src/Power_Ip_PMC.o
 .bss           0x20005484        0x0 ./RTD/src/Power_Ip_PMC_Irq.o
 .bss           0x20005484        0x0 ./RTD/src/Power_Ip_Private.o
 .bss           0x20005484        0x0 ./RTD/src/Power_Ip_RCM.o
 .bss           0x20005484        0x0 ./RTD/src/Power_Ip_RCM_Irq.o
 .bss           0x20005484        0x0 ./RTD/src/Power_Ip_SIM.o
 .bss           0x20005484        0x0 ./RTD/src/Power_Ip_SMC.o
 .bss           0x20005484        0x0 ./RTD/src/Ram_Ip.o
 .bss           0x20005484        0x0 ./RTD/src/SRtc_Ip.o
 .bss           0x20005484        0x0 ./RTD/src/SchM_Adc.o
 .bss           0x20005484        0x0 ./RTD/src/SchM_Dio.o
 .bss           0x20005484        0x0 ./RTD/src/SchM_Gpt.o
 .bss           0x20005484        0x0 ./RTD/src/SchM_Mcu.o
 .bss           0x20005484        0x0 ./RTD/src/SchM_Platform.o
 .bss           0x20005484        0x0 ./RTD/src/SchM_Port.o
 .bss           0x20005484        0x0 ./RTD/src/System_Ip.o
 .bss           0x20005484        0x0 ./board/Port_Ci_Port_Ip_Cfg.o
 .bss           0x20005484        0x0 ./generate/src/Adc_Cfg.o
 .bss           0x20005484        0x0 ./generate/src/Adc_Ip_PBcfg.o
 .bss           0x20005484        0x0 ./generate/src/Adc_Ipw_PBcfg.o
 .bss           0x20005484        0x0 ./generate/src/Adc_PBcfg.o
 .bss           0x20005484        0x0 ./generate/src/Clock_Ip_Cfg.o
 .bss           0x20005484        0x0 ./generate/src/Clock_Ip_PBcfg.o
 .bss           0x20005484        0x0 ./generate/src/Dio_Cfg.o
 .bss           0x20005484        0x0 ./generate/src/Ftm_Gpt_Ip_PBcfg.o
 .bss           0x20005484        0x0 ./generate/src/Gpt_Cfg.o
 .bss           0x20005484        0x0 ./generate/src/Gpt_Ipw_PBcfg.o
 .bss           0x20005484        0x0 ./generate/src/Gpt_PBcfg.o
 .bss           0x20005484        0x0 ./generate/src/IntCtrl_Ip_Cfg.o
 .bss           0x20005484        0x0 ./generate/src/LPit_Gpt_Ip_PBcfg.o
 .bss           0x20005484        0x0 ./generate/src/Lptmr_Gpt_Ip_PBcfg.o
 .bss           0x20005484        0x0 ./generate/src/Mcu_Cfg.o
 .bss           0x20005484        0x0 ./generate/src/Mcu_PBcfg.o
 .bss           0x20005484        0x0 ./generate/src/Mpu_Ip_Cfg.o
 .bss           0x20005484        0x0 ./generate/src/OsIf_Cfg.o
 .bss           0x20005484        0x0 ./generate/src/Pdb_Adc_Ip_PBcfg.o
 .bss           0x20005484        0x0 ./generate/src/Platform_Cfg.o
 .bss           0x20005484        0x0 ./generate/src/Platform_Ipw_Cfg.o
 .bss           0x20005484        0x0 ./generate/src/Port_Cfg.o
 .bss           0x20005484        0x0 ./generate/src/Port_Ci_Port_Ip_PBcfg.o
 .bss           0x20005484        0x0 ./generate/src/Port_PBcfg.o
 .bss           0x20005484        0x0 ./generate/src/Power_Ip_Cfg.o
 .bss           0x20005484        0x0 ./generate/src/Power_Ip_PBcfg.o
 .bss           0x20005484        0x0 ./generate/src/Ram_Ip_Cfg.o
 .bss           0x20005484        0x0 ./generate/src/Ram_Ip_PBcfg.o
 .bss           0x20005484        0x0 ./generate/src/SRtc_Ip_PBcfg.o
 .bss           0x20005484       0x1c ./src/Application.o
                0x20005484                ADC_Process_Flag