Archive member included to satisfy reference by file (symbol)

c:/nxp/s32ds.3.5/s32ds/build_tools/gcc_v10.2/gcc-10.2-arm32-eabi/bin/../lib/gcc/arm-none-eabi/10.2.0/../../../../arm-none-eabi/lib/thumb/v7e-m+fp/hard\libc_nano.a(lib_a-memcpy-stub.o)
                              ./src/BSW_CDD_UART/CDD_UARTManager.o (memcpy)
c:/nxp/s32ds.3.5/s32ds/build_tools/gcc_v10.2/gcc-10.2-arm32-eabi/bin/../lib/gcc/arm-none-eabi/10.2.0/../../../../arm-none-eabi/lib/thumb/v7e-m+fp/hard\libc_nano.a(lib_a-memset.o)
                              ./Project_Settings/Startup_Code/startup.o (memset)

Discarded input sections

 .group         0x00000000        0xc ./Project_Settings/Startup_Code/exceptions.o
 .group         0x00000000        0xc ./Project_Settings/Startup_Code/exceptions.o
 .group         0x00000000        0xc ./Project_Settings/Startup_Code/exceptions.o
 .group         0x00000000        0xc ./Project_Settings/Startup_Code/exceptions.o
 .group         0x00000000        0xc ./Project_Settings/Startup_Code/exceptions.o
 .group         0x00000000        0xc ./Project_Settings/Startup_Code/exceptions.o
 .group         0x00000000        0xc ./Project_Settings/Startup_Code/exceptions.o
 .group         0x00000000        0xc ./Project_Settings/Startup_Code/exceptions.o
 .group         0x00000000        0xc ./Project_Settings/Startup_Code/exceptions.o
 .group         0x00000000        0xc ./Project_Settings/Startup_Code/exceptions.o
 .group         0x00000000        0xc ./Project_Settings/Startup_Code/exceptions.o
 .group         0x00000000        0xc ./Project_Settings/Startup_Code/exceptions.o
 .group         0x00000000        0xc ./Project_Settings/Startup_Code/exceptions.o
 .group         0x00000000        0xc ./Project_Settings/Startup_Code/exceptions.o
 .group         0x00000000        0xc ./Project_Settings/Startup_Code/exceptions.o
 .group         0x00000000        0xc ./Project_Settings/Startup_Code/exceptions.o
 .group         0x00000000        0xc ./Project_Settings/Startup_Code/exceptions.o
 .group         0x00000000        0xc ./Project_Settings/Startup_Code/exceptions.o
 .group         0x00000000        0xc ./Project_Settings/Startup_Code/exceptions.o
 .group         0x00000000        0xc ./Project_Settings/Startup_Code/exceptions.o
 .group         0x00000000        0xc ./Project_Settings/Startup_Code/exceptions.o
 .group         0x00000000        0xc ./Project_Settings/Startup_Code/exceptions.o
 .group         0x00000000        0xc ./Project_Settings/Startup_Code/exceptions.o
 .group         0x00000000        0xc ./Project_Settings/Startup_Code/exceptions.o
 .group         0x00000000        0xc ./Project_Settings/Startup_Code/nvic.o
 .group         0x00000000        0xc ./Project_Settings/Startup_Code/nvic.o
 .group         0x00000000        0xc ./Project_Settings/Startup_Code/nvic.o
 .group         0x00000000        0xc ./Project_Settings/Startup_Code/nvic.o
 .group         0x00000000        0xc ./Project_Settings/Startup_Code/nvic.o
 .group         0x00000000        0xc ./Project_Settings/Startup_Code/nvic.o
 .group         0x00000000        0xc ./Project_Settings/Startup_Code/nvic.o
 .group         0x00000000        0xc ./Project_Settings/Startup_Code/nvic.o
 .group         0x00000000        0xc ./Project_Settings/Startup_Code/nvic.o
 .group         0x00000000        0xc ./Project_Settings/Startup_Code/nvic.o
 .group         0x00000000        0xc ./Project_Settings/Startup_Code/nvic.o
 .group         0x00000000        0xc ./Project_Settings/Startup_Code/nvic.o
 .group         0x00000000        0xc ./Project_Settings/Startup_Code/nvic.o
 .group         0x00000000        0xc ./Project_Settings/Startup_Code/nvic.o
 .group         0x00000000        0xc ./Project_Settings/Startup_Code/nvic.o
 .group         0x00000000        0xc ./Project_Settings/Startup_Code/nvic.o
 .group         0x00000000        0xc ./Project_Settings/Startup_Code/nvic.o
 .group         0x00000000        0xc ./Project_Settings/Startup_Code/nvic.o
 .group         0x00000000        0xc ./Project_Settings/Startup_Code/nvic.o
 .group         0x00000000        0xc ./Project_Settings/Startup_Code/nvic.o
 .group         0x00000000        0xc ./Project_Settings/Startup_Code/nvic.o
 .group         0x00000000        0xc ./Project_Settings/Startup_Code/nvic.o
 .group         0x00000000        0xc ./Project_Settings/Startup_Code/nvic.o
 .group         0x00000000        0xc ./Project_Settings/Startup_Code/nvic.o
 .group         0x00000000        0xc ./Project_Settings/Startup_Code/nvic.o
 .group         0x00000000        0xc ./Project_Settings/Startup_Code/nvic.o
 .group         0x00000000        0xc ./Project_Settings/Startup_Code/nvic.o
 .group         0x00000000        0xc ./Project_Settings/Startup_Code/nvic.o
 .group         0x00000000        0xc ./Project_Settings/Startup_Code/nvic.o
 .group         0x00000000        0xc ./Project_Settings/Startup_Code/nvic.o
 .group         0x00000000        0xc ./Project_Settings/Startup_Code/nvic.o
[...]
Memory Configuration

Name             Origin             Length             Attributes
int_flash_interrupts 0x00000000         0x00000400
int_flash_config 0x00000400         0x00000010
int_flash        0x00000410         0x0007fbf0
int_sram_results 0x1fff8000         0x00000100
int_sram         0x1fff8100         0x0000df00
int_sram_stack_c0 0x20006000         0x00001000
ram_rsvd2        0x20007000         0x00000000
*default*        0x00000000         0xffffffff

Linker script and memory map

LOAD ./Project_Settings/Startup_Code/Vector_Table.o
LOAD ./Project_Settings/Startup_Code/exceptions.o
LOAD ./Project_Settings/Startup_Code/nvic.o
LOAD ./Project_Settings/Startup_Code/startup.o
LOAD ./Project_Settings/Startup_Code/startup_cm4.o
LOAD ./Project_Settings/Startup_Code/system.o
LOAD ./RTD/src/Adc.o
LOAD ./RTD/src/Adc_Ip.o
LOAD ./RTD/src/Adc_Ip_Irq.o
LOAD ./RTD/src/Adc_Ipw.o
LOAD ./RTD/src/Adc_Ipw_Irq.o
LOAD ./RTD/src/Clock_Ip.o
LOAD ./RTD/src/Clock_Ip_Data.o
LOAD ./RTD/src/Clock_Ip_Divider.o
LOAD ./RTD/src/Clock_Ip_DividerTrigger.o
LOAD ./RTD/src/Clock_Ip_ExtOsc.o
LOAD ./RTD/src/Clock_Ip_FracDiv.o
LOAD ./RTD/src/Clock_Ip_Frequency.o
LOAD ./RTD/src/Clock_Ip_Gate.o
LOAD ./RTD/src/Clock_Ip_IntOsc.o
LOAD ./RTD/src/Clock_Ip_Irq.o
LOAD ./RTD/src/Clock_Ip_Monitor.o
LOAD ./RTD/src/Clock_Ip_Pll.o
LOAD ./RTD/src/Clock_Ip_ProgFreqSwitch.o
LOAD ./RTD/src/Clock_Ip_Selector.o
LOAD ./RTD/src/Clock_Ip_Specific.o
LOAD ./RTD/src/Det.o
LOAD ./RTD/src/Dio.o
LOAD ./RTD/src/Dio_Ipw.o
LOAD ./RTD/src/Ftm_Gpt_Ip.o
LOAD ./RTD/src/Gpio_Dio_Ip.o
LOAD ./RTD/src/Gpt.o
LOAD ./RTD/src/Gpt_Ipw.o
LOAD ./RTD/src/IntCtrl_Ip.o
LOAD ./RTD/src/LPit_Gpt_Ip.o
LOAD ./RTD/src/Lptmr_Gpt_Ip.o
LOAD ./RTD/src/Mcu.o
LOAD ./RTD/src/Mcu_Dem_Wrapper.o
LOAD ./RTD/src/Mcu_Ipw.o
LOAD ./RTD/src/Mcu_Ipw_Irq.o
LOAD ./RTD/src/Mpu_Ip.o
LOAD ./RTD/src/OsIf_Interrupts.o
LOAD ./RTD/src/OsIf_Timer.o
LOAD ./RTD/src/OsIf_Timer_System.o
LOAD ./RTD/src/OsIf_Timer_System_Internal_Systick.o
LOAD ./RTD/src/Pdb_Adc_Ip.o
LOAD ./RTD/src/Pdb_Adc_Ip_Irq.o
LOAD ./RTD/src/Platform.o
LOAD ./RTD/src/Platform_Ipw.o
LOAD ./RTD/src/Port.o
LOAD ./RTD/src/Port_Ci_Port_Ip.o
LOAD ./RTD/src/Port_Ipw.o
LOAD ./RTD/src/Power_Ip.o
LOAD ./RTD/src/Power_Ip_AEC.o
LOAD ./RTD/src/Power_Ip_CortexM4.o
LOAD ./RTD/src/Power_Ip_PMC.o
LOAD ./RTD/src/Power_Ip_PMC_Irq.o
LOAD ./RTD/src/Power_Ip_Private.o
LOAD ./RTD/src/Power_Ip_RCM.o
LOAD ./RTD/src/Power_Ip_RCM_Irq.o
LOAD ./RTD/src/Power_Ip_SIM.o
LOAD ./RTD/src/Power_Ip_SMC.o
LOAD ./RTD/src/Ram_Ip.o
LOAD ./RTD/src/SRtc_Ip.o
LOAD ./RTD/src/SchM_Adc.o
LOAD ./RTD/src/SchM_Dio.o
LOAD ./RTD/src/SchM_Gpt.o
LOAD ./RTD/src/SchM_Mcu.o
LOAD ./RTD/src/SchM_Platform.o
LOAD ./RTD/src/SchM_Port.o
LOAD ./RTD/src/System_Ip.o
LOAD ./board/Port_Ci_Port_Ip_Cfg.o
LOAD ./generate/src/Adc_Cfg.o
LOAD ./generate/src/Adc_Ip_PBcfg.o
LOAD ./generate/src/Adc_Ipw_PBcfg.o
LOAD ./generate/src/Adc_PBcfg.o
LOAD ./generate/src/Clock_Ip_Cfg.o
LOAD ./generate/src/Clock_Ip_PBcfg.o
LOAD ./generate/src/Dio_Cfg.o
LOAD ./generate/src/Ftm_Gpt_Ip_PBcfg.o
LOAD ./generate/src/Gpt_Cfg.o
LOAD ./generate/src/Gpt_Ipw_PBcfg.o
LOAD ./generate/src/Gpt_PBcfg.o
LOAD ./generate/src/IntCtrl_Ip_Cfg.o
LOAD ./generate/src/LPit_Gpt_Ip_PBcfg.o
LOAD ./generate/src/Lptmr_Gpt_Ip_PBcfg.o
LOAD ./generate/src/Mcu_Cfg.o
LOAD ./generate/src/Mcu_PBcfg.o
LOAD ./generate/src/Mpu_Ip_Cfg.o
LOAD ./generate/src/OsIf_Cfg.o
LOAD ./generate/src/Pdb_Adc_Ip_PBcfg.o
LOAD ./generate/src/Platform_Cfg.o
LOAD ./generate/src/Platform_Ipw_Cfg.o
LOAD ./generate/src/Port_Cfg.o
LOAD ./generate/src/Port_Ci_Port_Ip_PBcfg.o
LOAD ./generate/src/Port_PBcfg.o
LOAD ./generate/src/Power_Ip_Cfg.o
LOAD ./generate/src/Power_Ip_PBcfg.o
LOAD ./generate/src/Ram_Ip_Cfg.o
LOAD ./generate/src/Ram_Ip_PBcfg.o
LOAD ./generate/src/SRtc_Ip_PBcfg.o
LOAD ./src/Application.o
LOAD ./src/BSW_CDD_UART/CDD_UARTManager.o
LOAD ./src/BSW_CDD_UART/CDD_UARTManager_Queue.o
LOAD ./src/BSW_CDD_UART/HAL_S32K144_LPUART.o
LOAD ./src/RTE/RTE.o
LOAD ./src/SWC/SWC_Actuator_LedController.o
LOAD ./src/SWC/SWC_Color_Controller.o
LOAD ./src/SWC/SWC_Override_Color.o
LOAD ./src/SWC/SWC_SensorPotentiometer.o
LOAD ./src/SWC/SWC_SystemInit.o
LOAD ./src/SWC/SWC_TaskManager.o
LOAD c:/nxp/s32ds.3.5/s32ds/build_tools/gcc_v10.2/gcc-10.2-arm32-eabi/bin/../lib/gcc/arm-none-eabi/10.2.0/../../../../arm-none-eabi/lib/thumb/v7e-m+fp/hard\libc_nano.a
LOAD c:/nxp/s32ds.3.5/s32ds/build_tools/gcc_v10.2/gcc-10.2-arm32-eabi/bin/../lib/gcc/arm-none-eabi/10.2.0/../../../../arm-none-eabi/lib/thumb/v7e-m+fp/hard\libm.a
LOAD c:/nxp/s32ds.3.5/s32ds/build_tools/gcc_v10.2/gcc-10.2-arm32-eabi/bin/../lib/gcc/arm-none-eabi/10.2.0/thumb/v7e-m+fp/hard\libgcc.a
START GROUP
LOAD c:/nxp/s32ds.3.5/s32ds/build_tools/gcc_v10.2/gcc-10.2-arm32-eabi/bin/../lib/gcc/arm-none-eabi/10.2.0/thumb/v7e-m+fp/hard\libgcc.a
LOAD c:/nxp/s32ds.3.5/s32ds/build_tools/gcc_v10.2/gcc-10.2-arm32-eabi/bin/../lib/gcc/arm-none-eabi/10.2.0/../../../../arm-none-eabi/lib/thumb/v7e-m+fp/hard\libg_nano.a
LOAD c:/nxp/s32ds.3.5/s32ds/build_tools/gcc_v10.2/gcc-10.2-arm32-eabi/bin/../lib/gcc/arm-none-eabi/10.2.0/../../../../arm-none-eabi/lib/thumb/v7e-m+fp/hard\libc_nano.a
END GROUP
START GROUP
LOAD c:/nxp/s32ds.3.5/s32ds/build_tools/gcc_v10.2/gcc-10.2-arm32-eabi/bin/../lib/gcc/arm-none-eabi/10.2.0/thumb/v7e-m+fp/hard\libgcc.a
LOAD c:/nxp/s32ds.3.5/s32ds/build_tools/gcc_v10.2/gcc-10.2-arm32-eabi/bin/../lib/gcc/arm-none-eabi/10.2.0/../../../../arm-none-eabi/lib/thumb/v7e-m+fp/hard\libc_nano.a
LOAD c:/nxp/s32ds.3.5/s32ds/build_tools/gcc_v10.2/gcc-10.2-arm32-eabi/bin/../lib/gcc/arm-none-eabi/10.2.0/../../../../arm-none-eabi/lib/thumb/v7e-m+fp/hard\libnosys.a
END GROUP
START GROUP
LOAD c:/nxp/s32ds.3.5/s32ds/build_tools/gcc_v10.2/gcc-10.2-arm32-eabi/bin/../lib/gcc/arm-none-eabi/10.2.0/thumb/v7e-m+fp/hard\libgcc.a
LOAD c:/nxp/s32ds.3.5/s32ds/build_tools/gcc_v10.2/gcc-10.2-arm32-eabi/bin/../lib/gcc/arm-none-eabi/10.2.0/../../../../arm-none-eabi/lib/thumb/v7e-m+fp/hard\libc_nano.a
LOAD c:/nxp/s32ds.3.5/s32ds/build_tools/gcc_v10.2/gcc-10.2-arm32-eabi/bin/../lib/gcc/arm-none-eabi/10.2.0/../../../../arm-none-eabi/lib/thumb/v7e-m+fp/hard\libnosys.a
END GROUP
                0x00000200                HEAP_SIZE = DEFINED (__heap_size__)?__heap_size__:0x200

.flash_interrupts
                0x00000000      0x310
                0x00000000                . = ALIGN (0x800)
                0x00000000                __interrupts_rom_start = .
 *(.intc_vector)
 .intc_vector   0x00000000      0x310 ./Project_Settings/Startup_Code/Vector_Table.o
                0x00000000                VTABLE
                0x00000310                . = ALIGN (0x4)
                0x00000310                __interrupts_rom_end = .

.flash_config   0x00000400       0x10
 *(.flash_config)
 .flash_config  0x00000400       0x10 ./Project_Settings/Startup_Code/startup_cm4.o

.flash          0x00000410     0xcf04
                0x00000410                . = ALIGN (0x4)
 *(.startup)
 .startup       0x00000410       0xb8 ./Project_Settings/Startup_Code/startup_cm4.o
                0x00000410                Reset_Handler
                0x00000410                _start
                0x00000494                MCAL_LTB_TRACE_OFF
                0x00000496                _end_of_eunit_test
                0x000004c8                . = ALIGN (0x4)
 *(.systeminit)
 .systeminit    0x000004c8        0x2 ./Project_Settings/Startup_Code/exceptions.o
                0x000004c8                NMI_Handler
 *fill*         0x000004ca        0x2 
 .systeminit    0x000004cc       0x88 ./Project_Settings/Startup_Code/system.o
                0x000004cc                SystemInit
                0x00000554                . = ALIGN (0x4)
 *(.text.startup)
 .text.startup  0x00000554       0x36 ./src/Application.o
                0x00000554                main
                0x0000058c                . = ALIGN (0x4)
 *fill*         0x0000058a        0x2 
 *(.text)
 .text          0x0000058c        0x0 ./Project_Settings/Startup_Code/Vector_Table.o
 .text          0x0000058c       0x12 ./Project_Settings/Startup_Code/exceptions.o
                0x0000058c                HardFault_Handler
                0x0000058e                MemManage_Handler
                0x00000590                BusFault_Handler
                0x00000592                UsageFault_Handler
                0x00000594                SVC_Handler
                0x00000596                DebugMon_Handler
                0x00000598                PendSV_Handler
                0x0000059a                SysTick_Handler
                0x0000059c                undefined_handler
 *fill*         0x0000059e        0x2 
 .text          0x000005a0       0x5c ./Project_Settings/Startup_Code/nvic.o
                0x000005a0                NVIC_SetPriorityGrouping
                0x000005b4                NVIC_EnableIRQ
                0x000005cc                NVIC_DisableIRQ
                0x000005e8                NVIC_SetPriority
 .text          0x000005fc       0x50 ./Project_Settings/Startup_Code/startup.o
                0x000005fc                init_data_bss
 .text          0x0000064c        0x0 ./Project_Settings/Startup_Code/startup_cm4.o
 .text          0x0000064c        0x8 ./Project_Settings/Startup_Code/system.o
                0x0000064c                startup_go_to_user_mode
                0x0000064e                default_interrupt_routine
                0x00000650                Sys_GetCoreID
 .text          0x00000654        0x0 ./RTD/src/Adc.o
 .text          0x00000654        0x0 ./RTD/src/Adc_Ip.o
 .text          0x00000654        0x0 ./RTD/src/Adc_Ip_Irq.o
 .text          0x00000654        0x0 ./RTD/src/Adc_Ipw.o
 .text          0x00000654        0x0 ./RTD/src/Adc_Ipw_Irq.o
 .text          0x00000654        0x0 ./RTD/src/Clock_Ip.o
 .text          0x00000654        0x0 ./RTD/src/Clock_Ip_Data.o
 .text          0x00000654        0x0 ./RTD/src/Clock_Ip_Divider.o
 .text          0x00000654        0x0 ./RTD/src/Clock_Ip_DividerTrigger.o
 .text          0x00000654        0x0 ./RTD/src/Clock_Ip_ExtOsc.o
 .text          0x00000654        0x0 ./RTD/src/Clock_Ip_FracDiv.o
 .text          0x00000654        0x0 ./RTD/src/Clock_Ip_Frequency.o
 .text          0x00000654        0x0 ./RTD/src/Clock_Ip_Gate.o
 .text          0x00000654        0x0 ./RTD/src/Clock_Ip_IntOsc.o
 .text          0x00000654        0x0 ./RTD/src/Clock_Ip_Irq.o
 .text          0x00000654        0x0 ./RTD/src/Clock_Ip_Monitor.o
 .text          0x00000654        0x0 ./RTD/src/Clock_Ip_Pll.o
 .text          0x00000654        0x0 ./RTD/src/Clock_Ip_ProgFreqSwitch.o
 .text          0x00000654        0x0 ./RTD/src/Clock_Ip_Selector.o
 .text          0x00000654        0x0 ./RTD/src/Clock_Ip_Specific.o
 .text          0x00000654        0x0 ./RTD/src/Det.o
 .text          0x00000654        0x0 ./RTD/src/Dio.o
 .text          0x00000654        0x0 ./RTD/src/Dio_Ipw.o
 .text          0x00000654        0x0 ./RTD/src/Ftm_Gpt_Ip.o
 .text          0x00000654        0x0 ./RTD/src/Gpio_Dio_Ip.o
 .text          0x00000654        0x0 ./RTD/src/Gpt.o
 .text          0x00000654        0x0 ./RTD/src/Gpt_Ipw.o
 .text          0x00000654       0x14 ./RTD/src/IntCtrl_Ip.o
 .text          0x00000668       0x88 ./RTD/src/LPit_Gpt_Ip.o
 .text          0x000006f0        0x0 ./RTD/src/Lptmr_Gpt_Ip.o
 .text          0x000006f0        0x0 ./RTD/src/Mcu.o
 .text          0x000006f0        0x0 ./RTD/src/Mcu_Dem_Wrapper.o
 .text          0x000006f0        0x0 ./RTD/src/Mcu_Ipw.o
 .text          0x000006f0        0x0 ./RTD/src/Mcu_Ipw_Irq.o
 .text          0x000006f0       0x14 ./RTD/src/Mpu_Ip.o
 .text          0x00000704        0x0 ./RTD/src/OsIf_Interrupts.o
 .text          0x00000704        0x0 ./RTD/src/OsIf_Timer.o
 .text          0x00000704        0x0 ./RTD/src/OsIf_Timer_System.o
 .text          0x00000704        0x0 ./RTD/src/OsIf_Timer_System_Internal_Systick.o
 .text          0x00000704        0x0 ./RTD/src/Pdb_Adc_Ip.o
 .text          0x00000704        0x0 ./RTD/src/Pdb_Adc_Ip_Irq.o
 .text          0x00000704        0x0 ./RTD/src/Platform.o
 .text          0x00000704        0x0 ./RTD/src/Platform_Ipw.o
 .text          0x00000704        0x0 ./RTD/src/Port.o
 .text          0x00000704       0x14 ./RTD/src/Port_Ci_Port_Ip.o
 .text          0x00000718        0x0 ./RTD/src/Port_Ipw.o
 .text          0x00000718        0x0 ./RTD/src/Power_Ip.o
 .text          0x00000718        0x0 ./RTD/src/Power_Ip_AEC.o
 .text          0x00000718        0x0 ./RTD/src/Power_Ip_CortexM4.o
 .text          0x00000718        0x0 ./RTD/src/Power_Ip_PMC.o
 .text          0x00000718        0x0 ./RTD/src/Power_Ip_PMC_Irq.o
 .text          0x00000718        0x0 ./RTD/src/Power_Ip_Private.o
 .text          0x00000718        0x0 ./RTD/src/Power_Ip_RCM.o
 .text          0x00000718        0x0 ./RTD/src/Power_Ip_RCM_Irq.o
 .text          0x00000718        0x0 ./RTD/src/Power_Ip_SIM.o
 .text          0x00000718        0x0 ./RTD/src/Power_Ip_SMC.o
 .text          0x00000718        0x0 ./RTD/src/Ram_Ip.o
 .text          0x00000718        0x0 ./RTD/src/SRtc_Ip.o
 .text          0x00000718        0x6 ./RTD/src/SchM_Adc.o
                0x00000718                Adc_schm_read_msr
 .text          0x0000071e        0x6 ./RTD/src/SchM_Dio.o
                0x0000071e                Dio_schm_read_msr
 .text          0x00000724        0x6 ./RTD/src/SchM_Gpt.o
                0x00000724                Gpt_schm_read_msr
 .text          0x0000072a        0x6 ./RTD/src/SchM_Mcu.o
                0x0000072a                Mcu_schm_read_msr
 .text          0x00000730        0x6 ./RTD/src/SchM_Platform.o
                0x00000730                Platform_schm_read_msr
 .text          0x00000736        0x6 ./RTD/src/SchM_Port.o
                0x00000736                Port_schm_read_msr
 .text          0x0000073c        0x0 ./RTD/src/System_Ip.o
 .text          0x0000073c        0x0 ./board/Port_Ci_Port_Ip_Cfg.o
 .text          0x0000073c        0x0 ./generate/src/Adc_Cfg.o
 .text          0x0000073c        0x0 ./generate/src/Adc_Ip_PBcfg.o
 .text          0x0000073c        0x0 ./generate/src/Adc_Ipw_PBcfg.o
 .text          0x0000073c        0x0 ./generate/src/Adc_PBcfg.o
 .text          0x0000073c        0x0 ./generate/src/Clock_Ip_Cfg.o
 .text          0x0000073c        0x0 ./generate/src/Clock_Ip_PBcfg.o
 .text          0x0000073c        0x0 ./generate/src/Dio_Cfg.o
 .text          0x0000073c        0x0 ./generate/src/Ftm_Gpt_Ip_PBcfg.o
 .text          0x0000073c        0x0 ./generate/src/Gpt_Cfg.o
 .text          0x0000073c        0x0 ./generate/src/Gpt_Ipw_PBcfg.o
 .text          0x0000073c        0x0 ./generate/src/Gpt_PBcfg.o
 .text          0x0000073c        0x0 ./generate/src/IntCtrl_Ip_Cfg.o
 .text          0x0000073c        0x0 ./generate/src/LPit_Gpt_Ip_PBcfg.o
 .text          0x0000073c        0x0 ./generate/src/Lptmr_Gpt_Ip_PBcfg.o
 .text          0x0000073c        0x0 ./generate/src/Mcu_Cfg.o
 .text          0x0000073c        0x0 ./generate/src/Mcu_PBcfg.o
 .text          0x0000073c        0x0 ./generate/src/Mpu_Ip_Cfg.o
 .text          0x0000073c        0x0 ./generate/src/OsIf_Cfg.o
 .text          0x0000073c        0x0 ./generate/src/Pdb_Adc_Ip_PBcfg.o
 .text          0x0000073c        0x0 ./generate/src/Platform_Cfg.o
 .text          0x0000073c        0x0 ./generate/src/Platform_Ipw_Cfg.o
 .text          0x0000073c        0x0 ./generate/src/Port_Cfg.o
 .text          0x0000073c        0x0 ./generate/src/Port_Ci_Port_Ip_PBcfg.o
 .text          0x0000073c        0x0 ./generate/src/Port_PBcfg.o
 .text          0x0000073c        0x0 ./generate/src/Power_Ip_Cfg.o
 .text          0x0000073c        0x0 ./generate/src/Power_Ip_PBcfg.o
 .text          0x0000073c        0x0 ./generate/src/Ram_Ip_Cfg.o
 .text          0x0000073c        0x0 ./generate/src/Ram_Ip_PBcfg.o
 .text          0x0000073c        0x0 ./generate/src/SRtc_Ip_PBcfg.o
 .text          0x0000073c        0x0 ./src/Application.o
 .text          0x0000073c      0x118 ./src/BSW_CDD_UART/CDD_UARTManager.o
                0x0000073c                Send_to_Terminal
                0x000007ac                CDD_UART_Start_Service
                0x000007e4                CDD_UART_Stop_Service
                0x000007fc                CDD_UART_Request
                0x00000820                CDD_UART_SendLog
                0x00000840                CDD_UART_RegisterLog
 .text          0x00000854       0xd8 ./src/BSW_CDD_UART/CDD_UARTManager_Queue.o
                0x00000854                UARTController_QueueInit
                0x00000870                UARTController_QueueisFull
                0x000008a0                UARTController_QueueisEmpty
                0x000008b4                UARTController_Enqueue
                0x000008ec                UARTController_Dequeue
 .text          0x0000092c      0x1b8 ./src/BSW_CDD_UART/HAL_S32K144_LPUART.o
                0x0000092c                UART_IRQ_HandlerCallback
                0x00000938                ISR_CAT1_LPUART1_IRQ_Handler
                0x00000944                HAL_LPUART_CalBaudrate
                0x000009a0                HAL_LPUART_DisableTransmit
                0x000009b2                HAL_LPUART_Init
                0x00000a94                HAL_LPUART_ITInit
                0x00000aa4                HAL_LPUART_SendChar
                0x00000aae                HAL_LPUART_SendString
                0x00000ad0                HAL_LPUART_ReceiveChar
 .text          0x00000ae4       0x88 ./src/RTE/RTE.o
                0x00000ae4                Rte_WriteSensorValue
                0x00000af0                Rte_ReadSensorValue
                0x00000afc                Rte_WriteLedActuator
                0x00000b18                Rte_ReadLedActuator
                0x00000b2c                Rte_WriteSensorEvent
                0x00000b40                Rte_ReadSensorEvent
                0x00000b4c                Rte_WriteThresholdEvent
                0x00000b60                Rte_ReadThresholdEvent
 .text          0x00000b6c       0x60 ./src/SWC/SWC_Actuator_LedController.o
                0x00000b6c                ISR_CAT1_ControlLed_Notification
 .text          0x00000bcc       0x30 ./src/SWC/SWC_Color_Controller.o
                0x00000bcc                Task_Color_Controller
 .text          0x00000bfc       0x28 ./src/SWC/SWC_Override_Color.o
                0x00000bfc                Task_OverrideColor
 .text          0x00000c24       0x74 ./src/SWC/SWC_SensorPotentiometer.o
                0x00000c24                ISR_CAT2_ReadADC_Notification
                0x00000c2a                AppSensor_ReadSensor_Trigger
                0x00000c48                AppSensor_ReadSensorValue
 .text          0x00000c98       0xb0 ./src/SWC/SWC_SystemInit.o
                0x00000c98                App_SystemInit_CLKInit
                0x00000cd0                App_SystemInit_TimerInit
                0x00000cec                App_SystemInit_ADCInit
                0x00000d10                App_SystemInit_IOInit
                0x00000d16                App_SystemInit_NotificationInit
                0x00000d30                App_SystemInit_StartTimer
 .text          0x00000d48      0x12c ./src/SWC/SWC_TaskManager.o
                0x00000d48                Task_Create
                0x00000d5c                Active_Task
                0x00000d6c                End_Task
                0x00000d7c                Run_Task
                0x00000da0                Task_Init
                0x00000e0c                Task_Schedule
 .text          0x00000e74        0x0 c:/nxp/s32ds.3.5/s32ds/build_tools/gcc_v10.2/gcc-10.2-arm32-eabi/bin/../lib/gcc/arm-none-eabi/10.2.0/../../../../arm-none-eabi/lib/thumb/v7e-m+fp/hard\libc_nano.a(lib_a-memcpy-stub.o)
 .text          0x00000e74        0x0 c:/nxp/s32ds.3.5/s32ds/build_tools/gcc_v10.2/gcc-10.2-arm32-eabi/bin/../lib/gcc/arm-none-eabi/10.2.0/../../../../arm-none-eabi/lib/thumb/v7e-m+fp/hard\libc_nano.a(lib_a-memset.o)
 *(.text*)
 .text.memcpy   0x00000e74       0x1c c:/nxp/s32ds.3.5/s32ds/build_tools/gcc_v10.2/gcc-10.2-arm32-eabi/bin/../lib/gcc/arm-none-eabi/10.2.0/../../../../arm-none-eabi/lib/thumb/v7e-m+fp/hard\libc_nano.a(lib_a-memcpy-stub.o)
                0x00000e74                memcpy
 .text.memset   0x00000e90       0x10 c:/nxp/s32ds.3.5/s32ds/build_tools/gcc_v10.2/gcc-10.2-arm32-eabi/bin/../lib/gcc/arm-none-eabi/10.2.0/../../../../arm-none-eabi/lib/thumb/v7e-m+fp/hard\libc_nano.a(lib_a-memset.o)
                0x00000e90                memset
                0x00000ea0                . = ALIGN (0x4)
 *(.mcal_text)
 .mcal_text     0x00000ea0      0x65c ./RTD/src/Adc.o
                0x00000eac                Adc_Init
                0x00000f7c                Adc_SetupResultBuffer
                0x00000fa0                Adc_DeInit
                0x000010ac                Adc_StartGroupConversion
                0x00001180                Adc_StopGroupConversion
                0x00001294                Adc_ReadGroup
                0x000013c8                Adc_EnableGroupNotification
                0x000013dc                Adc_DisableGroupNotification
                0x000013f0                Adc_GetGroupStatus
                0x00001400                Adc_GetStreamLastPointer
                0x000014e8                Adc_GetVersionInfo
 .mcal_text     0x000014fc      0x784 ./RTD/src/Adc_Ip.o
                0x00001590                Adc_Ip_SetAveraging
                0x000015bc                Adc_Ip_SetSampleTime
                0x000015e8                Adc_Ip_EnableDma
                0x0000160c                Adc_Ip_DisableDma
                0x00001630                Adc_Ip_SetTriggerMode
                0x00001660                Adc_Ip_SetContinuousMode
                0x00001690                Adc_Ip_SetResolution
                0x000016bc                Adc_Ip_SetClockMode
                0x00001720                Adc_Ip_ConfigChannel
                0x00001774                Adc_Ip_Init
                0x00001890                Adc_Ip_DeInit
                0x000018f4                Adc_Ip_SetDisabledChannel
                0x00001964                Adc_Ip_StartConversion
                0x0000199c                Adc_Ip_GetConvActiveFlag
                0x000019b0                Adc_Ip_GetChanInterrupt
                0x000019c4                Adc_Ip_GetConvCompleteFlag
                0x000019d8                Adc_Ip_GetConvData
                0x000019f0                Adc_Ip_DoCalibration
                0x00001af4                Adc_Ip_ClearLatchedTriggers
                0x00001b50                Adc_Ip_EnableChannelNotification
                0x00001b78                Adc_Ip_DisableChannelNotification
                0x00001ba0                Adc_Ip_ClearTrigErrReg
                0x00001bc4                Adc_Ip_GetTrigErrReg
                0x00001bd8                Adc_Ip_GetDataAddress
                0x00001bec                Adc_Ip_GetChanData
                0x00001c2c                Adc_Ip_IRQHandler
 .mcal_text     0x00001c80       0x1c ./RTD/src/Adc_Ip_Irq.o
                0x00001c80                Adc_0_Isr
                0x00001c8e                Adc_1_Isr
 .mcal_text     0x00001c9c      0x710 ./RTD/src/Adc_Ipw.o
                0x00001c9c                Adc_Ipw_RemoveFromQueue
                0x00001cf8                Adc_Ipw_CalculateNumsBitShift
                0x00001cfc                Adc_Ipw_ConfigureConversion
                0x00001fcc                Adc_Ipw_Init
                0x00001ff0                Adc_Ipw_DeInit
                0x0000204c                Adc_Ipw_StartNormalConversion
                0x00002120                Adc_Ipw_StopCurrentConversion
                0x000021f0                Adc_Ipw_CheckValidConversion
                0x00002218                Adc_Ipw_CheckConversionValuesInRange
                0x00002274                Adc_Ipw_ReadGroup
                0x000023a8                Adc_GetCoreID
 .mcal_text     0x000023ac      0x324 ./RTD/src/Adc_Ipw_Irq.o
                0x00002438                Adc_Ipw_Adc0EndConversionNotification
 .mcal_text     0x000026d0      0x890 ./RTD/src/Clock_Ip.o
                0x000026d2                Clock_Ip_InitClock
                0x00002cac                Clock_Ip_GetPllStatus
                0x00002d50                Clock_Ip_DistributePll
                0x00002e44                Clock_Ip_Init
                0x00002e68                Clock_Ip_DisableClockMonitor
                0x00002e8c                Clock_Ip_InstallNotificationsCallback
                0x00002e98                Clock_Ip_DisableModuleClock
                0x00002ec0                Clock_Ip_EnableModuleClock
                0x00002ee8                Clock_Ip_PowerModeChangeNotification
                0x00002f14                Clock_Ip_GetClockFrequency
                0x00002f18                Clock_Ip_ReportClockErrors
                0x00002f24                Clock_Ip_StartTimeout
                0x00002f44                Clock_Ip_TimeoutExpired
 .mcal_text     0x00002f60      0x230 ./RTD/src/Clock_Ip_Divider.o
                0x00002f62                Clock_Ip_SetScgAsyncDiv1_TrustedCall
                0x00002f98                Clock_Ip_SetScgAsyncDiv2_TrustedCall
                0x00002fd0                Clock_Ip_SetScgRunDivcore_TrustedCall
                0x00002ff0                Clock_Ip_SetScgRunDivbus_TrustedCall
                0x00003010                Clock_Ip_SetScgRunDivslow_TrustedCall
                0x00003030                Clock_Ip_SetScgVlprDivcore_TrustedCall
                0x00003050                Clock_Ip_SetScgVlprDivbus_TrustedCall
                0x00003070                Clock_Ip_SetScgVlprDivslow_TrustedCall
                0x00003090                Clock_Ip_SetScgHsrunDivcore_TrustedCall
                0x000030b0                Clock_Ip_SetScgHsrunDivbus_TrustedCall
                0x000030d0                Clock_Ip_SetScgHsrunDivslow_TrustedCall
                0x000030f0                Clock_Ip_SetSimClkoutDiv_TrustedCall
                0x00003114                Clock_Ip_SetPccPcdDivFrac_TrustedCall
                0x00003158                Clock_Ip_SetSimTraceDivMul_TrustedCall
 .mcal_text     0x00003190        0x2 ./RTD/src/Clock_Ip_DividerTrigger.o
 *fill*         0x00003192        0x2 
 .mcal_text     0x00003194      0x198 ./RTD/src/Clock_Ip_ExtOsc.o
                0x000031e4                Clock_Ip_ResetSOSC_TrustedCall
                0x00003224                Clock_Ip_SetSOSC_TrustedCall
                0x000032f0                Clock_Ip_DisableSOSC_TrustedCall
                0x00003308                Clock_Ip_EnableSOSC_TrustedCall
 .mcal_text     0x0000332c        0x6 ./RTD/src/Clock_Ip_FracDiv.o
 *fill*         0x00003332        0x2 
 .mcal_text     0x00003334      0xb30 ./RTD/src/Clock_Ip_Frequency.o
                0x00003e28                Clock_Ip_SetExternalOscillatorFrequency
                0x00003e34                Clock_Ip_GetFreq
                0x00003e40                Clock_Ip_SetExternalSignalFrequency
 .mcal_text     0x00003e64      0x17c ./RTD/src/Clock_Ip_Gate.o
                0x00003e68                Clock_Ip_ClockSetSimLPO1KEnable_TrustedCall
                0x00003e9c                Clock_Ip_ClockSetSimLPO32KEnable_TrustedCall
                0x00003ed4                Clock_Ip_ClockSetSimClkoutEnable_TrustedCall
                0x00003f0c                Clock_Ip_ClockSetPccCgcEnable_TrustedCall
                0x00003f58                Clock_Ip_ClockSetSimGate_TrustedCall
                0x00003fa4                Clock_Ip_ClockSetSimTraceEnable_TrustedCall
 .mcal_text     0x00003fe0      0x414 ./RTD/src/Clock_Ip_IntOsc.o
                0x00004034                Clock_Ip_SetSirc_TrustedCall
                0x000040dc                Clock_Ip_EnableSirc_TrustedCall
                0x0000413c                Clock_Ip_DisableSirc_TrustedCall
                0x00004160                Clock_Ip_SetSircVlp_TrustedCall
                0x0000419c                Clock_Ip_EnableSircVlp_TrustedCall
                0x000041c0                Clock_Ip_DisableSircVlp_TrustedCall
                0x000041d8                Clock_Ip_SetSircStop_TrustedCall
                0x00004214                Clock_Ip_EnableSircStop_TrustedCall
                0x00004238                Clock_Ip_DisableSircStop_TrustedCall
                0x00004250                Clock_Ip_SetFirc_TrustedCall
                0x00004380                Clock_Ip_EnableFirc_TrustedCall
                0x000043dc                Clock_Ip_DisableFirc_TrustedCall
 .mcal_text     0x000043f4        0x6 ./RTD/src/Clock_Ip_Monitor.o
 *fill*         0x000043fa        0x2 
 .mcal_text     0x000043fc      0x150 ./RTD/src/Clock_Ip_Pll.o
                0x00004454                Clock_Ip_ResetSpll_TrustedCall
                0x000044ac                Clock_Ip_SetSpll_TrustedCall
                0x00004504                Clock_Ip_DisableSpll_TrustedCall
                0x00004528                Clock_Ip_EnableSpll_TrustedCall
 .mcal_text     0x0000454c        0x2 ./RTD/src/Clock_Ip_ProgFreqSwitch.o
 *fill*         0x0000454e        0x2 
 .mcal_text     0x00004550      0x354 ./RTD/src/Clock_Ip_Selector.o
                0x00004552                Clock_Ip_ResetScgRunSel_TrustedCall
                0x0000457c                Clock_Ip_SetScgRunSel_TrustedCall
                0x000045a8                Clock_Ip_SetScgVlprSel_TrustedCall
                0x000045d4                Clock_Ip_ResetScgHsrunSel_TrustedCall
                0x000045fc                Clock_Ip_SetScgHsrunSel_TrustedCall
                0x00004628                Clock_Ip_ResetSimRtcSel_TrustedCall
                0x0000464c                Clock_Ip_SetSimRtcSel_TrustedCall
                0x00004674                Clock_Ip_ResetSimLpoSel_TrustedCall
                0x00004698                Clock_Ip_SetSimLpoSel_TrustedCall
                0x000046c0                Clock_Ip_ResetScgClkoutSel_TrustedCall
                0x000046e4                Clock_Ip_SetScgClkoutSel_TrustedCall
                0x0000470c                Clock_Ip_ResetSimFtmoptSel_TrustedCall
                0x00004754                Clock_Ip_SetSimFtmoptSel_TrustedCall
                0x0000479c                Clock_Ip_ResetSimClkoutSel_TrustedCall
                0x000047b4                Clock_Ip_SetSimClkoutSel_TrustedCall
                0x000047dc                Clock_Ip_ResetPccPcsSelect_TrustedCall
                0x00004810                Clock_Ip_SetPccPcsSelect_TrustedCall
                0x00004850                Clock_Ip_ResetSimTraceSel_TrustedCall
                0x00004878                Clock_Ip_SetSimTraceSel_TrustedCall
 .mcal_text     0x000048a4      0x7a0 ./RTD/src/Clock_Ip_Specific.o
                0x00004a84                SetFircToResetValue_TrustedCall
                0x00004aa0                SetSimLpoclksRegister_TrustedCall
                0x00004b14                Clock_Ip_ClockPowerModeChangeNotification
                0x00004cd4                Clock_Ip_Command
 .mcal_text     0x00005044       0xa4 ./RTD/src/Det.o
                0x00005044                Det_Init
                0x00005046                Det_ReportError
                0x0000507c                Det_ReportRuntimeError
                0x000050b0                Det_ReportTransientFault
                0x000050e4                Det_Start
 .mcal_text     0x000050e8       0x18 ./RTD/src/Dio.o
                0x000050e8                Dio_ReadChannel
                0x000050ec                Dio_WriteChannel
                0x000050f0                Dio_ReadPort
                0x000050f4                Dio_WritePort
                0x000050f8                Dio_ReadChannelGroup
                0x000050fc                Dio_WriteChannelGroup
 .mcal_text     0x00005100       0xa4 ./RTD/src/Dio_Ipw.o
                0x00005100                Dio_Ipw_ReadChannel
                0x00005114                Dio_Ipw_WriteChannel
                0x00005130                Dio_Ipw_ReadPort
                0x00005140                Dio_Ipw_WritePort
                0x00005150                Dio_Ipw_ReadChannelGroup
                0x00005170                Dio_Ipw_WriteChannelGroup
 .mcal_text     0x000051a4       0x4c ./RTD/src/Gpio_Dio_Ip.o
                0x000051a4                Gpio_Dio_Ip_WritePin
                0x000051c8                Gpio_Dio_Ip_WritePins
                0x000051cc                Gpio_Dio_Ip_GetPinsOutput
                0x000051d0                Gpio_Dio_Ip_SetPins
                0x000051d4                Gpio_Dio_Ip_ClearPins
                0x000051d8                Gpio_Dio_Ip_TogglePins
                0x000051dc                Gpio_Dio_Ip_ReadPins
                0x000051e0                Gpio_Dio_Ip_ReadPin
 .mcal_text     0x000051f0      0x354 ./RTD/src/Gpt.o
                0x00005210                Gpt_Init
                0x0000527c                Gpt_DeInit
                0x0000530c                Gpt_GetTimeElapsed
                0x0000537c                Gpt_StartTimer
                0x000053e8                Gpt_StopTimer
                0x00005464                Gpt_EnableNotification
                0x000054a4                Gpt_DisableNotification
                0x000054f0                Gpt_ProcessCommonInterrupt
 .mcal_text     0x00005544       0xe0 ./RTD/src/Gpt_Ipw.o
                0x00005544                Gpt_Ipw_InitInstances
                0x0000556e                Gpt_Ipw_Init
                0x0000557e                Gpt_Ipw_StartTimer
                0x00005598                Gpt_Ipw_GetTimeElapsed
                0x000055e4                Gpt_Ipw_StopTimer
                0x000055f4                Gpt_Ipw_EnableInterrupt
                0x00005604                Gpt_Ipw_DeInit
                0x00005612                Gpt_Ipw_DisableInterrupt
 .mcal_text     0x00005624      0x1c8 ./RTD/src/IntCtrl_Ip.o
                0x00005624                IntCtrl_Ip_InstallHandlerPrivileged
                0x00005674                IntCtrl_Ip_EnableIrqPrivileged
                0x000056a4                IntCtrl_Ip_DisableIrqPrivileged
                0x000056d8                IntCtrl_Ip_SetPriorityPrivileged
                0x00005710                IntCtrl_Ip_GetPriorityPrivileged
                0x00005738                IntCtrl_Ip_ClearPendingPrivileged
                0x0000576c                IntCtrl_Ip_Init
                0x000057d4                IntCtrl_Ip_InstallHandler
                0x000057d8                IntCtrl_Ip_EnableIrq
                0x000057dc                IntCtrl_Ip_DisableIrq
                0x000057e0                IntCtrl_Ip_SetPriority
                0x000057e4                IntCtrl_Ip_GetPriority
                0x000057e8                IntCtrl_Ip_ClearPending
 .mcal_text     0x000057ec      0x230 ./RTD/src/LPit_Gpt_Ip.o
                0x00005804                Lpit_Gpt_Ip_Init
                0x00005858                Lpit_Gpt_Ip_InitChannel
                0x000058e0                Lpit_Gpt_Ip_Deinit
                0x00005970                Lpit_Gpt_Ip_StartTimer
                0x000059ac                Lpit_Gpt_Ip_StopTimer
                0x000059d8                Lpit_Gpt_Ip_EnableChInterrupt
                0x000059ec                Lpit_Gpt_Ip_DisableChInterrupt
                0x00005a00                LPIT_0_CH_0_ISR
                0x00005a0e                LPIT_0_CH_1_ISR
 .mcal_text     0x00005a1c       0xc4 ./RTD/src/Mcu.o
                0x00005a1c                Mcu_Init
                0x00005a6c                Mcu_InitRamSection
                0x00005a70                Mcu_InitClock
                0x00005a94                Mcu_SetMode
                0x00005ac0                Mcu_DistributePllClock
                0x00005aca                Mcu_GetPllStatus
                0x00005ace                Mcu_GetResetReason
                0x00005ad2                Mcu_GetResetRawValue
                0x00005ad6                Mcu_GetClockFrequency
                0x00005ada                Mcu_SleepOnExit
                0x00005ade                Mcu_ClkSrcFailureNotification
 .mcal_text     0x00005ae0       0x36 ./RTD/src/Mcu_Ipw.o
                0x00005ae0                Mcu_Ipw_Init
                0x00005ae4                Mcu_Ipw_InitClock
                0x00005ae8                Mcu_Ipw_DistributePllClock
                0x00005aec                Mcu_Ipw_GetPllStatus
                0x00005afc                MCU_Ipw_GetClockFrequency
                0x00005b00                Mcu_Ipw_SetMode
                0x00005b04                Mcu_Ipw_GetResetReason
                0x00005b08                Mcu_Ipw_GetResetRawValue
                0x00005b0c                Mcu_Ipw_SleepOnExit
 *fill*         0x00005b16        0x2 
 .mcal_text     0x00005b18      0x324 ./RTD/src/Mpu_Ip.o
                0x00005b18                Mpu_Ip_SetRegionConfig_Privileged
                0x00005b78                Mpu_Ip_Deinit_Privileged
                0x00005bdc                Mpu_Ip_Init_Privileged
                0x00005c54                Mpu_Ip_EnableRegion_Privileged
                0x00005c90                Mpu_Ip_SetAccessMode_Privileged
                0x00005d6a                Mpu_Ip_GetErrorDetails_Privileged
                0x00005e24                Mpu_Ip_Init
                0x00005e28                Mpu_Ip_SetRegionConfig
                0x00005e2c                Mpu_Ip_Deinit
                0x00005e30                Mpu_Ip_EnableRegion
                0x00005e34                Mpu_Ip_SetAccessMode
                0x00005e38                Mpu_Ip_GetErrorDetails
 .mcal_text     0x00005e3c       0x1e ./RTD/src/OsIf_Timer.o
                0x00005e3c                OsIf_Init
                0x00005e44                OsIf_GetCounter
                0x00005e48                OsIf_GetElapsed
                0x00005e50                OsIf_SetTimerFrequency
                0x00005e52                OsIf_MicrosToTicks
 .mcal_text     0x00005e5a       0x44 ./RTD/src/OsIf_Timer_System_Internal_Systick.o
                0x00005e5a                OsIf_Timer_System_Internal_Init
                0x00005e70                OsIf_Timer_System_Internal_GetCounter
                0x00005e7c                OsIf_Timer_System_Internal_GetElapsed
 *fill*         0x00005e9e        0x2 
 .mcal_text     0x00005ea0      0x494 ./RTD/src/Pdb_Adc_Ip.o
                0x00005ee0                Pdb_Adc_Ip_Enable
                0x00005f00                Pdb_Adc_Ip_Disable
                0x00005f20                Pdb_Adc_Ip_SetTriggerInput
                0x00005f4c                Pdb_Adc_Ip_SetContinuousMode
                0x00005f78                Pdb_Adc_Ip_SwTrigger
                0x00005f98                Pdb_Adc_Ip_GetTimerValue
                0x00005fa8                Pdb_Adc_Ip_LoadRegValues
                0x00005fc8                Pdb_Adc_Ip_SetModulus
                0x00005fec                Pdb_Adc_Ip_Init
                0x000060cc                Pdb_Adc_Ip_DeInit
                0x0000612c                Pdb_Adc_Ip_ConfigAdcPretriggers
                0x0000615c                Pdb_Adc_Ip_GetAdcPretriggerFlags
                0x00006174                Pdb_Adc_Ip_ClearAdcPretriggerFlags
                0x000061a4                Pdb_Adc_Ip_SetAdcPretriggerBackToBack
                0x000061dc                Pdb_Adc_Ip_SetAdcPretriggerEnable
                0x00006210                Pdb_Adc_Ip_SetAdcPretriggerDelayEnable
                0x00006244                Pdb_Adc_Ip_SetAdcPretriggerDelayValue
                0x00006260                Pdb_Adc_Ip_DisableAndClearPdb
                0x000062c8                Pdb_Adc_Ip_IRQHandler
 .mcal_text     0x00006334       0x1c ./RTD/src/Pdb_Adc_Ip_Irq.o
                0x00006334                Pdb_0_Isr
                0x00006342                Pdb_1_Isr
 .mcal_text     0x00006350       0xdc ./RTD/src/Platform.o
                0x00006350                Platform_Init
                0x0000637c                Platform_SetIrq
                0x000063a6                Platform_SetIrqPriority
                0x000063c8                Platform_GetIrqPriority
                0x000063f2                Platform_InstallIrqHandler
                0x00006410                Platform_Mpu_SetRegionConfig
                0x00006414                Platform_Mpu_EnableRegion
                0x00006418                Platform_Mpu_SetAccessMode
                0x0000641c                Platform_Mpu_GetErrorDetails
 .mcal_text     0x0000642c       0x68 ./RTD/src/Platform_Ipw.o
                0x0000642c                Platform_Ipw_Init
                0x0000647e                Platform_Ipw_Mpu_Init
                0x00006484                Platform_Ipw_Mpu_SetRegionConfig
                0x00006488                Platform_Ipw_Mpu_EnableRegion
                0x0000648c                Platform_Ipw_Mpu_SetAccessMode
                0x00006490                Platform_Ipw_Mpu_GetErrorDetails
 .mcal_text     0x00006494       0xe0 ./RTD/src/Port.o
                0x00006494                Port_Init
                0x000064cc                Port_SetPinDirection
                0x000064fc                Port_SetPinMode
                0x00006528                Port_RefreshPortDirection
                0x00006554                Port_GetVersionInfo
 .mcal_text     0x00006574      0x2ec ./RTD/src/Port_Ci_Port_Ip.o
                0x00006574                Port_Ci_Port_Ip_ConfigureInterleave
                0x00006608                Port_Ci_Port_Ip_Init
                0x00006768                Port_Ci_Port_Ip_SetMuxModeSel
                0x000067b2                Port_Ci_Port_Ip_EnableDigitalFilter
                0x000067e0                Port_Ci_Port_Ip_DisableDigitalFilter
                0x00006810                Port_Ci_Port_Ip_ConfigDigitalFilter
                0x00006838                Port_Ci_Port_Ip_SetGlobalPinControl
 .mcal_text     0x00006860      0x428 ./RTD/src/Port_Ipw.o
                0x00006860                Port_Ipw_Init
                0x000069cc                Port_Ipw_SetPinDirection
                0x00006a8c                Port_Ipw_SetGpioDirChangeability
                0x00006ac4                Port_Ipw_SetGpioPadOutput
                0x00006b04                Port_Ipw_SetPinMode
                0x00006bd4                Port_Ipw_RefreshPortDirection
 .mcal_text     0x00006c88       0x98 ./RTD/src/Power_Ip.o
                0x00006c88                Power_Ip_SetMode
                0x00006cd8                Power_Ip_GetResetReason
                0x00006cf0                Power_Ip_GetResetRawValue
                0x00006cf4                Power_Ip_Init
                0x00006d0e                Power_Ip_DisableSleepOnExit
                0x00006d12                Power_Ip_EnableSleepOnExit
                0x00006d16                Power_Ip_InstallNotificationsCallback
 .mcal_text     0x00006d20       0x40 ./RTD/src/Power_Ip_CortexM4.o
                0x00006d20                Power_Ip_CM4_DisableSleepOnExit
                0x00006d30                Power_Ip_CM4_EnableSleepOnExit
                0x00006d40                Power_Ip_CM4_EnableDeepSleep
                0x00006d50                Power_Ip_CM4_DisableDeepSleep
 .mcal_text     0x00006d60       0x2c ./RTD/src/Power_Ip_PMC.o
                0x00006d60                Power_Ip_PMC_PowerInit
 .mcal_text     0x00006d8c       0x4c ./RTD/src/Power_Ip_Private.o
                0x00006d8c                Power_Ip_ReportPowerErrors
                0x00006d98                Power_Ip_ReportPowerErrorsEmptyCallback
                0x00006d9a                Power_Ip_StartTimeout
                0x00006dba                Power_Ip_TimeoutExpired
 .mcal_text     0x00006dd8       0x9c ./RTD/src/Power_Ip_RCM.o
                0x00006dd8                Power_Ip_RCM_ResetInit
                0x00006df8                Power_Ip_RCM_GetResetReason
                0x00006e54                Power_Ip_RCM_GetResetRawValue
 .mcal_text     0x00006e74      0x138 ./RTD/src/Power_Ip_SMC.o
                0x00006e74                Power_Ip_SMC_AllowedModesConfig
                0x00006e84                Power_Ip_SMC_ModeCheckEntry
                0x00006ec0                Power_Ip_SMC_ModeConfig
 .mcal_text     0x00006fac       0xe4 ./RTD/src/Ram_Ip.o
                0x00006fac                Ram_Ip_InitRamSection
 .mcal_text     0x00007090     0x2648 ./RTD/src/SchM_Adc.o
                0x00007090                SchM_Enter_Adc_ADC_EXCLUSIVE_AREA_00
                0x000070c4                SchM_Exit_Adc_ADC_EXCLUSIVE_AREA_00
                0x000070f4                SchM_Enter_Adc_ADC_EXCLUSIVE_AREA_01
                0x00007128                SchM_Exit_Adc_ADC_EXCLUSIVE_AREA_01
                0x00007158                SchM_Enter_Adc_ADC_EXCLUSIVE_AREA_02
                0x0000718c                SchM_Exit_Adc_ADC_EXCLUSIVE_AREA_02
                0x000071bc                SchM_Enter_Adc_ADC_EXCLUSIVE_AREA_03
                0x000071f0                SchM_Exit_Adc_ADC_EXCLUSIVE_AREA_03
                0x00007220                SchM_Enter_Adc_ADC_EXCLUSIVE_AREA_04
                0x00007254                SchM_Exit_Adc_ADC_EXCLUSIVE_AREA_04
                0x00007284                SchM_Enter_Adc_ADC_EXCLUSIVE_AREA_05
                0x000072b8                SchM_Exit_Adc_ADC_EXCLUSIVE_AREA_05
                0x000072e8                SchM_Enter_Adc_ADC_EXCLUSIVE_AREA_10
                0x0000731c                SchM_Exit_Adc_ADC_EXCLUSIVE_AREA_10
                0x0000734c                SchM_Enter_Adc_ADC_EXCLUSIVE_AREA_100
                0x00007380                SchM_Exit_Adc_ADC_EXCLUSIVE_AREA_100
                0x000073b0                SchM_Enter_Adc_ADC_EXCLUSIVE_AREA_101
                0x000073e4                SchM_Exit_Adc_ADC_EXCLUSIVE_AREA_101
                0x00007414                SchM_Enter_Adc_ADC_EXCLUSIVE_AREA_102
                0x00007448                SchM_Exit_Adc_ADC_EXCLUSIVE_AREA_102
                0x00007478                SchM_Enter_Adc_ADC_EXCLUSIVE_AREA_103
                0x000074ac                SchM_Exit_Adc_ADC_EXCLUSIVE_AREA_103
                0x000074dc                SchM_Enter_Adc_ADC_EXCLUSIVE_AREA_11
                0x00007510                SchM_Exit_Adc_ADC_EXCLUSIVE_AREA_11
                0x00007540                SchM_Enter_Adc_ADC_EXCLUSIVE_AREA_12
                0x00007574                SchM_Exit_Adc_ADC_EXCLUSIVE_AREA_12
                0x000075a4                SchM_Enter_Adc_ADC_EXCLUSIVE_AREA_13
                0x000075d8                SchM_Exit_Adc_ADC_EXCLUSIVE_AREA_13
                0x00007608                SchM_Enter_Adc_ADC_EXCLUSIVE_AREA_14
                0x0000763c                SchM_Exit_Adc_ADC_EXCLUSIVE_AREA_14
                0x0000766c                SchM_Enter_Adc_ADC_EXCLUSIVE_AREA_15
                0x000076a0                SchM_Exit_Adc_ADC_EXCLUSIVE_AREA_15
                0x000076d0                SchM_Enter_Adc_ADC_EXCLUSIVE_AREA_16
                0x00007704                SchM_Exit_Adc_ADC_EXCLUSIVE_AREA_16
                0x00007734                SchM_Enter_Adc_ADC_EXCLUSIVE_AREA_17
                0x00007768                SchM_Exit_Adc_ADC_EXCLUSIVE_AREA_17
                0x00007798                SchM_Enter_Adc_ADC_EXCLUSIVE_AREA_18
                0x000077cc                SchM_Exit_Adc_ADC_EXCLUSIVE_AREA_18
                0x000077fc                SchM_Enter_Adc_ADC_EXCLUSIVE_AREA_19
                0x00007830                SchM_Exit_Adc_ADC_EXCLUSIVE_AREA_19
                0x00007860                SchM_Enter_Adc_ADC_EXCLUSIVE_AREA_20
                0x00007894                SchM_Exit_Adc_ADC_EXCLUSIVE_AREA_20
                0x000078c4                SchM_Enter_Adc_ADC_EXCLUSIVE_AREA_21
                0x000078f8                SchM_Exit_Adc_ADC_EXCLUSIVE_AREA_21
                0x00007928                SchM_Enter_Adc_ADC_EXCLUSIVE_AREA_22
                0x0000795c                SchM_Exit_Adc_ADC_EXCLUSIVE_AREA_22
                0x0000798c                SchM_Enter_Adc_ADC_EXCLUSIVE_AREA_23
                0x000079c0                SchM_Exit_Adc_ADC_EXCLUSIVE_AREA_23
                0x000079f0                SchM_Enter_Adc_ADC_EXCLUSIVE_AREA_24
                0x00007a24                SchM_Exit_Adc_ADC_EXCLUSIVE_AREA_24
                0x00007a54                SchM_Enter_Adc_ADC_EXCLUSIVE_AREA_25
                0x00007a88                SchM_Exit_Adc_ADC_EXCLUSIVE_AREA_25
                0x00007ab8                SchM_Enter_Adc_ADC_EXCLUSIVE_AREA_26
                0x00007aec                SchM_Exit_Adc_ADC_EXCLUSIVE_AREA_26
                0x00007b1c                SchM_Enter_Adc_ADC_EXCLUSIVE_AREA_27
                0x00007b50                SchM_Exit_Adc_ADC_EXCLUSIVE_AREA_27
                0x00007b80                SchM_Enter_Adc_ADC_EXCLUSIVE_AREA_28
                0x00007bb4                SchM_Exit_Adc_ADC_EXCLUSIVE_AREA_28
                0x00007be4                SchM_Enter_Adc_ADC_EXCLUSIVE_AREA_29
                0x00007c18                SchM_Exit_Adc_ADC_EXCLUSIVE_AREA_29
                0x00007c48                SchM_Enter_Adc_ADC_EXCLUSIVE_AREA_30
                0x00007c7c                SchM_Exit_Adc_ADC_EXCLUSIVE_AREA_30
                0x00007cac                SchM_Enter_Adc_ADC_EXCLUSIVE_AREA_31
                0x00007ce0                SchM_Exit_Adc_ADC_EXCLUSIVE_AREA_31
                0x00007d10                SchM_Enter_Adc_ADC_EXCLUSIVE_AREA_32
                0x00007d44                SchM_Exit_Adc_ADC_EXCLUSIVE_AREA_32
                0x00007d74                SchM_Enter_Adc_ADC_EXCLUSIVE_AREA_33
                0x00007da8                SchM_Exit_Adc_ADC_EXCLUSIVE_AREA_33
                0x00007dd8                SchM_Enter_Adc_ADC_EXCLUSIVE_AREA_34
                0x00007e0c                SchM_Exit_Adc_ADC_EXCLUSIVE_AREA_34
                0x00007e3c                SchM_Enter_Adc_ADC_EXCLUSIVE_AREA_35
                0x00007e70                SchM_Exit_Adc_ADC_EXCLUSIVE_AREA_35
                0x00007ea0                SchM_Enter_Adc_ADC_EXCLUSIVE_AREA_36
                0x00007ed4                SchM_Exit_Adc_ADC_EXCLUSIVE_AREA_36
                0x00007f04                SchM_Enter_Adc_ADC_EXCLUSIVE_AREA_37
                0x00007f38                SchM_Exit_Adc_ADC_EXCLUSIVE_AREA_37
                0x00007f68                SchM_Enter_Adc_ADC_EXCLUSIVE_AREA_38
                0x00007f9c                SchM_Exit_Adc_ADC_EXCLUSIVE_AREA_38
                0x00007fcc                SchM_Enter_Adc_ADC_EXCLUSIVE_AREA_39
                0x00008000                SchM_Exit_Adc_ADC_EXCLUSIVE_AREA_39
                0x00008030                SchM_Enter_Adc_ADC_EXCLUSIVE_AREA_40
                0x00008064                SchM_Exit_Adc_ADC_EXCLUSIVE_AREA_40
                0x00008094                SchM_Enter_Adc_ADC_EXCLUSIVE_AREA_41
                0x000080c8                SchM_Exit_Adc_ADC_EXCLUSIVE_AREA_41
                0x000080f8                SchM_Enter_Adc_ADC_EXCLUSIVE_AREA_42
                0x0000812c                SchM_Exit_Adc_ADC_EXCLUSIVE_AREA_42
                0x0000815c                SchM_Enter_Adc_ADC_EXCLUSIVE_AREA_43
                0x00008190                SchM_Exit_Adc_ADC_EXCLUSIVE_AREA_43
                0x000081c0                SchM_Enter_Adc_ADC_EXCLUSIVE_AREA_44
                0x000081f4                SchM_Exit_Adc_ADC_EXCLUSIVE_AREA_44
                0x00008224                SchM_Enter_Adc_ADC_EXCLUSIVE_AREA_45
                0x00008258                SchM_Exit_Adc_ADC_EXCLUSIVE_AREA_45
                0x00008288                SchM_Enter_Adc_ADC_EXCLUSIVE_AREA_46
                0x000082bc                SchM_Exit_Adc_ADC_EXCLUSIVE_AREA_46
                0x000082ec                SchM_Enter_Adc_ADC_EXCLUSIVE_AREA_47
                0x00008320                SchM_Exit_Adc_ADC_EXCLUSIVE_AREA_47
                0x00008350                SchM_Enter_Adc_ADC_EXCLUSIVE_AREA_48
                0x00008384                SchM_Exit_Adc_ADC_EXCLUSIVE_AREA_48
                0x000083b4                SchM_Enter_Adc_ADC_EXCLUSIVE_AREA_49
                0x000083e8                SchM_Exit_Adc_ADC_EXCLUSIVE_AREA_49
                0x00008418                SchM_Enter_Adc_ADC_EXCLUSIVE_AREA_50
                0x0000844c                SchM_Exit_Adc_ADC_EXCLUSIVE_AREA_50
                0x0000847c                SchM_Enter_Adc_ADC_EXCLUSIVE_AREA_51
                0x000084b0                SchM_Exit_Adc_ADC_EXCLUSIVE_AREA_51
                0x000084e0                SchM_Enter_Adc_ADC_EXCLUSIVE_AREA_54
                0x00008514                SchM_Exit_Adc_ADC_EXCLUSIVE_AREA_54
                0x00008544                SchM_Enter_Adc_ADC_EXCLUSIVE_AREA_55
                0x00008578                SchM_Exit_Adc_ADC_EXCLUSIVE_AREA_55
                0x000085a8                SchM_Enter_Adc_ADC_EXCLUSIVE_AREA_56
                0x000085dc                SchM_Exit_Adc_ADC_EXCLUSIVE_AREA_56
                0x0000860c                SchM_Enter_Adc_ADC_EXCLUSIVE_AREA_57
                0x00008640                SchM_Exit_Adc_ADC_EXCLUSIVE_AREA_57
                0x00008670                SchM_Enter_Adc_ADC_EXCLUSIVE_AREA_58
                0x000086a4                SchM_Exit_Adc_ADC_EXCLUSIVE_AREA_58
                0x000086d4                SchM_Enter_Adc_ADC_EXCLUSIVE_AREA_59
                0x00008708                SchM_Exit_Adc_ADC_EXCLUSIVE_AREA_59
                0x00008738                SchM_Enter_Adc_ADC_EXCLUSIVE_AREA_60
                0x0000876c                SchM_Exit_Adc_ADC_EXCLUSIVE_AREA_60
                0x0000879c                SchM_Enter_Adc_ADC_EXCLUSIVE_AREA_61
                0x000087d0                SchM_Exit_Adc_ADC_EXCLUSIVE_AREA_61
                0x00008800                SchM_Enter_Adc_ADC_EXCLUSIVE_AREA_62
                0x00008834                SchM_Exit_Adc_ADC_EXCLUSIVE_AREA_62
                0x00008864                SchM_Enter_Adc_ADC_EXCLUSIVE_AREA_63
                0x00008898                SchM_Exit_Adc_ADC_EXCLUSIVE_AREA_63
                0x000088c8                SchM_Enter_Adc_ADC_EXCLUSIVE_AREA_64
                0x000088fc                SchM_Exit_Adc_ADC_EXCLUSIVE_AREA_64
                0x0000892c                SchM_Enter_Adc_ADC_EXCLUSIVE_AREA_65
                0x00008960                SchM_Exit_Adc_ADC_EXCLUSIVE_AREA_65
                0x00008990                SchM_Enter_Adc_ADC_EXCLUSIVE_AREA_66
                0x000089c4                SchM_Exit_Adc_ADC_EXCLUSIVE_AREA_66
                0x000089f4                SchM_Enter_Adc_ADC_EXCLUSIVE_AREA_67
                0x00008a28                SchM_Exit_Adc_ADC_EXCLUSIVE_AREA_67
                0x00008a58                SchM_Enter_Adc_ADC_EXCLUSIVE_AREA_68
                0x00008a8c                SchM_Exit_Adc_ADC_EXCLUSIVE_AREA_68
                0x00008abc                SchM_Enter_Adc_ADC_EXCLUSIVE_AREA_69
                0x00008af0                SchM_Exit_Adc_ADC_EXCLUSIVE_AREA_69
                0x00008b20                SchM_Enter_Adc_ADC_EXCLUSIVE_AREA_70
                0x00008b54                SchM_Exit_Adc_ADC_EXCLUSIVE_AREA_70
                0x00008b84                SchM_Enter_Adc_ADC_EXCLUSIVE_AREA_71
                0x00008bb8                SchM_Exit_Adc_ADC_EXCLUSIVE_AREA_71
                0x00008be8                SchM_Enter_Adc_ADC_EXCLUSIVE_AREA_72
                0x00008c1c                SchM_Exit_Adc_ADC_EXCLUSIVE_AREA_72
                0x00008c4c                SchM_Enter_Adc_ADC_EXCLUSIVE_AREA_73
                0x00008c80                SchM_Exit_Adc_ADC_EXCLUSIVE_AREA_73
                0x00008cb0                SchM_Enter_Adc_ADC_EXCLUSIVE_AREA_74
                0x00008ce4                SchM_Exit_Adc_ADC_EXCLUSIVE_AREA_74
                0x00008d14                SchM_Enter_Adc_ADC_EXCLUSIVE_AREA_75
                0x00008d48                SchM_Exit_Adc_ADC_EXCLUSIVE_AREA_75
                0x00008d78                SchM_Enter_Adc_ADC_EXCLUSIVE_AREA_76
                0x00008dac                SchM_Exit_Adc_ADC_EXCLUSIVE_AREA_76
                0x00008ddc                SchM_Enter_Adc_ADC_EXCLUSIVE_AREA_77
                0x00008e10                SchM_Exit_Adc_ADC_EXCLUSIVE_AREA_77
                0x00008e40                SchM_Enter_Adc_ADC_EXCLUSIVE_AREA_78
                0x00008e74                SchM_Exit_Adc_ADC_EXCLUSIVE_AREA_78
                0x00008ea4                SchM_Enter_Adc_ADC_EXCLUSIVE_AREA_79
                0x00008ed8                SchM_Exit_Adc_ADC_EXCLUSIVE_AREA_79
                0x00008f08                SchM_Enter_Adc_ADC_EXCLUSIVE_AREA_80
                0x00008f3c                SchM_Exit_Adc_ADC_EXCLUSIVE_AREA_80
                0x00008f6c                SchM_Enter_Adc_ADC_EXCLUSIVE_AREA_81
                0x00008fa0                SchM_Exit_Adc_ADC_EXCLUSIVE_AREA_81
                0x00008fd0                SchM_Enter_Adc_ADC_EXCLUSIVE_AREA_82
                0x00009004                SchM_Exit_Adc_ADC_EXCLUSIVE_AREA_82
                0x00009034                SchM_Enter_Adc_ADC_EXCLUSIVE_AREA_83
                0x00009068                SchM_Exit_Adc_ADC_EXCLUSIVE_AREA_83
                0x00009098                SchM_Enter_Adc_ADC_EXCLUSIVE_AREA_84
                0x000090cc                SchM_Exit_Adc_ADC_EXCLUSIVE_AREA_84
                0x000090fc                SchM_Enter_Adc_ADC_EXCLUSIVE_AREA_85
                0x00009130                SchM_Exit_Adc_ADC_EXCLUSIVE_AREA_85
                0x00009160                SchM_Enter_Adc_ADC_EXCLUSIVE_AREA_86
                0x00009194                SchM_Exit_Adc_ADC_EXCLUSIVE_AREA_86
                0x000091c4                SchM_Enter_Adc_ADC_EXCLUSIVE_AREA_87
                0x000091f8                SchM_Exit_Adc_ADC_EXCLUSIVE_AREA_87
                0x00009228                SchM_Enter_Adc_ADC_EXCLUSIVE_AREA_88
                0x0000925c                SchM_Exit_Adc_ADC_EXCLUSIVE_AREA_88
                0x0000928c                SchM_Enter_Adc_ADC_EXCLUSIVE_AREA_89
                0x000092c0                SchM_Exit_Adc_ADC_EXCLUSIVE_AREA_89
                0x000092f0                SchM_Enter_Adc_ADC_EXCLUSIVE_AREA_90
                0x00009324                SchM_Exit_Adc_ADC_EXCLUSIVE_AREA_90
                0x00009354                SchM_Enter_Adc_ADC_EXCLUSIVE_AREA_91
                0x00009388                SchM_Exit_Adc_ADC_EXCLUSIVE_AREA_91
                0x000093b8                SchM_Enter_Adc_ADC_EXCLUSIVE_AREA_92
                0x000093ec                SchM_Exit_Adc_ADC_EXCLUSIVE_AREA_92
                0x0000941c                SchM_Enter_Adc_ADC_EXCLUSIVE_AREA_93
                0x00009450                SchM_Exit_Adc_ADC_EXCLUSIVE_AREA_93
                0x00009480                SchM_Enter_Adc_ADC_EXCLUSIVE_AREA_94
                0x000094b4                SchM_Exit_Adc_ADC_EXCLUSIVE_AREA_94
                0x000094e4                SchM_Enter_Adc_ADC_EXCLUSIVE_AREA_95
                0x00009518                SchM_Exit_Adc_ADC_EXCLUSIVE_AREA_95
                0x00009548                SchM_Enter_Adc_ADC_EXCLUSIVE_AREA_96
                0x0000957c                SchM_Exit_Adc_ADC_EXCLUSIVE_AREA_96
                0x000095ac                SchM_Enter_Adc_ADC_EXCLUSIVE_AREA_97
                0x000095e0                SchM_Exit_Adc_ADC_EXCLUSIVE_AREA_97
                0x00009610                SchM_Enter_Adc_ADC_EXCLUSIVE_AREA_98
                0x00009644                SchM_Exit_Adc_ADC_EXCLUSIVE_AREA_98
                0x00009674                SchM_Enter_Adc_ADC_EXCLUSIVE_AREA_99
                0x000096a8                SchM_Exit_Adc_ADC_EXCLUSIVE_AREA_99
 .mcal_text     0x000096d8       0xc8 ./RTD/src/SchM_Dio.o
                0x000096d8                SchM_Enter_Dio_DIO_EXCLUSIVE_AREA_00
                0x0000970c                SchM_Exit_Dio_DIO_EXCLUSIVE_AREA_00
                0x0000973c                SchM_Enter_Dio_DIO_EXCLUSIVE_AREA_01
                0x00009770                SchM_Exit_Dio_DIO_EXCLUSIVE_AREA_01
 .mcal_text     0x000097a0     0x1450 ./RTD/src/SchM_Gpt.o
                0x000097a0                SchM_Enter_Gpt_GPT_EXCLUSIVE_AREA_00
                0x000097d4                SchM_Exit_Gpt_GPT_EXCLUSIVE_AREA_00
                0x00009804                SchM_Enter_Gpt_GPT_EXCLUSIVE_AREA_01
                0x00009838                SchM_Exit_Gpt_GPT_EXCLUSIVE_AREA_01
                0x00009868                SchM_Enter_Gpt_GPT_EXCLUSIVE_AREA_02
                0x0000989c                SchM_Exit_Gpt_GPT_EXCLUSIVE_AREA_02
                0x000098cc                SchM_Enter_Gpt_GPT_EXCLUSIVE_AREA_03
                0x00009900                SchM_Exit_Gpt_GPT_EXCLUSIVE_AREA_03
                0x00009930                SchM_Enter_Gpt_GPT_EXCLUSIVE_AREA_04
                0x00009964                SchM_Exit_Gpt_GPT_EXCLUSIVE_AREA_04
                0x00009994                SchM_Enter_Gpt_GPT_EXCLUSIVE_AREA_05
                0x000099c8                SchM_Exit_Gpt_GPT_EXCLUSIVE_AREA_05
                0x000099f8                SchM_Enter_Gpt_GPT_EXCLUSIVE_AREA_06
                0x00009a2c                SchM_Exit_Gpt_GPT_EXCLUSIVE_AREA_06
                0x00009a5c                SchM_Enter_Gpt_GPT_EXCLUSIVE_AREA_07
                0x00009a90                SchM_Exit_Gpt_GPT_EXCLUSIVE_AREA_07
                0x00009ac0                SchM_Enter_Gpt_GPT_EXCLUSIVE_AREA_10
                0x00009af4                SchM_Exit_Gpt_GPT_EXCLUSIVE_AREA_10
                0x00009b24                SchM_Enter_Gpt_GPT_EXCLUSIVE_AREA_11
                0x00009b58                SchM_Exit_Gpt_GPT_EXCLUSIVE_AREA_11
                0x00009b88                SchM_Enter_Gpt_GPT_EXCLUSIVE_AREA_17
                0x00009bbc                SchM_Exit_Gpt_GPT_EXCLUSIVE_AREA_17
                0x00009bec                SchM_Enter_Gpt_GPT_EXCLUSIVE_AREA_21
                0x00009c20                SchM_Exit_Gpt_GPT_EXCLUSIVE_AREA_21
                0x00009c50                SchM_Enter_Gpt_GPT_EXCLUSIVE_AREA_22
                0x00009c84                SchM_Exit_Gpt_GPT_EXCLUSIVE_AREA_22
                0x00009cb4                SchM_Enter_Gpt_GPT_EXCLUSIVE_AREA_23
                0x00009ce8                SchM_Exit_Gpt_GPT_EXCLUSIVE_AREA_23
                0x00009d18                SchM_Enter_Gpt_GPT_EXCLUSIVE_AREA_24
                0x00009d4c                SchM_Exit_Gpt_GPT_EXCLUSIVE_AREA_24
                0x00009d7c                SchM_Enter_Gpt_GPT_EXCLUSIVE_AREA_25
                0x00009db0                SchM_Exit_Gpt_GPT_EXCLUSIVE_AREA_25
                0x00009de0                SchM_Enter_Gpt_GPT_EXCLUSIVE_AREA_26
                0x00009e14                SchM_Exit_Gpt_GPT_EXCLUSIVE_AREA_26
                0x00009e44                SchM_Enter_Gpt_GPT_EXCLUSIVE_AREA_29
                0x00009e78                SchM_Exit_Gpt_GPT_EXCLUSIVE_AREA_29
                0x00009ea8                SchM_Enter_Gpt_GPT_EXCLUSIVE_AREA_30
                0x00009edc                SchM_Exit_Gpt_GPT_EXCLUSIVE_AREA_30
                0x00009f0c                SchM_Enter_Gpt_GPT_EXCLUSIVE_AREA_31
                0x00009f40                SchM_Exit_Gpt_GPT_EXCLUSIVE_AREA_31
                0x00009f70                SchM_Enter_Gpt_GPT_EXCLUSIVE_AREA_35
                0x00009fa4                SchM_Exit_Gpt_GPT_EXCLUSIVE_AREA_35
                0x00009fd4                SchM_Enter_Gpt_GPT_EXCLUSIVE_AREA_36
                0x0000a008                SchM_Exit_Gpt_GPT_EXCLUSIVE_AREA_36
                0x0000a038                SchM_Enter_Gpt_GPT_EXCLUSIVE_AREA_38
                0x0000a06c                SchM_Exit_Gpt_GPT_EXCLUSIVE_AREA_38
                0x0000a09c                SchM_Enter_Gpt_GPT_EXCLUSIVE_AREA_39
                0x0000a0d0                SchM_Exit_Gpt_GPT_EXCLUSIVE_AREA_39
                0x0000a100                SchM_Enter_Gpt_GPT_EXCLUSIVE_AREA_40
                0x0000a134                SchM_Exit_Gpt_GPT_EXCLUSIVE_AREA_40
                0x0000a164                SchM_Enter_Gpt_GPT_EXCLUSIVE_AREA_41
                0x0000a198                SchM_Exit_Gpt_GPT_EXCLUSIVE_AREA_41
                0x0000a1c8                SchM_Enter_Gpt_GPT_EXCLUSIVE_AREA_42
                0x0000a1fc                SchM_Exit_Gpt_GPT_EXCLUSIVE_AREA_42
                0x0000a22c                SchM_Enter_Gpt_GPT_EXCLUSIVE_AREA_43
                0x0000a260                SchM_Exit_Gpt_GPT_EXCLUSIVE_AREA_43
                0x0000a290                SchM_Enter_Gpt_GPT_EXCLUSIVE_AREA_44
                0x0000a2c4                SchM_Exit_Gpt_GPT_EXCLUSIVE_AREA_44
                0x0000a2f4                SchM_Enter_Gpt_GPT_EXCLUSIVE_AREA_45
                0x0000a328                SchM_Exit_Gpt_GPT_EXCLUSIVE_AREA_45
                0x0000a358                SchM_Enter_Gpt_GPT_EXCLUSIVE_AREA_46
                0x0000a38c                SchM_Exit_Gpt_GPT_EXCLUSIVE_AREA_46
                0x0000a3bc                SchM_Enter_Gpt_GPT_EXCLUSIVE_AREA_50
                0x0000a3f0                SchM_Exit_Gpt_GPT_EXCLUSIVE_AREA_50
                0x0000a420                SchM_Enter_Gpt_GPT_EXCLUSIVE_AREA_51
                0x0000a454                SchM_Exit_Gpt_GPT_EXCLUSIVE_AREA_51
                0x0000a484                SchM_Enter_Gpt_GPT_EXCLUSIVE_AREA_52
                0x0000a4b8                SchM_Exit_Gpt_GPT_EXCLUSIVE_AREA_52
                0x0000a4e8                SchM_Enter_Gpt_GPT_EXCLUSIVE_AREA_53
                0x0000a51c                SchM_Exit_Gpt_GPT_EXCLUSIVE_AREA_53
                0x0000a54c                SchM_Enter_Gpt_GPT_EXCLUSIVE_AREA_54
                0x0000a580                SchM_Exit_Gpt_GPT_EXCLUSIVE_AREA_54
                0x0000a5b0                SchM_Enter_Gpt_GPT_EXCLUSIVE_AREA_55
                0x0000a5e4                SchM_Exit_Gpt_GPT_EXCLUSIVE_AREA_55
                0x0000a614                SchM_Enter_Gpt_GPT_EXCLUSIVE_AREA_56
                0x0000a648                SchM_Exit_Gpt_GPT_EXCLUSIVE_AREA_56
                0x0000a678                SchM_Enter_Gpt_GPT_EXCLUSIVE_AREA_60
                0x0000a6ac                SchM_Exit_Gpt_GPT_EXCLUSIVE_AREA_60
                0x0000a6dc                SchM_Enter_Gpt_GPT_EXCLUSIVE_AREA_61
                0x0000a710                SchM_Exit_Gpt_GPT_EXCLUSIVE_AREA_61
                0x0000a740                SchM_Enter_Gpt_GPT_EXCLUSIVE_AREA_62
                0x0000a774                SchM_Exit_Gpt_GPT_EXCLUSIVE_AREA_62
                0x0000a7a4                SchM_Enter_Gpt_GPT_EXCLUSIVE_AREA_63
                0x0000a7d8                SchM_Exit_Gpt_GPT_EXCLUSIVE_AREA_63
                0x0000a808                SchM_Enter_Gpt_GPT_EXCLUSIVE_AREA_64
                0x0000a83c                SchM_Exit_Gpt_GPT_EXCLUSIVE_AREA_64
                0x0000a86c                SchM_Enter_Gpt_GPT_EXCLUSIVE_AREA_65
                0x0000a8a0                SchM_Exit_Gpt_GPT_EXCLUSIVE_AREA_65
                0x0000a8d0                SchM_Enter_Gpt_GPT_EXCLUSIVE_AREA_66
                0x0000a904                SchM_Exit_Gpt_GPT_EXCLUSIVE_AREA_66
                0x0000a934                SchM_Enter_Gpt_GPT_EXCLUSIVE_AREA_67
                0x0000a968                SchM_Exit_Gpt_GPT_EXCLUSIVE_AREA_67
                0x0000a998                SchM_Enter_Gpt_GPT_EXCLUSIVE_AREA_68
                0x0000a9cc                SchM_Exit_Gpt_GPT_EXCLUSIVE_AREA_68
                0x0000a9fc                SchM_Enter_Gpt_GPT_EXCLUSIVE_AREA_69
                0x0000aa30                SchM_Exit_Gpt_GPT_EXCLUSIVE_AREA_69
                0x0000aa60                SchM_Enter_Gpt_GPT_EXCLUSIVE_AREA_70
                0x0000aa94                SchM_Exit_Gpt_GPT_EXCLUSIVE_AREA_70
                0x0000aac4                SchM_Enter_Gpt_GPT_EXCLUSIVE_AREA_71
                0x0000aaf8                SchM_Exit_Gpt_GPT_EXCLUSIVE_AREA_71
                0x0000ab28                SchM_Enter_Gpt_GPT_EXCLUSIVE_AREA_72
                0x0000ab5c                SchM_Exit_Gpt_GPT_EXCLUSIVE_AREA_72
                0x0000ab8c                SchM_Enter_Gpt_GPT_EXCLUSIVE_AREA_73
                0x0000abc0                SchM_Exit_Gpt_GPT_EXCLUSIVE_AREA_73
 .mcal_text     0x0000abf0      0x12c ./RTD/src/SchM_Mcu.o
                0x0000abf0                SchM_Enter_Mcu_MCU_EXCLUSIVE_AREA_00
                0x0000ac24                SchM_Exit_Mcu_MCU_EXCLUSIVE_AREA_00
                0x0000ac54                SchM_Enter_Mcu_MCU_EXCLUSIVE_AREA_01
                0x0000ac88                SchM_Exit_Mcu_MCU_EXCLUSIVE_AREA_01
                0x0000acb8                SchM_Enter_Mcu_MCU_EXCLUSIVE_AREA_02
                0x0000acec                SchM_Exit_Mcu_MCU_EXCLUSIVE_AREA_02
 .mcal_text     0x0000ad1c      0x514 ./RTD/src/SchM_Platform.o
                0x0000ad1c                SchM_Enter_Platform_PLATFORM_EXCLUSIVE_AREA_00
                0x0000ad50                SchM_Exit_Platform_PLATFORM_EXCLUSIVE_AREA_00
                0x0000ad80                SchM_Enter_Platform_PLATFORM_EXCLUSIVE_AREA_01
                0x0000adb4                SchM_Exit_Platform_PLATFORM_EXCLUSIVE_AREA_01
                0x0000ade4                SchM_Enter_Platform_PLATFORM_EXCLUSIVE_AREA_02
                0x0000ae18                SchM_Exit_Platform_PLATFORM_EXCLUSIVE_AREA_02
                0x0000ae48                SchM_Enter_Platform_PLATFORM_EXCLUSIVE_AREA_03
                0x0000ae7c                SchM_Exit_Platform_PLATFORM_EXCLUSIVE_AREA_03
                0x0000aeac                SchM_Enter_Platform_PLATFORM_EXCLUSIVE_AREA_04
                0x0000aee0                SchM_Exit_Platform_PLATFORM_EXCLUSIVE_AREA_04
                0x0000af10                SchM_Enter_Platform_PLATFORM_EXCLUSIVE_AREA_05
                0x0000af44                SchM_Exit_Platform_PLATFORM_EXCLUSIVE_AREA_05
                0x0000af74                SchM_Enter_Platform_PLATFORM_EXCLUSIVE_AREA_06
                0x0000afa8                SchM_Exit_Platform_PLATFORM_EXCLUSIVE_AREA_06
                0x0000afd8                SchM_Enter_Platform_PLATFORM_EXCLUSIVE_AREA_07
                0x0000b00c                SchM_Exit_Platform_PLATFORM_EXCLUSIVE_AREA_07
                0x0000b03c                SchM_Enter_Platform_PLATFORM_EXCLUSIVE_AREA_08
                0x0000b070                SchM_Exit_Platform_PLATFORM_EXCLUSIVE_AREA_08
                0x0000b0a0                SchM_Enter_Platform_PLATFORM_EXCLUSIVE_AREA_09
                0x0000b0d4                SchM_Exit_Platform_PLATFORM_EXCLUSIVE_AREA_09
                0x0000b104                SchM_Enter_Platform_PLATFORM_EXCLUSIVE_AREA_10
                0x0000b138                SchM_Exit_Platform_PLATFORM_EXCLUSIVE_AREA_10
                0x0000b168                SchM_Enter_Platform_PLATFORM_EXCLUSIVE_AREA_11
                0x0000b19c                SchM_Exit_Platform_PLATFORM_EXCLUSIVE_AREA_11
                0x0000b1cc                SchM_Enter_Platform_PLATFORM_EXCLUSIVE_AREA_12
                0x0000b200                SchM_Exit_Platform_PLATFORM_EXCLUSIVE_AREA_12
 .mcal_text     0x0000b230      0xaf0 ./RTD/src/SchM_Port.o
                0x0000b230                SchM_Enter_Port_PORT_EXCLUSIVE_AREA_00
                0x0000b264                SchM_Exit_Port_PORT_EXCLUSIVE_AREA_00
                0x0000b294                SchM_Enter_Port_PORT_EXCLUSIVE_AREA_01
                0x0000b2c8                SchM_Exit_Port_PORT_EXCLUSIVE_AREA_01
                0x0000b2f8                SchM_Enter_Port_PORT_EXCLUSIVE_AREA_02
                0x0000b32c                SchM_Exit_Port_PORT_EXCLUSIVE_AREA_02
                0x0000b35c                SchM_Enter_Port_PORT_EXCLUSIVE_AREA_03
                0x0000b390                SchM_Exit_Port_PORT_EXCLUSIVE_AREA_03
                0x0000b3c0                SchM_Enter_Port_PORT_EXCLUSIVE_AREA_04
                0x0000b3f4                SchM_Exit_Port_PORT_EXCLUSIVE_AREA_04
                0x0000b424                SchM_Enter_Port_PORT_EXCLUSIVE_AREA_05
                0x0000b458                SchM_Exit_Port_PORT_EXCLUSIVE_AREA_05
                0x0000b488                SchM_Enter_Port_PORT_EXCLUSIVE_AREA_06
                0x0000b4bc                SchM_Exit_Port_PORT_EXCLUSIVE_AREA_06
                0x0000b4ec                SchM_Enter_Port_PORT_EXCLUSIVE_AREA_07
                0x0000b520                SchM_Exit_Port_PORT_EXCLUSIVE_AREA_07
                0x0000b550                SchM_Enter_Port_PORT_EXCLUSIVE_AREA_08
                0x0000b584                SchM_Exit_Port_PORT_EXCLUSIVE_AREA_08
                0x0000b5b4                SchM_Enter_Port_PORT_EXCLUSIVE_AREA_09
                0x0000b5e8                SchM_Exit_Port_PORT_EXCLUSIVE_AREA_09
                0x0000b618                SchM_Enter_Port_PORT_EXCLUSIVE_AREA_10
                0x0000b64c                SchM_Exit_Port_PORT_EXCLUSIVE_AREA_10
                0x0000b67c                SchM_Enter_Port_PORT_EXCLUSIVE_AREA_11
                0x0000b6b0                SchM_Exit_Port_PORT_EXCLUSIVE_AREA_11
                0x0000b6e0                SchM_Enter_Port_PORT_EXCLUSIVE_AREA_12
                0x0000b714                SchM_Exit_Port_PORT_EXCLUSIVE_AREA_12
                0x0000b744                SchM_Enter_Port_PORT_EXCLUSIVE_AREA_13
                0x0000b778                SchM_Exit_Port_PORT_EXCLUSIVE_AREA_13
                0x0000b7a8                SchM_Enter_Port_PORT_EXCLUSIVE_AREA_14
                0x0000b7dc                SchM_Exit_Port_PORT_EXCLUSIVE_AREA_14
                0x0000b80c                SchM_Enter_Port_PORT_EXCLUSIVE_AREA_15
                0x0000b840                SchM_Exit_Port_PORT_EXCLUSIVE_AREA_15
                0x0000b870                SchM_Enter_Port_PORT_EXCLUSIVE_AREA_16
                0x0000b8a4                SchM_Exit_Port_PORT_EXCLUSIVE_AREA_16
                0x0000b8d4                SchM_Enter_Port_PORT_EXCLUSIVE_AREA_17
                0x0000b908                SchM_Exit_Port_PORT_EXCLUSIVE_AREA_17
                0x0000b938                SchM_Enter_Port_PORT_EXCLUSIVE_AREA_18
                0x0000b96c                SchM_Exit_Port_PORT_EXCLUSIVE_AREA_18
                0x0000b99c                SchM_Enter_Port_PORT_EXCLUSIVE_AREA_19
                0x0000b9d0                SchM_Exit_Port_PORT_EXCLUSIVE_AREA_19
                0x0000ba00                SchM_Enter_Port_PORT_EXCLUSIVE_AREA_20
                0x0000ba34                SchM_Exit_Port_PORT_EXCLUSIVE_AREA_20
                0x0000ba64                SchM_Enter_Port_PORT_EXCLUSIVE_AREA_21
                0x0000ba98                SchM_Exit_Port_PORT_EXCLUSIVE_AREA_21
                0x0000bac8                SchM_Enter_Port_PORT_EXCLUSIVE_AREA_22
                0x0000bafc                SchM_Exit_Port_PORT_EXCLUSIVE_AREA_22
                0x0000bb2c                SchM_Enter_Port_PORT_EXCLUSIVE_AREA_23
                0x0000bb60                SchM_Exit_Port_PORT_EXCLUSIVE_AREA_23
                0x0000bb90                SchM_Enter_Port_PORT_EXCLUSIVE_AREA_24
                0x0000bbc4                SchM_Exit_Port_PORT_EXCLUSIVE_AREA_24
                0x0000bbf4                SchM_Enter_Port_PORT_EXCLUSIVE_AREA_25
                0x0000bc28                SchM_Exit_Port_PORT_EXCLUSIVE_AREA_25
                0x0000bc58                SchM_Enter_Port_PORT_EXCLUSIVE_AREA_26
                0x0000bc8c                SchM_Exit_Port_PORT_EXCLUSIVE_AREA_26
                0x0000bcbc                SchM_Enter_Port_PORT_EXCLUSIVE_AREA_27
                0x0000bcf0                SchM_Exit_Port_PORT_EXCLUSIVE_AREA_27
 .mcal_text     0x0000bd20       0x20 ./RTD/src/System_Ip.o
                0x0000bd20                System_Ip_ConfigIrq
 .mcal_text     0x0000bd40        0xc ./src/SWC/SWC_SensorPotentiometer.o
                0x0000bd40                ISR_CAT2_ADC0_Notification
                0x0000bd4c                . = ALIGN (0x4)
                0x0000bd4c                acfls_code_rom_start = .
                0x0000bd4c                . = ALIGN (0x4)
 *(.acfls_code_rom)
                0x0000bd4c                . = ALIGN (0x4)
 *(.acmem_43_INFLS_code_rom)
                0x0000bd4c                . = ALIGN (0x4)
                0x0000bd4c                acfls_code_rom_end = .
 *(.init)
                0x0000bd4c                . = ALIGN (0x4)
 *(.fini)
                0x0000bd4c                . = ALIGN (0x4)
 *(.rodata)
 .rodata        0x0000bd4c        0xc ./generate/src/Mpu_Ip_Cfg.o
                0x0000bd4c                Mpu_Config
 *(.rodata*)
                0x0000bd58                . = ALIGN (0x4)
 *(.mcal_const_cfg)
 .mcal_const_cfg
                0x0000bd58       0x48 ./generate/src/Adc_Ip_PBcfg.o
                0x0000bd58                AdcIpConfig_0
 .mcal_const_cfg
                0x0000bda0       0x4c ./generate/src/Adc_Ipw_PBcfg.o
                0x0000bda0                AdcIpwGroupConfig_0
                0x0000bdb4                AdcIpwCfg
 .mcal_const_cfg
                0x0000bdec       0x5a ./generate/src/Adc_PBcfg.o
                0x0000bdec                Adc_Config
 *fill*         0x0000be46        0x2 
 .mcal_const_cfg
                0x0000be48      0x3f8 ./generate/src/Clock_Ip_PBcfg.o
                0x0000be48                Mcu_aClockConfigPB
 .mcal_const_cfg
                0x0000c240       0x10 ./generate/src/Dio_Cfg.o
                0x0000c240                Dio_Config
 .mcal_const_cfg
                0x0000c250       0x3c ./generate/src/Gpt_PBcfg.o
                0x0000c250                Gpt_Config
 .mcal_const_cfg
                0x0000c28c       0x2c ./generate/src/IntCtrl_Ip_Cfg.o
                0x0000c28c                intCtrlConfig
 .mcal_const_cfg
                0x0000c2b8       0x22 ./generate/src/LPit_Gpt_Ip_PBcfg.o
                0x0000c2b8                LPIT_0_ChannelConfig_PB
                0x0000c2d8                LPIT_0_InitConfig_PB
 *fill*         0x0000c2da        0x2 
 .mcal_const_cfg
                0x0000c2dc       0x1c ./generate/src/Mcu_PBcfg.o
                0x0000c2dc                Mcu_Config
 .mcal_const_cfg
                0x0000c2f8       0x18 ./generate/src/Mpu_Ip_Cfg.o
                0x0000c2fc                Mpu_Configuration_RegionConfig
 .mcal_const_cfg
                0x0000c310       0x20 ./generate/src/Pdb_Adc_Ip_PBcfg.o
                0x0000c310                PdbAdcIpConfig_0
 .mcal_const_cfg
                0x0000c330        0x8 ./generate/src/Platform_Cfg.o
                0x0000c330                Platform_Config
 .mcal_const_cfg
                0x0000c338        0xc ./generate/src/Platform_Ipw_Cfg.o
                0x0000c338                ipwConfig
 .mcal_const_cfg
                0x0000c344       0xf0 ./generate/src/Port_Ci_Port_Ip_PBcfg.o
                0x0000c344                g_pin_mux_InitConfigArr
 .mcal_const_cfg
                0x0000c434      0x161 ./generate/src/Port_PBcfg.o
                0x0000c434                Port_Config
 *fill*         0x0000c595        0x3 
 .mcal_const_cfg
                0x0000c598       0x28 ./generate/src/Power_Ip_PBcfg.o
                0x0000c598                Power_Ip_HwIPsConfigPB
                0x0000c5a4                Power_Ip_aModeConfigPB
                0x0000c5c0                . = ALIGN (0x4)
 *(.mcal_const)
 .mcal_const    0x0000c5c0        0x8 ./RTD/src/Adc_Ip.o
 .mcal_const    0x0000c5c8      0x59e ./RTD/src/Clock_Ip_Data.o
                0x0000c5c8                Clock_Ip_aeHwDfsName
                0x0000c5cc                Clock_Ip_aeHwPllName
                0x0000c5d0                Clock_Ip_aeSourceTypeClockName
                0x0000c68c                Clock_Ip_apxScgPeriphAsyncDivs
                0x0000c69c                Clock_Ip_au8DividerValueHardwareValue
                0x0000c6dd                Clock_Ip_au8SelectorEntrySIMHardwareValue
                0x0000c70c                Clock_Ip_au8SelectorEntryPcsHardwareValue
                0x0000c73b                Clock_Ip_au8SelectorEntryScsHardwareValue
                0x0000c76a                Clock_Ip_au16SelectorEntryHardwareValue
                0x0000c7c1                Clock_Ip_au8ClockFeatures
                0x0000cad0                Clock_Ip_au8CmuCallbackIndex
                0x0000cadf                Clock_Ip_au8PcfsCallbackIndex
                0x0000caee                Clock_Ip_au8SelectorCallbackIndex
                0x0000cafd                Clock_Ip_au8PllCallbackIndex
                0x0000cb0c                Clock_Ip_au8FractionalDividerCallbackIndex
                0x0000cb1b                Clock_Ip_au8GateCallbackIndex
                0x0000cb2a                Clock_Ip_au8IrcoscCallbackIndex
                0x0000cb39                Clock_Ip_au8XoscCallbackIndex
                0x0000cb48                Clock_Ip_au8DividerTriggerCallbackIndex
                0x0000cb57                Clock_Ip_au8DividerCallbackIndex
 *fill*         0x0000cb66        0x2 
 .mcal_const    0x0000cb68       0x3c ./RTD/src/Clock_Ip_Divider.o
                0x0000cb68                Clock_Ip_axDividerCallbacks
 .mcal_const    0x0000cba4        0x8 ./RTD/src/Clock_Ip_DividerTrigger.o
                0x0000cba4                Clock_Ip_axDividerTriggerCallbacks
 .mcal_const    0x0000cbac       0x28 ./RTD/src/Clock_Ip_ExtOsc.o
                0x0000cbac                Clock_Ip_axExtOscCallbacks
 .mcal_const    0x0000cbd4        0xc ./RTD/src/Clock_Ip_FracDiv.o
                0x0000cbd4                Clock_Ip_axFracDivCallbacks
 .mcal_const    0x0000cbe0      0x254 ./RTD/src/Clock_Ip_Frequency.o
 .mcal_const    0x0000ce34       0x38 ./RTD/src/Clock_Ip_Gate.o
                0x0000ce34                Clock_Ip_axGateCallbacks
 .mcal_const    0x0000ce6c       0x3c ./RTD/src/Clock_Ip_IntOsc.o
                0x0000ce6c                Clock_Ip_axIntOscCallbacks
 .mcal_const    0x0000cea8       0x10 ./RTD/src/Clock_Ip_Monitor.o
                0x0000cea8                Clock_Ip_axCmuCallbacks
 .mcal_const    0x0000ceb8       0x28 ./RTD/src/Clock_Ip_Pll.o
                0x0000ceb8                Clock_Ip_axPllCallbacks
 .mcal_const    0x0000cee0        0x4 ./RTD/src/Clock_Ip_ProgFreqSwitch.o
                0x0000cee0                Clock_Ip_axPcfsCallbacks
 .mcal_const    0x0000cee4       0x58 ./RTD/src/Clock_Ip_Selector.o
                0x0000cee4                Clock_Ip_axSelectorCallbacks
 .mcal_const    0x0000cf3c       0x1c ./RTD/src/Clock_Ip_Specific.o
 .mcal_const    0x0000cf58        0x4 ./RTD/src/LPit_Gpt_Ip.o
                0x0000cf58                LPitGptBase
 .mcal_const    0x0000cf5c        0x8 ./RTD/src/Pdb_Adc_Ip.o
 .mcal_const    0x0000cf64       0x28 ./RTD/src/Port_Ci_Port_Ip.o
                0x0000cf64                Port_au32PortCiGpioBaseAddr
                0x0000cf78                Port_au32PortCiPortBaseAddr
 .mcal_const    0x0000cf8c       0x3c ./RTD/src/Power_Ip.o
 .mcal_const    0x0000cfc8      0x280 ./generate/src/Dio_Cfg.o
                0x0000cfc8                Dio_aAvailablePinsForRead
                0x0000cfdc                Dio_aAvailablePinsForWrite
                0x0000cff0                Dio_au32PortToPartitionMap
                0x0000d004                Dio_au32ChannelToPartitionMap
 .mcal_const    0x0000d248        0x2 ./generate/src/Gpt_PBcfg.o
 .mcal_const    0x0000d24a       0xa0 ./generate/src/Port_Cfg.o
                0x0000d24a                Port_au16PinDescription
                0x0000d2ec                . = ALIGN (0x4)
 *fill*         0x0000d2ea        0x2 
 *(.mcal_const_no_cacheable)
                0x0000d2ec                . = ALIGN (0x4)
                0x0000d2ec                __init_table = .
 *(.init_table)
 .init_table    0x0000d2ec       0x1c ./Project_Settings/Startup_Code/startup_cm4.o
                0x0000d308                . = ALIGN (0x4)
                0x0000d308                __zero_table = .
 *(.zero_table)
 .zero_table    0x0000d308        0xc ./Project_Settings/Startup_Code/startup_cm4.o
                0x0000d314                . = ALIGN (0x4)
 *(.acmcu_code_rom)
                0x0000d314                . = ALIGN (0x4)
                0x0000d314                _etext = .
                0x0000d314                __DATA_ROM = .

.glue_7         0x0000d314        0x0
 .glue_7        0x0000d314        0x0 linker stubs

.glue_7t        0x0000d314        0x0
 .glue_7t       0x0000d314        0x0 linker stubs

.vfp11_veneer   0x0000d314        0x0
 .vfp11_veneer  0x0000d314        0x0 linker stubs

.v4_bx          0x0000d314        0x0
 .v4_bx         0x0000d314        0x0 linker stubs

.iplt           0x0000d314        0x0
 .iplt          0x0000d314        0x0 ./Project_Settings/Startup_Code/Vector_Table.o

.igot.plt       0x0000d314        0x0
 .igot.plt      0x0000d314        0x0 ./Project_Settings/Startup_Code/Vector_Table.o

.rel.dyn        0x0000d314        0x0
 .rel.iplt      0x0000d314        0x0 ./Project_Settings/Startup_Code/Vector_Table.o
                0x0000d314                . = ALIGN (0x4)
                [!provide]                PROVIDE (__exidx_start = .)

.ARM.exidx
 *(.ARM.exidx* .gnu.linkonce.armexidx.*)
                0x0000d314                . = ALIGN (0x4)
                [!provide]                PROVIDE (__exidx_end = .)

.ARM.extab      0x1fff8100        0x0
 *(.ARM.extab*)
                0x1fff8100                . = ALIGN (0x4)

.sram_interrupts
                0x1fff8100      0xa10
                0x1fff8800                . = ALIGN (0x800)
 *fill*         0x1fff8100      0x700 
                0x1fff8800                __interrupts_ram_start = .
                0x1fff8b10                . = (. + (__interrupts_rom_end - __interrupts_rom_start))
 *fill*         0x1fff8800      0x310 
                0x1fff8b10                . = ALIGN (0x4)
                0x1fff8b10                __interrupts_ram_end = .

.sram_data      0x1fff8b10       0xe8 load address 0x0000d314
                0x1fff8b10                . = ALIGN (0x4)
                0x1fff8b10                __data_ram_start = .
 *(.ramcode)
                0x1fff8b10                . = ALIGN (0x4)
 *(.data)
 .data          0x1fff8b10        0x0 ./Project_Settings/Startup_Code/Vector_Table.o
 .data          0x1fff8b10        0x0 ./Project_Settings/Startup_Code/exceptions.o
 .data          0x1fff8b10        0x0 ./Project_Settings/Startup_Code/nvic.o
 .data          0x1fff8b10        0x0 ./Project_Settings/Startup_Code/startup.o
 .data          0x1fff8b10        0x0 ./Project_Settings/Startup_Code/startup_cm4.o
 .data          0x1fff8b10        0x0 ./Project_Settings/Startup_Code/system.o
 .data          0x1fff8b10        0x0 ./RTD/src/Adc.o
 .data          0x1fff8b10        0x0 ./RTD/src/Adc_Ip.o
 .data          0x1fff8b10        0x0 ./RTD/src/Adc_Ip_Irq.o
 .data          0x1fff8b10        0x0 ./RTD/src/Adc_Ipw.o
 .data          0x1fff8b10        0x0 ./RTD/src/Adc_Ipw_Irq.o
 .data          0x1fff8b10        0x4 ./RTD/src/Clock_Ip.o
 .data          0x1fff8b14        0x0 ./RTD/src/Clock_Ip_Data.o
 .data          0x1fff8b14        0x0 ./RTD/src/Clock_Ip_Divider.o
 .data          0x1fff8b14        0x0 ./RTD/src/Clock_Ip_DividerTrigger.o
 .data          0x1fff8b14        0x0 ./RTD/src/Clock_Ip_ExtOsc.o
 .data          0x1fff8b14        0x0 ./RTD/src/Clock_Ip_FracDiv.o
 .data          0x1fff8b14        0x0 ./RTD/src/Clock_Ip_Frequency.o
 .data          0x1fff8b14        0x0 ./RTD/src/Clock_Ip_Gate.o
 .data          0x1fff8b14        0x0 ./RTD/src/Clock_Ip_IntOsc.o
 .data          0x1fff8b14        0x0 ./RTD/src/Clock_Ip_Irq.o
 .data          0x1fff8b14        0x0 ./RTD/src/Clock_Ip_Monitor.o
 .data          0x1fff8b14        0x0 ./RTD/src/Clock_Ip_Pll.o
 .data          0x1fff8b14        0x0 ./RTD/src/Clock_Ip_ProgFreqSwitch.o
 .data          0x1fff8b14        0x0 ./RTD/src/Clock_Ip_Selector.o
 .data          0x1fff8b14        0x0 ./RTD/src/Clock_Ip_Specific.o
 .data          0x1fff8b14        0x0 ./RTD/src/Det.o
 .data          0x1fff8b14        0x0 ./RTD/src/Dio.o
 .data          0x1fff8b14        0x0 ./RTD/src/Dio_Ipw.o
 .data          0x1fff8b14        0x0 ./RTD/src/Ftm_Gpt_Ip.o
 .data          0x1fff8b14        0x0 ./RTD/src/Gpio_Dio_Ip.o
 .data          0x1fff8b14        0x0 ./RTD/src/Gpt.o
 .data          0x1fff8b14        0x0 ./RTD/src/Gpt_Ipw.o
 .data          0x1fff8b14        0x0 ./RTD/src/IntCtrl_Ip.o
 .data          0x1fff8b14        0x0 ./RTD/src/LPit_Gpt_Ip.o
 .data          0x1fff8b14        0x0 ./RTD/src/Lptmr_Gpt_Ip.o
 .data          0x1fff8b14        0x0 ./RTD/src/Mcu.o
 .data          0x1fff8b14        0x0 ./RTD/src/Mcu_Dem_Wrapper.o
 .data          0x1fff8b14        0x0 ./RTD/src/Mcu_Ipw.o
 .data          0x1fff8b14        0x0 ./RTD/src/Mcu_Ipw_Irq.o
 .data          0x1fff8b14        0x0 ./RTD/src/Mpu_Ip.o
 .data          0x1fff8b14        0x0 ./RTD/src/OsIf_Interrupts.o
 .data          0x1fff8b14        0x0 ./RTD/src/OsIf_Timer.o
 .data          0x1fff8b14        0x0 ./RTD/src/OsIf_Timer_System.o
 .data          0x1fff8b14        0x0 ./RTD/src/OsIf_Timer_System_Internal_Systick.o
 .data          0x1fff8b14        0x0 ./RTD/src/Pdb_Adc_Ip.o
 .data          0x1fff8b14        0x0 ./RTD/src/Pdb_Adc_Ip_Irq.o
 .data          0x1fff8b14        0x0 ./RTD/src/Platform.o
 .data          0x1fff8b14        0x0 ./RTD/src/Platform_Ipw.o
 .data          0x1fff8b14        0x0 ./RTD/src/Port.o
 .data          0x1fff8b14        0x0 ./RTD/src/Port_Ci_Port_Ip.o
 .data          0x1fff8b14        0x0 ./RTD/src/Port_Ipw.o
 .data          0x1fff8b14        0x0 ./RTD/src/Power_Ip.o
 .data          0x1fff8b14        0x0 ./RTD/src/Power_Ip_AEC.o
 .data          0x1fff8b14        0x0 ./RTD/src/Power_Ip_CortexM4.o
 .data          0x1fff8b14        0x0 ./RTD/src/Power_Ip_PMC.o
 .data          0x1fff8b14        0x0 ./RTD/src/Power_Ip_PMC_Irq.o
 .data          0x1fff8b14        0x0 ./RTD/src/Power_Ip_Private.o
 .data          0x1fff8b14        0x0 ./RTD/src/Power_Ip_RCM.o
 .data          0x1fff8b14        0x0 ./RTD/src/Power_Ip_RCM_Irq.o
 .data          0x1fff8b14        0x0 ./RTD/src/Power_Ip_SIM.o
 .data          0x1fff8b14        0x0 ./RTD/src/Power_Ip_SMC.o
 .data          0x1fff8b14        0x0 ./RTD/src/Ram_Ip.o
 .data          0x1fff8b14        0x0 ./RTD/src/SRtc_Ip.o
 .data          0x1fff8b14        0x0 ./RTD/src/SchM_Adc.o
 .data          0x1fff8b14        0x0 ./RTD/src/SchM_Dio.o
 .data          0x1fff8b14        0x0 ./RTD/src/SchM_Gpt.o
 .data          0x1fff8b14        0x0 ./RTD/src/SchM_Mcu.o
 .data          0x1fff8b14        0x0 ./RTD/src/SchM_Platform.o
 .data          0x1fff8b14        0x0 ./RTD/src/SchM_Port.o
 .data          0x1fff8b14        0x0 ./RTD/src/System_Ip.o
 .data          0x1fff8b14        0x0 ./board/Port_Ci_Port_Ip_Cfg.o
 .data          0x1fff8b14        0x0 ./generate/src/Adc_Cfg.o
 .data          0x1fff8b14        0x0 ./generate/src/Adc_Ip_PBcfg.o
 .data          0x1fff8b14        0x0 ./generate/src/Adc_Ipw_PBcfg.o
 .data          0x1fff8b14        0x0 ./generate/src/Adc_PBcfg.o
 .data          0x1fff8b14        0x0 ./generate/src/Clock_Ip_Cfg.o
 .data          0x1fff8b14        0x0 ./generate/src/Clock_Ip_PBcfg.o
 .data          0x1fff8b14        0x0 ./generate/src/Dio_Cfg.o
 .data          0x1fff8b14        0x0 ./generate/src/Ftm_Gpt_Ip_PBcfg.o
 .data          0x1fff8b14        0x0 ./generate/src/Gpt_Cfg.o
 .data          0x1fff8b14       0x40 ./generate/src/Gpt_Ipw_PBcfg.o
                0x1fff8b14                Gpt_Ipw_ChannelConfig_PB
                0x1fff8b44                Gpt_Ipw_HwInstanceConfig_PB
 .data          0x1fff8b54        0x0 ./generate/src/Gpt_PBcfg.o
 .data          0x1fff8b54        0x0 ./generate/src/IntCtrl_Ip_Cfg.o
 .data          0x1fff8b54        0x0 ./generate/src/LPit_Gpt_Ip_PBcfg.o
 .data          0x1fff8b54        0x0 ./generate/src/Lptmr_Gpt_Ip_PBcfg.o
 .data          0x1fff8b54        0x0 ./generate/src/Mcu_Cfg.o
 .data          0x1fff8b54        0x0 ./generate/src/Mcu_PBcfg.o
 .data          0x1fff8b54        0x0 ./generate/src/Mpu_Ip_Cfg.o
 .data          0x1fff8b54        0x0 ./generate/src/OsIf_Cfg.o
 .data          0x1fff8b54        0x0 ./generate/src/Pdb_Adc_Ip_PBcfg.o
 .data          0x1fff8b54        0x0 ./generate/src/Platform_Cfg.o
 .data          0x1fff8b54        0x0 ./generate/src/Platform_Ipw_Cfg.o
 .data          0x1fff8b54        0x0 ./generate/src/Port_Cfg.o
 .data          0x1fff8b54        0x0 ./generate/src/Port_Ci_Port_Ip_PBcfg.o
 .data          0x1fff8b54        0x0 ./generate/src/Port_PBcfg.o
 .data          0x1fff8b54        0x0 ./generate/src/Power_Ip_Cfg.o
 .data          0x1fff8b54        0x0 ./generate/src/Power_Ip_PBcfg.o
 .data          0x1fff8b54        0x0 ./generate/src/Ram_Ip_Cfg.o
 .data          0x1fff8b54        0x0 ./generate/src/Ram_Ip_PBcfg.o
 .data          0x1fff8b54        0x0 ./generate/src/SRtc_Ip_PBcfg.o
 .data          0x1fff8b54        0x0 ./src/Application.o
 .data          0x1fff8b54        0x2 ./src/BSW_CDD_UART/CDD_UARTManager.o
 .data          0x1fff8b56        0x0 ./src/BSW_CDD_UART/CDD_UARTManager_Queue.o
 .data          0x1fff8b56        0x0 ./src/BSW_CDD_UART/HAL_S32K144_LPUART.o
 .data          0x1fff8b56        0x0 ./src/RTE/RTE.o
 .data          0x1fff8b56        0x0 ./src/SWC/SWC_Actuator_LedController.o
 .data          0x1fff8b56        0x0 ./src/SWC/SWC_Color_Controller.o
 .data          0x1fff8b56        0x0 ./src/SWC/SWC_Override_Color.o
 .data          0x1fff8b56        0x0 ./src/SWC/SWC_SensorPotentiometer.o
 .data          0x1fff8b56        0x2 ./src/SWC/SWC_SystemInit.o
 .data          0x1fff8b58       0x52 ./src/SWC/SWC_TaskManager.o
 .data          0x1fff8baa        0x0 c:/nxp/s32ds.3.5/s32ds/build_tools/gcc_v10.2/gcc-10.2-arm32-eabi/bin/../lib/gcc/arm-none-eabi/10.2.0/../../../../arm-none-eabi/lib/thumb/v7e-m+fp/hard\libc_nano.a(lib_a-memcpy-stub.o)
 .data          0x1fff8baa        0x0 c:/nxp/s32ds.3.5/s32ds/build_tools/gcc_v10.2/gcc-10.2-arm32-eabi/bin/../lib/gcc/arm-none-eabi/10.2.0/../../../../arm-none-eabi/lib/thumb/v7e-m+fp/hard\libc_nano.a(lib_a-memset.o)
 *(.data*)
                0x1fff8bac                . = ALIGN (0x4)
 *fill*         0x1fff8baa        0x2 
 *(.mcal_data)
 .mcal_data     0x1fff8bac        0x1 ./RTD/src/Clock_Ip.o